Archive member included to satisfy reference by file (symbol)

D:/STM32CubeIDE_2.1.0/STM32CubeIDE/plugins/com.st.stm32cube.ide.mcu.externaltools.gnu-tools-for-stm32.14.3.rel1.win32_1.0.100.202602081740/tools/bin/../lib/gcc/arm-none-eabi/14.2.1/thumb/v7e-m+dp/hard\libc_nano.a(libc_a-exit.o)
                              D:/STM32CubeIDE_2.1.0/STM32CubeIDE/plugins/com.st.stm32cube.ide.mcu.externaltools.gnu-tools-for-stm32.14.3.rel1.win32_1.0.100.202602081740/tools/bin/../lib/gcc/arm-none-eabi/14.2.1/thumb/v7e-m+dp/hard/crt0.o (exit)
D:/STM32CubeIDE_2.1.0/STM32CubeIDE/plugins/com.st.stm32cube.ide.mcu.externaltools.gnu-tools-for-stm32.14.3.rel1.win32_1.0.100.202602081740/tools/bin/../lib/gcc/arm-none-eabi/14.2.1/thumb/v7e-m+dp/hard\libc_nano.a(libc_a-strtod.o)
                              C:\Users\HCRXc\Desktop\stm32h743-4tof-safety-bridge-main\firmware\h743_tof_usb_bridge_cubeide\build\Release\obj\Core\Src\main.o (strtof)
D:/STM32CubeIDE_2.1.0/STM32CubeIDE/plugins/com.st.stm32cube.ide.mcu.externaltools.gnu-tools-for-stm32.14.3.rel1.win32_1.0.100.202602081740/tools/bin/../lib/gcc/arm-none-eabi/14.2.1/thumb/v7e-m+dp/hard\libc_nano.a(libc_a-strtoul.o)
                              C:\Users\HCRXc\Desktop\stm32h743-4tof-safety-bridge-main\firmware\h743_tof_usb_bridge_cubeide\build\Release\obj\Core\Src\main.o (strtoul)
D:/STM32CubeIDE_2.1.0/STM32CubeIDE/plugins/com.st.stm32cube.ide.mcu.externaltools.gnu-tools-for-stm32.14.3.rel1.win32_1.0.100.202602081740/tools/bin/../lib/gcc/arm-none-eabi/14.2.1/thumb/v7e-m+dp/hard\libc_nano.a(libc_a-ctype_.o)
                              D:/STM32CubeIDE_2.1.0/STM32CubeIDE/plugins/com.st.stm32cube.ide.mcu.externaltools.gnu-tools-for-stm32.14.3.rel1.win32_1.0.100.202602081740/tools/bin/../lib/gcc/arm-none-eabi/14.2.1/thumb/v7e-m+dp/hard\libc_nano.a(libc_a-strtoul.o) (_ctype_)
D:/STM32CubeIDE_2.1.0/STM32CubeIDE/plugins/com.st.stm32cube.ide.mcu.externaltools.gnu-tools-for-stm32.14.3.rel1.win32_1.0.100.202602081740/tools/bin/../lib/gcc/arm-none-eabi/14.2.1/thumb/v7e-m+dp/hard\libc_nano.a(libc_a-findfp.o)
                              D:/STM32CubeIDE_2.1.0/STM32CubeIDE/plugins/com.st.stm32cube.ide.mcu.externaltools.gnu-tools-for-stm32.14.3.rel1.win32_1.0.100.202602081740/tools/bin/../lib/gcc/arm-none-eabi/14.2.1/thumb/v7e-m+dp/hard\libc_nano.a(libc_a-exit.o) (__stdio_exit_handler)
D:/STM32CubeIDE_2.1.0/STM32CubeIDE/plugins/com.st.stm32cube.ide.mcu.externaltools.gnu-tools-for-stm32.14.3.rel1.win32_1.0.100.202602081740/tools/bin/../lib/gcc/arm-none-eabi/14.2.1/thumb/v7e-m+dp/hard\libc_nano.a(libc_a-fwalk.o)
                              D:/STM32CubeIDE_2.1.0/STM32CubeIDE/plugins/com.st.stm32cube.ide.mcu.externaltools.gnu-tools-for-stm32.14.3.rel1.win32_1.0.100.202602081740/tools/bin/../lib/gcc/arm-none-eabi/14.2.1/thumb/v7e-m+dp/hard\libc_nano.a(libc_a-findfp.o) (_fwalk_sglue)
D:/STM32CubeIDE_2.1.0/STM32CubeIDE/plugins/com.st.stm32cube.ide.mcu.externaltools.gnu-tools-for-stm32.14.3.rel1.win32_1.0.100.202602081740/tools/bin/../lib/gcc/arm-none-eabi/14.2.1/thumb/v7e-m+dp/hard\libc_nano.a(libc_a-snprintf.o)
                              C:\Users\HCRXc\Desktop\stm32h743-4tof-safety-bridge-main\firmware\h743_tof_usb_bridge_cubeide\build\Release\obj\Core\Src\main.o (snprintf)
D:/STM32CubeIDE_2.1.0/STM32CubeIDE/plugins/com.st.stm32cube.ide.mcu.externaltools.gnu-tools-for-stm32.14.3.rel1.win32_1.0.100.202602081740/tools/bin/../lib/gcc/arm-none-eabi/14.2.1/thumb/v7e-m+dp/hard\libc_nano.a(libc_a-sscanf.o)
                              C:\Users\HCRXc\Desktop\stm32h743-4tof-safety-bridge-main\firmware\h743_tof_usb_bridge_cubeide\build\Release\obj\Core\Src\main.o (sscanf)
D:/STM32CubeIDE_2.1.0/STM32CubeIDE/plugins/com.st.stm32cube.ide.mcu.externaltools.gnu-tools-for-stm32.14.3.rel1.win32_1.0.100.202602081740/tools/bin/../lib/gcc/arm-none-eabi/14.2.1/thumb/v7e-m+dp/hard\libc_nano.a(libc_a-stdio.o)
                              D:/STM32CubeIDE_2.1.0/STM32CubeIDE/plugins/com.st.stm32cube.ide.mcu.externaltools.gnu-tools-for-stm32.14.3.rel1.win32_1.0.100.202602081740/tools/bin/../lib/gcc/arm-none-eabi/14.2.1/thumb/v7e-m+dp/hard\libc_nano.a(libc_a-findfp.o) (__sread)
D:/STM32CubeIDE_2.1.0/STM32CubeIDE/plugins/com.st.stm32cube.ide.mcu.externaltools.gnu-tools-for-stm32.14.3.rel1.win32_1.0.100.202602081740/tools/bin/../lib/gcc/arm-none-eabi/14.2.1/thumb/v7e-m+dp/hard\libc_nano.a(libc_a-vsnprintf.o)
                              C:\Users\HCRXc\Desktop\stm32h743-4tof-safety-bridge-main\firmware\h743_tof_usb_bridge_cubeide\build\Release\obj\USB_DEVICE\App\usbd_cdc_if.o (vsnprintf)
D:/STM32CubeIDE_2.1.0/STM32CubeIDE/plugins/com.st.stm32cube.ide.mcu.externaltools.gnu-tools-for-stm32.14.3.rel1.win32_1.0.100.202602081740/tools/bin/../lib/gcc/arm-none-eabi/14.2.1/thumb/v7e-m+dp/hard\libc_nano.a(libc_a-memset.o)
[...]
Memory Configuration

Name             Origin             Length             Attributes
FLASH            0x08000000         0x001e0000         xr
NVCFG            0x081e0000         0x00020000         xr
DTCMRAM          0x20000000         0x00020000         xrw
RAM_D1           0x24000000         0x00080000         xrw
RAM_D2           0x30000000         0x00048000         xrw
RAM_D3           0x38000000         0x00010000         xrw
ITCMRAM          0x00000000         0x00010000         xrw
*default*        0x00000000         0xffffffff

Linker script and memory map

LOAD D:/STM32CubeIDE_2.1.0/STM32CubeIDE/plugins/com.st.stm32cube.ide.mcu.externaltools.gnu-tools-for-stm32.14.3.rel1.win32_1.0.100.202602081740/tools/bin/../lib/gcc/arm-none-eabi/14.2.1/thumb/v7e-m+dp/hard/crti.o
LOAD D:/STM32CubeIDE_2.1.0/STM32CubeIDE/plugins/com.st.stm32cube.ide.mcu.externaltools.gnu-tools-for-stm32.14.3.rel1.win32_1.0.100.202602081740/tools/bin/../lib/gcc/arm-none-eabi/14.2.1/thumb/v7e-m+dp/hard/crtbegin.o
LOAD D:/STM32CubeIDE_2.1.0/STM32CubeIDE/plugins/com.st.stm32cube.ide.mcu.externaltools.gnu-tools-for-stm32.14.3.rel1.win32_1.0.100.202602081740/tools/bin/../lib/gcc/arm-none-eabi/14.2.1/thumb/v7e-m+dp/hard/crt0.o
LOAD C:\Users\HCRXc\Desktop\stm32h743-4tof-safety-bridge-main\firmware\h743_tof_usb_bridge_cubeide\build\Release\obj\Core\Src\main.o
LOAD C:\Users\HCRXc\Desktop\stm32h743-4tof-safety-bridge-main\firmware\h743_tof_usb_bridge_cubeide\build\Release\obj\Core\Src\stm32h7xx_hal_msp.o
LOAD C:\Users\HCRXc\Desktop\stm32h743-4tof-safety-bridge-main\firmware\h743_tof_usb_bridge_cubeide\build\Release\obj\Core\Src\stm32h7xx_it.o
LOAD C:\Users\HCRXc\Desktop\stm32h743-4tof-safety-bridge-main\firmware\h743_tof_usb_bridge_cubeide\build\Release\obj\Core\Src\syscalls.o
LOAD C:\Users\HCRXc\Desktop\stm32h743-4tof-safety-bridge-main\firmware\h743_tof_usb_bridge_cubeide\build\Release\obj\Core\Src\sysmem.o
LOAD C:\Users\HCRXc\Desktop\stm32h743-4tof-safety-bridge-main\firmware\h743_tof_usb_bridge_cubeide\build\Release\obj\Core\Src\system_stm32h7xx.o
LOAD C:\Users\HCRXc\Desktop\stm32h743-4tof-safety-bridge-main\firmware\h743_tof_usb_bridge_cubeide\build\Release\obj\Drivers\User\Src\led.o
LOAD C:\Users\HCRXc\Desktop\stm32h743-4tof-safety-bridge-main\firmware\h743_tof_usb_bridge_cubeide\build\Release\obj\USB_DEVICE\App\usb_device.o
LOAD C:\Users\HCRXc\Desktop\stm32h743-4tof-safety-bridge-main\firmware\h743_tof_usb_bridge_cubeide\build\Release\obj\USB_DEVICE\App\usbd_cdc_if.o
LOAD C:\Users\HCRXc\Desktop\stm32h743-4tof-safety-bridge-main\firmware\h743_tof_usb_bridge_cubeide\build\Release\obj\USB_DEVICE\App\usbd_desc.o
LOAD C:\Users\HCRXc\Desktop\stm32h743-4tof-safety-bridge-main\firmware\h743_tof_usb_bridge_cubeide\build\Release\obj\USB_DEVICE\Target\usbd_conf.o
LOAD C:\Users\HCRXc\Desktop\stm32h743-4tof-safety-bridge-main\firmware\h743_tof_usb_bridge_cubeide\build\Release\obj\Drivers\STM32H7xx_HAL_Driver\Src\stm32h7xx_hal.o
LOAD C:\Users\HCRXc\Desktop\stm32h743-4tof-safety-bridge-main\firmware\h743_tof_usb_bridge_cubeide\build\Release\obj\Drivers\STM32H7xx_HAL_Driver\Src\stm32h7xx_hal_cortex.o
LOAD C:\Users\HCRXc\Desktop\stm32h743-4tof-safety-bridge-main\firmware\h743_tof_usb_bridge_cubeide\build\Release\obj\Drivers\STM32H7xx_HAL_Driver\Src\stm32h7xx_hal_dma.o
LOAD C:\Users\HCRXc\Desktop\stm32h743-4tof-safety-bridge-main\firmware\h743_tof_usb_bridge_cubeide\build\Release\obj\Drivers\STM32H7xx_HAL_Driver\Src\stm32h7xx_hal_dma_ex.o
LOAD C:\Users\HCRXc\Desktop\stm32h743-4tof-safety-bridge-main\firmware\h743_tof_usb_bridge_cubeide\build\Release\obj\Drivers\STM32H7xx_HAL_Driver\Src\stm32h7xx_hal_exti.o
LOAD C:\Users\HCRXc\Desktop\stm32h743-4tof-safety-bridge-main\firmware\h743_tof_usb_bridge_cubeide\build\Release\obj\Drivers\STM32H7xx_HAL_Driver\Src\stm32h7xx_hal_flash.o
LOAD C:\Users\HCRXc\Desktop\stm32h743-4tof-safety-bridge-main\firmware\h743_tof_usb_bridge_cubeide\build\Release\obj\Drivers\STM32H7xx_HAL_Driver\Src\stm32h7xx_hal_flash_ex.o
LOAD C:\Users\HCRXc\Desktop\stm32h743-4tof-safety-bridge-main\firmware\h743_tof_usb_bridge_cubeide\build\Release\obj\Drivers\STM32H7xx_HAL_Driver\Src\stm32h7xx_hal_gpio.o
LOAD C:\Users\HCRXc\Desktop\stm32h743-4tof-safety-bridge-main\firmware\h743_tof_usb_bridge_cubeide\build\Release\obj\Drivers\STM32H7xx_HAL_Driver\Src\stm32h7xx_hal_hsem.o
LOAD C:\Users\HCRXc\Desktop\stm32h743-4tof-safety-bridge-main\firmware\h743_tof_usb_bridge_cubeide\build\Release\obj\Drivers\STM32H7xx_HAL_Driver\Src\stm32h7xx_hal_i2c.o
LOAD C:\Users\HCRXc\Desktop\stm32h743-4tof-safety-bridge-main\firmware\h743_tof_usb_bridge_cubeide\build\Release\obj\Drivers\STM32H7xx_HAL_Driver\Src\stm32h7xx_hal_i2c_ex.o
LOAD C:\Users\HCRXc\Desktop\stm32h743-4tof-safety-bridge-main\firmware\h743_tof_usb_bridge_cubeide\build\Release\obj\Drivers\STM32H7xx_HAL_Driver\Src\stm32h7xx_hal_mdma.o
LOAD C:\Users\HCRXc\Desktop\stm32h743-4tof-safety-bridge-main\firmware\h743_tof_usb_bridge_cubeide\build\Release\obj\Drivers\STM32H7xx_HAL_Driver\Src\stm32h7xx_hal_pcd.o
LOAD C:\Users\HCRXc\Desktop\stm32h743-4tof-safety-bridge-main\firmware\h743_tof_usb_bridge_cubeide\build\Release\obj\Drivers\STM32H7xx_HAL_Driver\Src\stm32h7xx_hal_pcd_ex.o
LOAD C:\Users\HCRXc\Desktop\stm32h743-4tof-safety-bridge-main\firmware\h743_tof_usb_bridge_cubeide\build\Release\obj\Drivers\STM32H7xx_HAL_Driver\Src\stm32h7xx_hal_pwr.o
LOAD C:\Users\HCRXc\Desktop\stm32h743-4tof-safety-bridge-main\firmware\h743_tof_usb_bridge_cubeide\build\Release\obj\Drivers\STM32H7xx_HAL_Driver\Src\stm32h7xx_hal_pwr_ex.o
LOAD C:\Users\HCRXc\Desktop\stm32h743-4tof-safety-bridge-main\firmware\h743_tof_usb_bridge_cubeide\build\Release\obj\Drivers\STM32H7xx_HAL_Driver\Src\stm32h7xx_hal_rcc.o
LOAD C:\Users\HCRXc\Desktop\stm32h743-4tof-safety-bridge-main\firmware\h743_tof_usb_bridge_cubeide\build\Release\obj\Drivers\STM32H7xx_HAL_Driver\Src\stm32h7xx_hal_rcc_ex.o
LOAD C:\Users\HCRXc\Desktop\stm32h743-4tof-safety-bridge-main\firmware\h743_tof_usb_bridge_cubeide\build\Release\obj\Drivers\STM32H7xx_HAL_Driver\Src\stm32h7xx_hal_tim.o
LOAD C:\Users\HCRXc\Desktop\stm32h743-4tof-safety-bridge-main\firmware\h743_tof_usb_bridge_cubeide\build\Release\obj\Drivers\STM32H7xx_HAL_Driver\Src\stm32h7xx_hal_tim_ex.o
LOAD C:\Users\HCRXc\Desktop\stm32h743-4tof-safety-bridge-main\firmware\h743_tof_usb_bridge_cubeide\build\Release\obj\Drivers\STM32H7xx_HAL_Driver\Src\stm32h7xx_hal_uart.o
LOAD C:\Users\HCRXc\Desktop\stm32h743-4tof-safety-bridge-main\firmware\h743_tof_usb_bridge_cubeide\build\Release\obj\Drivers\STM32H7xx_HAL_Driver\Src\stm32h7xx_hal_uart_ex.o
LOAD C:\Users\HCRXc\Desktop\stm32h743-4tof-safety-bridge-main\firmware\h743_tof_usb_bridge_cubeide\build\Release\obj\Drivers\STM32H7xx_HAL_Driver\Src\stm32h7xx_ll_usb.o
LOAD C:\Users\HCRXc\Desktop\stm32h743-4tof-safety-bridge-main\firmware\h743_tof_usb_bridge_cubeide\build\Release\obj\Middlewares\ST\STM32_USB_Device_Library\Core\Src\usbd_core.o
LOAD C:\Users\HCRXc\Desktop\stm32h743-4tof-safety-bridge-main\firmware\h743_tof_usb_bridge_cubeide\build\Release\obj\Middlewares\ST\STM32_USB_Device_Library\Core\Src\usbd_ctlreq.o
LOAD C:\Users\HCRXc\Desktop\stm32h743-4tof-safety-bridge-main\firmware\h743_tof_usb_bridge_cubeide\build\Release\obj\Middlewares\ST\STM32_USB_Device_Library\Core\Src\usbd_ioreq.o
LOAD C:\Users\HCRXc\Desktop\stm32h743-4tof-safety-bridge-main\firmware\h743_tof_usb_bridge_cubeide\build\Release\obj\Middlewares\ST\STM32_USB_Device_Library\Class\CDC\Src\usbd_cdc.o
LOAD C:\Users\HCRXc\Desktop\stm32h743-4tof-safety-bridge-main\firmware\h743_tof_usb_bridge_cubeide\build\Release\obj\Startup\startup_stm32h743zitx.o
START GROUP
LOAD D:/STM32CubeIDE_2.1.0/STM32CubeIDE/plugins/com.st.stm32cube.ide.mcu.externaltools.gnu-tools-for-stm32.14.3.rel1.win32_1.0.100.202602081740/tools/bin/../lib/gcc/arm-none-eabi/14.2.1/thumb/v7e-m+dp/hard\libc_nano.a
LOAD D:/STM32CubeIDE_2.1.0/STM32CubeIDE/plugins/com.st.stm32cube.ide.mcu.externaltools.gnu-tools-for-stm32.14.3.rel1.win32_1.0.100.202602081740/tools/bin/../lib/gcc/arm-none-eabi/14.2.1/thumb/v7e-m+dp/hard\libm.a
END GROUP
START GROUP
LOAD D:/STM32CubeIDE_2.1.0/STM32CubeIDE/plugins/com.st.stm32cube.ide.mcu.externaltools.gnu-tools-for-stm32.14.3.rel1.win32_1.0.100.202602081740/tools/bin/../lib/gcc/arm-none-eabi/14.2.1/thumb/v7e-m+dp/hard\libgcc.a
LOAD D:/STM32CubeIDE_2.1.0/STM32CubeIDE/plugins/com.st.stm32cube.ide.mcu.externaltools.gnu-tools-for-stm32.14.3.rel1.win32_1.0.100.202602081740/tools/bin/../lib/gcc/arm-none-eabi/14.2.1/thumb/v7e-m+dp/hard\libg_nano.a
LOAD D:/STM32CubeIDE_2.1.0/STM32CubeIDE/plugins/com.st.stm32cube.ide.mcu.externaltools.gnu-tools-for-stm32.14.3.rel1.win32_1.0.100.202602081740/tools/bin/../lib/gcc/arm-none-eabi/14.2.1/thumb/v7e-m+dp/hard\libc_nano.a
END GROUP
START GROUP
LOAD D:/STM32CubeIDE_2.1.0/STM32CubeIDE/plugins/com.st.stm32cube.ide.mcu.externaltools.gnu-tools-for-stm32.14.3.rel1.win32_1.0.100.202602081740/tools/bin/../lib/gcc/arm-none-eabi/14.2.1/thumb/v7e-m+dp/hard\libgcc.a
LOAD D:/STM32CubeIDE_2.1.0/STM32CubeIDE/plugins/com.st.stm32cube.ide.mcu.externaltools.gnu-tools-for-stm32.14.3.rel1.win32_1.0.100.202602081740/tools/bin/../lib/gcc/arm-none-eabi/14.2.1/thumb/v7e-m+dp/hard\libc_nano.a
LOAD D:/STM32CubeIDE_2.1.0/STM32CubeIDE/plugins/com.st.stm32cube.ide.mcu.externaltools.gnu-tools-for-stm32.14.3.rel1.win32_1.0.100.202602081740/tools/bin/../lib/gcc/arm-none-eabi/14.2.1/thumb/v7e-m+dp/hard\libnosys.a
END GROUP
START GROUP
LOAD D:/STM32CubeIDE_2.1.0/STM32CubeIDE/plugins/com.st.stm32cube.ide.mcu.externaltools.gnu-tools-for-stm32.14.3.rel1.win32_1.0.100.202602081740/tools/bin/../lib/gcc/arm-none-eabi/14.2.1/thumb/v7e-m+dp/hard\libgcc.a
LOAD D:/STM32CubeIDE_2.1.0/STM32CubeIDE/plugins/com.st.stm32cube.ide.mcu.externaltools.gnu-tools-for-stm32.14.3.rel1.win32_1.0.100.202602081740/tools/bin/../lib/gcc/arm-none-eabi/14.2.1/thumb/v7e-m+dp/hard\libc_nano.a
LOAD D:/STM32CubeIDE_2.1.0/STM32CubeIDE/plugins/com.st.stm32cube.ide.mcu.externaltools.gnu-tools-for-stm32.14.3.rel1.win32_1.0.100.202602081740/tools/bin/../lib/gcc/arm-none-eabi/14.2.1/thumb/v7e-m+dp/hard\libnosys.a
END GROUP
LOAD D:/STM32CubeIDE_2.1.0/STM32CubeIDE/plugins/com.st.stm32cube.ide.mcu.externaltools.gnu-tools-for-stm32.14.3.rel1.win32_1.0.100.202602081740/tools/bin/../lib/gcc/arm-none-eabi/14.2.1/thumb/v7e-m+dp/hard/crtend.o
LOAD D:/STM32CubeIDE_2.1.0/STM32CubeIDE/plugins/com.st.stm32cube.ide.mcu.externaltools.gnu-tools-for-stm32.14.3.rel1.win32_1.0.100.202602081740/tools/bin/../lib/gcc/arm-none-eabi/14.2.1/thumb/v7e-m+dp/hard/crtn.o
                0x24080000                        _estack = (ORIGIN (RAM_D1) + LENGTH (RAM_D1))
                0x00000200                        _Min_Heap_Size = 0x200
                0x00000400                        _Min_Stack_Size = 0x400

.isr_vector     0x08000000      0x298
                0x08000000                        . = ALIGN (0x4)
 *(.isr_vector)
 .isr_vector    0x08000000      0x298 C:\Users\HCRXc\Desktop\stm32h743-4tof-safety-bridge-main\firmware\h743_tof_usb_bridge_cubeide\build\Release\obj\Startup\startup_stm32h743zitx.o
                0x08000000                g_pfnVectors
                0x08000298                        . = ALIGN (0x4)

.text           0x080002a0     0xb438
                0x080002a0                        . = ALIGN (0x4)
 *(.text)
 .text          0x080002a0       0x10 D:/STM32CubeIDE_2.1.0/STM32CubeIDE/plugins/com.st.stm32cube.ide.mcu.externaltools.gnu-tools-for-stm32.14.3.rel1.win32_1.0.100.202602081740/tools/bin/../lib/gcc/arm-none-eabi/14.2.1/thumb/v7e-m+dp/hard\libc_nano.a(libc_a-strlen.o)
                0x080002a0                strlen
 .text          0x080002b0       0xa0 D:/STM32CubeIDE_2.1.0/STM32CubeIDE/plugins/com.st.stm32cube.ide.mcu.externaltools.gnu-tools-for-stm32.14.3.rel1.win32_1.0.100.202602081740/tools/bin/../lib/gcc/arm-none-eabi/14.2.1/thumb/v7e-m+dp/hard\libc_nano.a(libc_a-memchr.o)
                0x080002b0                memchr
 .text          0x08000350      0x378 D:/STM32CubeIDE_2.1.0/STM32CubeIDE/plugins/com.st.stm32cube.ide.mcu.externaltools.gnu-tools-for-stm32.14.3.rel1.win32_1.0.100.202602081740/tools/bin/../lib/gcc/arm-none-eabi/14.2.1/thumb/v7e-m+dp/hard\libgcc.a(_arm_addsubdf3.o)
                0x08000350                __aeabi_drsub
                0x08000358                __aeabi_dsub
                0x08000358                __subdf3
                0x0800035c                __aeabi_dadd
                0x0800035c                __adddf3
                0x080005d4                __floatunsidf
                0x080005d4                __aeabi_ui2d
                0x080005f4                __floatsidf
                0x080005f4                __aeabi_i2d
                0x08000618                __aeabi_f2d
                0x08000618                __extendsfdf2
                0x0800065c                __floatundidf
                0x0800065c                __aeabi_ul2d
                0x0800066c                __floatdidf
                0x0800066c                __aeabi_l2d
 .text          0x080006c8       0x30 D:/STM32CubeIDE_2.1.0/STM32CubeIDE/plugins/com.st.stm32cube.ide.mcu.externaltools.gnu-tools-for-stm32.14.3.rel1.win32_1.0.100.202602081740/tools/bin/../lib/gcc/arm-none-eabi/14.2.1/thumb/v7e-m+dp/hard\libgcc.a(_aeabi_uldivmod.o)
                0x080006c8                __aeabi_uldivmod
 .text          0x080006f8        0x4 D:/STM32CubeIDE_2.1.0/STM32CubeIDE/plugins/com.st.stm32cube.ide.mcu.externaltools.gnu-tools-for-stm32.14.3.rel1.win32_1.0.100.202602081740/tools/bin/../lib/gcc/arm-none-eabi/14.2.1/thumb/v7e-m+dp/hard\libgcc.a(_dvmd_tls.o)
                0x080006f8                __aeabi_idiv0
                0x080006f8                __aeabi_ldiv0
 *(.text*)
 .text.deregister_tm_clones
                0x080006fc       0x1c D:/STM32CubeIDE_2.1.0/STM32CubeIDE/plugins/com.st.stm32cube.ide.mcu.externaltools.gnu-tools-for-stm32.14.3.rel1.win32_1.0.100.202602081740/tools/bin/../lib/gcc/arm-none-eabi/14.2.1/thumb/v7e-m+dp/hard/crtbegin.o
 .text.register_tm_clones
                0x08000718       0x24 D:/STM32CubeIDE_2.1.0/STM32CubeIDE/plugins/com.st.stm32cube.ide.mcu.externaltools.gnu-tools-for-stm32.14.3.rel1.win32_1.0.100.202602081740/tools/bin/../lib/gcc/arm-none-eabi/14.2.1/thumb/v7e-m+dp/hard/crtbegin.o
 .text.__do_global_dtors_aux
                0x0800073c       0x28 D:/STM32CubeIDE_2.1.0/STM32CubeIDE/plugins/com.st.stm32cube.ide.mcu.externaltools.gnu-tools-for-stm32.14.3.rel1.win32_1.0.100.202602081740/tools/bin/../lib/gcc/arm-none-eabi/14.2.1/thumb/v7e-m+dp/hard/crtbegin.o
 .text.frame_dummy
                0x08000764       0x24 D:/STM32CubeIDE_2.1.0/STM32CubeIDE/plugins/com.st.stm32cube.ide.mcu.externaltools.gnu-tools-for-stm32.14.3.rel1.win32_1.0.100.202602081740/tools/bin/../lib/gcc/arm-none-eabi/14.2.1/thumb/v7e-m+dp/hard/crtbegin.o
 .text.APP_DeriveMotionClass
                0x08000788       0x9c C:\Users\HCRXc\Desktop\stm32h743-4tof-safety-bridge-main\firmware\h743_tof_usb_bridge_cubeide\build\Release\obj\Core\Src\main.o
 .text.SystemClock_Config
                0x08000824       0xec C:\Users\HCRXc\Desktop\stm32h743-4tof-safety-bridge-main\firmware\h743_tof_usb_bridge_cubeide\build\Release\obj\Core\Src\main.o
 .text.APP_StartChannelReceive
                0x08000910       0x10 C:\Users\HCRXc\Desktop\stm32h743-4tof-safety-bridge-main\firmware\h743_tof_usb_bridge_cubeide\build\Release\obj\Core\Src\main.o
 .text.APP_TryReadJsonFloat
                0x08000920       0x40 C:\Users\HCRXc\Desktop\stm32h743-4tof-safety-bridge-main\firmware\h743_tof_usb_bridge_cubeide\build\Release\obj\Core\Src\main.o
 .text.APP_Stricmp
                0x08000960       0x32 C:\Users\HCRXc\Desktop\stm32h743-4tof-safety-bridge-main\firmware\h743_tof_usb_bridge_cubeide\build\Release\obj\Core\Src\main.o
 *fill*         0x08000992        0x2 
 .text.APP_ParseControlText
                0x08000994      0x254 C:\Users\HCRXc\Desktop\stm32h743-4tof-safety-bridge-main\firmware\h743_tof_usb_bridge_cubeide\build\Release\obj\Core\Src\main.o
 .text.APP_PersistChecksum.part.0
                0x08000be8       0x34 C:\Users\HCRXc\Desktop\stm32h743-4tof-safety-bridge-main\firmware\h743_tof_usb_bridge_cubeide\build\Release\obj\Core\Src\main.o
 .text.APP_PersistRecordIsValid
                0x08000c1c       0x3c C:\Users\HCRXc\Desktop\stm32h743-4tof-safety-bridge-main\firmware\h743_tof_usb_bridge_cubeide\build\Release\obj\Core\Src\main.o
 .text.APP_InvalidateDCache
                0x08000c58       0x2c C:\Users\HCRXc\Desktop\stm32h743-4tof-safety-bridge-main\firmware\h743_tof_usb_bridge_cubeide\build\Release\obj\Core\Src\main.o
 .text.APP_Trim.part.0
                0x08000c84       0x32 C:\Users\HCRXc\Desktop\stm32h743-4tof-safety-bridge-main\firmware\h743_tof_usb_bridge_cubeide\build\Release\obj\Core\Src\main.o
 .text.APP_UART_CommonInit
                0x08000cb6       0x56 C:\Users\HCRXc\Desktop\stm32h743-4tof-safety-bridge-main\firmware\h743_tof_usb_bridge_cubeide\build\Release\obj\Core\Src\main.o
 .text.APP_TryReadJsonString.part.0.constprop.0
                0x08000d0c       0x4a C:\Users\HCRXc\Desktop\stm32h743-4tof-safety-bridge-main\firmware\h743_tof_usb_bridge_cubeide\build\Release\obj\Core\Src\main.o
 *fill*         0x08000d56        0x2 
 .text.APP_EvaluateSafety.constprop.0
                0x08000d58      0x120 C:\Users\HCRXc\Desktop\stm32h743-4tof-safety-bridge-main\firmware\h743_tof_usb_bridge_cubeide\build\Release\obj\Core\Src\main.o
 .text.APP_ReportFrame
                0x08000e78      0x15c C:\Users\HCRXc\Desktop\stm32h743-4tof-safety-bridge-main\firmware\h743_tof_usb_bridge_cubeide\build\Release\obj\Core\Src\main.o
 .text.startup.main
                0x08000fd4      0x3e4 C:\Users\HCRXc\Desktop\stm32h743-4tof-safety-bridge-main\firmware\h743_tof_usb_bridge_cubeide\build\Release\obj\Core\Src\main.o
                0x08000fd4                main
 .text.APP_ControlInput
                0x080013b8      0x5a0 C:\Users\HCRXc\Desktop\stm32h743-4tof-safety-bridge-main\firmware\h743_tof_usb_bridge_cubeide\build\Release\obj\Core\Src\main.o
                0x080013b8                APP_ControlInput
 .text.HAL_UART_RxCpltCallback
                0x08001958       0xfc C:\Users\HCRXc\Desktop\stm32h743-4tof-safety-bridge-main\firmware\h743_tof_usb_bridge_cubeide\build\Release\obj\Core\Src\main.o
                0x08001958                HAL_UART_RxCpltCallback
 .text.HAL_UART_ErrorCallback
                0x08001a54       0x64 C:\Users\HCRXc\Desktop\stm32h743-4tof-safety-bridge-main\firmware\h743_tof_usb_bridge_cubeide\build\Release\obj\Core\Src\main.o
                0x08001a54                HAL_UART_ErrorCallback
 .text.Error_Handler
                0x08001ab8        0x4 C:\Users\HCRXc\Desktop\stm32h743-4tof-safety-bridge-main\firmware\h743_tof_usb_bridge_cubeide\build\Release\obj\Core\Src\main.o
                0x08001ab8                Error_Handler
 .text.APP_UART_GPIO_Init.constprop.0
                0x08001abc       0x20 C:\Users\HCRXc\Desktop\stm32h743-4tof-safety-bridge-main\firmware\h743_tof_usb_bridge_cubeide\build\Release\obj\Core\Src\stm32h7xx_hal_msp.o
 .text.HAL_MspInit
                0x08001adc       0x24 C:\Users\HCRXc\Desktop\stm32h743-4tof-safety-bridge-main\firmware\h743_tof_usb_bridge_cubeide\build\Release\obj\Core\Src\stm32h7xx_hal_msp.o
                0x08001adc                HAL_MspInit
 .text.HAL_UART_MspInit
                0x08001b00      0x1c4 C:\Users\HCRXc\Desktop\stm32h743-4tof-safety-bridge-main\firmware\h743_tof_usb_bridge_cubeide\build\Release\obj\Core\Src\stm32h7xx_hal_msp.o
                0x08001b00                HAL_UART_MspInit
 .text.NMI_Handler
                0x08001cc4        0x2 C:\Users\HCRXc\Desktop\stm32h743-4tof-safety-bridge-main\firmware\h743_tof_usb_bridge_cubeide\build\Release\obj\Core\Src\stm32h7xx_it.o
                0x08001cc4                NMI_Handler
 .text.HardFault_Handler
                0x08001cc6        0x2 C:\Users\HCRXc\Desktop\stm32h743-4tof-safety-bridge-main\firmware\h743_tof_usb_bridge_cubeide\build\Release\obj\Core\Src\stm32h7xx_it.o
                0x08001cc6                HardFault_Handler
 .text.MemManage_Handler
                0x08001cc8        0x2 C:\Users\HCRXc\Desktop\stm32h743-4tof-safety-bridge-main\firmware\h743_tof_usb_bridge_cubeide\build\Release\obj\Core\Src\stm32h7xx_it.o
                0x08001cc8                MemManage_Handler
 .text.BusFault_Handler
                0x08001cca        0x2 C:\Users\HCRXc\Desktop\stm32h743-4tof-safety-bridge-main\firmware\h743_tof_usb_bridge_cubeide\build\Release\obj\Core\Src\stm32h7xx_it.o
                0x08001cca                BusFault_Handler
 .text.UsageFault_Handler
                0x08001ccc        0x2 C:\Users\HCRXc\Desktop\stm32h743-4tof-safety-bridge-main\firmware\h743_tof_usb_bridge_cubeide\build\Release\obj\Core\Src\stm32h7xx_it.o
                0x08001ccc                UsageFault_Handler
 .text.SVC_Handler
                0x08001cce        0x2 C:\Users\HCRXc\Desktop\stm32h743-4tof-safety-bridge-main\firmware\h743_tof_usb_bridge_cubeide\build\Release\obj\Core\Src\stm32h7xx_it.o
                0x08001cce                SVC_Handler
 .text.DebugMon_Handler
                0x08001cd0        0x2 C:\Users\HCRXc\Desktop\stm32h743-4tof-safety-bridge-main\firmware\h743_tof_usb_bridge_cubeide\build\Release\obj\Core\Src\stm32h7xx_it.o
                0x08001cd0                DebugMon_Handler
 .text.PendSV_Handler
                0x08001cd2        0x2 C:\Users\HCRXc\Desktop\stm32h743-4tof-safety-bridge-main\firmware\h743_tof_usb_bridge_cubeide\build\Release\obj\Core\Src\stm32h7xx_it.o
                0x08001cd2                PendSV_Handler
 .text.SysTick_Handler
                0x08001cd4        0x4 C:\Users\HCRXc\Desktop\stm32h743-4tof-safety-bridge-main\firmware\h743_tof_usb_bridge_cubeide\build\Release\obj\Core\Src\stm32h7xx_it.o
                0x08001cd4                SysTick_Handler
 .text.OTG_FS_IRQHandler
                0x08001cd8        0xc C:\Users\HCRXc\Desktop\stm32h743-4tof-safety-bridge-main\firmware\h743_tof_usb_bridge_cubeide\build\Release\obj\Core\Src\stm32h7xx_it.o
                0x08001cd8                OTG_FS_IRQHandler
 .text.USART1_IRQHandler
                0x08001ce4        0xc C:\Users\HCRXc\Desktop\stm32h743-4tof-safety-bridge-main\firmware\h743_tof_usb_bridge_cubeide\build\Release\obj\Core\Src\stm32h7xx_it.o
                0x08001ce4                USART1_IRQHandler
 .text.USART2_IRQHandler
                0x08001cf0        0xc C:\Users\HCRXc\Desktop\stm32h743-4tof-safety-bridge-main\firmware\h743_tof_usb_bridge_cubeide\build\Release\obj\Core\Src\stm32h7xx_it.o
                0x08001cf0                USART2_IRQHandler
 .text.USART3_IRQHandler
                0x08001cfc        0xc C:\Users\HCRXc\Desktop\stm32h743-4tof-safety-bridge-main\firmware\h743_tof_usb_bridge_cubeide\build\Release\obj\Core\Src\stm32h7xx_it.o
                0x08001cfc                USART3_IRQHandler
 .text.USART6_IRQHandler
                0x08001d08        0xc C:\Users\HCRXc\Desktop\stm32h743-4tof-safety-bridge-main\firmware\h743_tof_usb_bridge_cubeide\build\Release\obj\Core\Src\stm32h7xx_it.o
                0x08001d08                USART6_IRQHandler
 .text._getpid  0x08001d14        0x4 C:\Users\HCRXc\Desktop\stm32h743-4tof-safety-bridge-main\firmware\h743_tof_usb_bridge_cubeide\build\Release\obj\Core\Src\syscalls.o
                0x08001d14                _getpid
 .text._kill    0x08001d18       0x10 C:\Users\HCRXc\Desktop\stm32h743-4tof-safety-bridge-main\firmware\h743_tof_usb_bridge_cubeide\build\Release\obj\Core\Src\syscalls.o
                0x08001d18                _kill
 .text._exit    0x08001d28        0xc C:\Users\HCRXc\Desktop\stm32h743-4tof-safety-bridge-main\firmware\h743_tof_usb_bridge_cubeide\build\Release\obj\Core\Src\syscalls.o
                0x08001d28                _exit
 .text._read    0x08001d34       0x1c C:\Users\HCRXc\Desktop\stm32h743-4tof-safety-bridge-main\firmware\h743_tof_usb_bridge_cubeide\build\Release\obj\Core\Src\syscalls.o
                0x08001d34                _read
 .text._write   0x08001d50       0x1c C:\Users\HCRXc\Desktop\stm32h743-4tof-safety-bridge-main\firmware\h743_tof_usb_bridge_cubeide\build\Release\obj\Core\Src\syscalls.o
                0x08001d50                _write
 .text._close   0x08001d6c        0x6 C:\Users\HCRXc\Desktop\stm32h743-4tof-safety-bridge-main\firmware\h743_tof_usb_bridge_cubeide\build\Release\obj\Core\Src\syscalls.o
                0x08001d6c                _close
 .text._fstat   0x08001d72        0xa C:\Users\HCRXc\Desktop\stm32h743-4tof-safety-bridge-main\firmware\h743_tof_usb_bridge_cubeide\build\Release\obj\Core\Src\syscalls.o
                0x08001d72                _fstat
 .text._isatty  0x08001d7c        0x4 C:\Users\HCRXc\Desktop\stm32h743-4tof-safety-bridge-main\firmware\h743_tof_usb_bridge_cubeide\build\Release\obj\Core\Src\syscalls.o
                0x08001d7c                _isatty
 .text._lseek   0x08001d80        0x4 C:\Users\HCRXc\Desktop\stm32h743-4tof-safety-bridge-main\firmware\h743_tof_usb_bridge_cubeide\build\Release\obj\Core\Src\syscalls.o
                0x08001d80                _lseek
 .text._sbrk    0x08001d84       0x3c C:\Users\HCRXc\Desktop\stm32h743-4tof-safety-bridge-main\firmware\h743_tof_usb_bridge_cubeide\build\Release\obj\Core\Src\sysmem.o
                0x08001d84                _sbrk
 .text.SystemInit
                0x08001dc0       0xc0 C:\Users\HCRXc\Desktop\stm32h743-4tof-safety-bridge-main\firmware\h743_tof_usb_bridge_cubeide\build\Release\obj\Core\Src\system_stm32h7xx.o
                0x08001dc0                SystemInit
 .text.LED_Init
                0x08001e80       0x58 C:\Users\HCRXc\Desktop\stm32h743-4tof-safety-bridge-main\firmware\h743_tof_usb_bridge_cubeide\build\Release\obj\Drivers\User\Src\led.o
                0x08001e80                LED_Init
 .text.MX_USB_DEVICE_Init
                0x08001ed8       0x74 C:\Users\HCRXc\Desktop\stm32h743-4tof-safety-bridge-main\firmware\h743_tof_usb_bridge_cubeide\build\Release\obj\USB_DEVICE\App\usb_device.o
                0x08001ed8                MX_USB_DEVICE_Init
 .text.CDC_DeInit_FS
                0x08001f4c        0x4 C:\Users\HCRXc\Desktop\stm32h743-4tof-safety-bridge-main\firmware\h743_tof_usb_bridge_cubeide\build\Release\obj\USB_DEVICE\App\usbd_cdc_if.o
 .text.CDC_Control_FS
                0x08001f50        0x4 C:\Users\HCRXc\Desktop\stm32h743-4tof-safety-bridge-main\firmware\h743_tof_usb_bridge_cubeide\build\Release\obj\USB_DEVICE\App\usbd_cdc_if.o
 .text.CDC_TransmitCplt_FS
                0x08001f54        0x4 C:\Users\HCRXc\Desktop\stm32h743-4tof-safety-bridge-main\firmware\h743_tof_usb_bridge_cubeide\build\Release\obj\USB_DEVICE\App\usbd_cdc_if.o
 .text.CDC_Receive_FS
                0x08001f58       0x28 C:\Users\HCRXc\Desktop\stm32h743-4tof-safety-bridge-main\firmware\h743_tof_usb_bridge_cubeide\build\Release\obj\USB_DEVICE\App\usbd_cdc_if.o
 .text.CDC_Init_FS
                0x08001f80       0x24 C:\Users\HCRXc\Desktop\stm32h743-4tof-safety-bridge-main\firmware\h743_tof_usb_bridge_cubeide\build\Release\obj\USB_DEVICE\App\usbd_cdc_if.o
 .text.CDC_Transmit_FS
                0x08001fa4       0x34 C:\Users\HCRXc\Desktop\stm32h743-4tof-safety-bridge-main\firmware\h743_tof_usb_bridge_cubeide\build\Release\obj\USB_DEVICE\App\usbd_cdc_if.o
                0x08001fa4                CDC_Transmit_FS
 .text.USB_printf
                0x08001fd8       0x78 C:\Users\HCRXc\Desktop\stm32h743-4tof-safety-bridge-main\firmware\h743_tof_usb_bridge_cubeide\build\Release\obj\USB_DEVICE\App\usbd_cdc_if.o
                0x08001fd8                USB_printf
 .text.USBD_FS_DeviceDescriptor
                0x08002050        0xc C:\Users\HCRXc\Desktop\stm32h743-4tof-safety-bridge-main\firmware\h743_tof_usb_bridge_cubeide\build\Release\obj\USB_DEVICE\App\usbd_desc.o
                0x08002050                USBD_FS_DeviceDescriptor
 .text.USBD_FS_LangIDStrDescriptor
                0x0800205c        0xc C:\Users\HCRXc\Desktop\stm32h743-4tof-safety-bridge-main\firmware\h743_tof_usb_bridge_cubeide\build\Release\obj\USB_DEVICE\App\usbd_desc.o
                0x0800205c                USBD_FS_LangIDStrDescriptor
 .text.IntToUnicode
                0x08002068       0x2a C:\Users\HCRXc\Desktop\stm32h743-4tof-safety-bridge-main\firmware\h743_tof_usb_bridge_cubeide\build\Release\obj\USB_DEVICE\App\usbd_desc.o
 *fill*         0x08002092        0x2 
 .text.USBD_FS_SerialStrDescriptor
                0x08002094       0x3c C:\Users\HCRXc\Desktop\stm32h743-4tof-safety-bridge-main\firmware\h743_tof_usb_bridge_cubeide\build\Release\obj\USB_DEVICE\App\usbd_desc.o
                0x08002094                USBD_FS_SerialStrDescriptor
 .text.USBD_FS_ManufacturerStrDescriptor
                0x080020d0       0x18 C:\Users\HCRXc\Desktop\stm32h743-4tof-safety-bridge-main\firmware\h743_tof_usb_bridge_cubeide\build\Release\obj\USB_DEVICE\App\usbd_desc.o
                0x080020d0                USBD_FS_ManufacturerStrDescriptor
 .text.USBD_FS_ProductStrDescriptor
                0x080020e8       0x18 C:\Users\HCRXc\Desktop\stm32h743-4tof-safety-bridge-main\firmware\h743_tof_usb_bridge_cubeide\build\Release\obj\USB_DEVICE\App\usbd_desc.o
                0x080020e8                USBD_FS_ProductStrDescriptor
 .text.USBD_FS_ConfigStrDescriptor
                0x08002100       0x18 C:\Users\HCRXc\Desktop\stm32h743-4tof-safety-bridge-main\firmware\h743_tof_usb_bridge_cubeide\build\Release\obj\USB_DEVICE\App\usbd_desc.o
                0x08002100                USBD_FS_ConfigStrDescriptor
 .text.USBD_FS_InterfaceStrDescriptor
                0x08002118       0x18 C:\Users\HCRXc\Desktop\stm32h743-4tof-safety-bridge-main\firmware\h743_tof_usb_bridge_cubeide\build\Release\obj\USB_DEVICE\App\usbd_desc.o
                0x08002118                USBD_FS_InterfaceStrDescriptor
 .text.HAL_PCD_MspInit
                0x08002130       0xb0 C:\Users\HCRXc\Desktop\stm32h743-4tof-safety-bridge-main\firmware\h743_tof_usb_bridge_cubeide\build\Release\obj\USB_DEVICE\Target\usbd_conf.o
                0x08002130                HAL_PCD_MspInit
 .text.HAL_PCD_SetupStageCallback
                0x080021e0        0xc C:\Users\HCRXc\Desktop\stm32h743-4tof-safety-bridge-main\firmware\h743_tof_usb_bridge_cubeide\build\Release\obj\USB_DEVICE\Target\usbd_conf.o
                0x080021e0                HAL_PCD_SetupStageCallback
 .text.HAL_PCD_DataOutStageCallback
                0x080021ec       0x12 C:\Users\HCRXc\Desktop\stm32h743-4tof-safety-bridge-main\firmware\h743_tof_usb_bridge_cubeide\build\Release\obj\USB_DEVICE\Target\usbd_conf.o
                0x080021ec                HAL_PCD_DataOutStageCallback
 .text.HAL_PCD_DataInStageCallback
                0x080021fe       0x10 C:\Users\HCRXc\Desktop\stm32h743-4tof-safety-bridge-main\firmware\h743_tof_usb_bridge_cubeide\build\Release\obj\USB_DEVICE\Target\usbd_conf.o
                0x080021fe                HAL_PCD_DataInStageCallback
 .text.HAL_PCD_SOFCallback
                0x0800220e        0x8 C:\Users\HCRXc\Desktop\stm32h743-4tof-safety-bridge-main\firmware\h743_tof_usb_bridge_cubeide\build\Release\obj\USB_DEVICE\Target\usbd_conf.o
                0x0800220e                HAL_PCD_SOFCallback
 .text.HAL_PCD_ResetCallback
                0x08002216       0x26 C:\Users\HCRXc\Desktop\stm32h743-4tof-safety-bridge-main\firmware\h743_tof_usb_bridge_cubeide\build\Release\obj\USB_DEVICE\Target\usbd_conf.o
                0x08002216                HAL_PCD_ResetCallback
 .text.HAL_PCD_SuspendCallback
                0x0800223c       0x30 C:\Users\HCRXc\Desktop\stm32h743-4tof-safety-bridge-main\firmware\h743_tof_usb_bridge_cubeide\build\Release\obj\USB_DEVICE\Target\usbd_conf.o
                0x0800223c                HAL_PCD_SuspendCallback
 .text.HAL_PCD_ResumeCallback
                0x0800226c        0x8 C:\Users\HCRXc\Desktop\stm32h743-4tof-safety-bridge-main\firmware\h743_tof_usb_bridge_cubeide\build\Release\obj\USB_DEVICE\Target\usbd_conf.o
                0x0800226c                HAL_PCD_ResumeCallback
 .text.HAL_PCD_ISOOUTIncompleteCallback
                0x08002274        0x8 C:\Users\HCRXc\Desktop\stm32h743-4tof-safety-bridge-main\firmware\h743_tof_usb_bridge_cubeide\build\Release\obj\USB_DEVICE\Target\usbd_conf.o
                0x08002274                HAL_PCD_ISOOUTIncompleteCallback
 .text.HAL_PCD_ISOINIncompleteCallback
                0x0800227c        0x8 C:\Users\HCRXc\Desktop\stm32h743-4tof-safety-bridge-main\firmware\h743_tof_usb_bridge_cubeide\build\Release\obj\USB_DEVICE\Target\usbd_conf.o
                0x0800227c                HAL_PCD_ISOINIncompleteCallback
 .text.HAL_PCD_ConnectCallback
                0x08002284        0x8 C:\Users\HCRXc\Desktop\stm32h743-4tof-safety-bridge-main\firmware\h743_tof_usb_bridge_cubeide\build\Release\obj\USB_DEVICE\Target\usbd_conf.o
                0x08002284                HAL_PCD_ConnectCallback
 .text.HAL_PCD_DisconnectCallback
                0x0800228c        0x8 C:\Users\HCRXc\Desktop\stm32h743-4tof-safety-bridge-main\firmware\h743_tof_usb_bridge_cubeide\build\Release\obj\USB_DEVICE\Target\usbd_conf.o
                0x0800228c                HAL_PCD_DisconnectCallback
 .text.USBD_LL_Init
                0x08002294       0x5c C:\Users\HCRXc\Desktop\stm32h743-4tof-safety-bridge-main\firmware\h743_tof_usb_bridge_cubeide\build\Release\obj\USB_DEVICE\Target\usbd_conf.o
                0x08002294                USBD_LL_Init
 .text.USBD_LL_IsStallEP
                0x080022f0       0x24 C:\Users\HCRXc\Desktop\stm32h743-4tof-safety-bridge-main\firmware\h743_tof_usb_bridge_cubeide\build\Release\obj\USB_DEVICE\Target\usbd_conf.o
                0x080022f0                USBD_LL_IsStallEP
 .text.USBD_LL_GetRxDataSize
                0x08002314        0x8 C:\Users\HCRXc\Desktop\stm32h743-4tof-safety-bridge-main\firmware\h743_tof_usb_bridge_cubeide\build\Release\obj\USB_DEVICE\Target\usbd_conf.o
                0x08002314                USBD_LL_GetRxDataSize
 .text.USBD_static_malloc
                0x0800231c        0x8 C:\Users\HCRXc\Desktop\stm32h743-4tof-safety-bridge-main\firmware\h743_tof_usb_bridge_cubeide\build\Release\obj\USB_DEVICE\Target\usbd_conf.o
                0x0800231c                USBD_static_malloc
 .text.USBD_static_free
                0x08002324        0x2 C:\Users\HCRXc\Desktop\stm32h743-4tof-safety-bridge-main\firmware\h743_tof_usb_bridge_cubeide\build\Release\obj\USB_DEVICE\Target\usbd_conf.o
                0x08002324                USBD_static_free
 .text.USBD_Get_USB_Status
                0x08002326        0xc C:\Users\HCRXc\Desktop\stm32h743-4tof-safety-bridge-main\firmware\h743_tof_usb_bridge_cubeide\build\Release\obj\USB_DEVICE\Target\usbd_conf.o
                0x08002326                USBD_Get_USB_Status
 .text.USBD_LL_Start
                0x08002332       0x12 C:\Users\HCRXc\Desktop\stm32h743-4tof-safety-bridge-main\firmware\h743_tof_usb_bridge_cubeide\build\Release\obj\USB_DEVICE\Target\usbd_conf.o
                0x08002332                USBD_LL_Start
 .text.USBD_LL_OpenEP
                0x08002344       0x18 C:\Users\HCRXc\Desktop\stm32h743-4tof-safety-bridge-main\firmware\h743_tof_usb_bridge_cubeide\build\Release\obj\USB_DEVICE\Target\usbd_conf.o
                0x08002344                USBD_LL_OpenEP
 .text.USBD_LL_CloseEP
                0x0800235c       0x12 C:\Users\HCRXc\Desktop\stm32h743-4tof-safety-bridge-main\firmware\h743_tof_usb_bridge_cubeide\build\Release\obj\USB_DEVICE\Target\usbd_conf.o
                0x0800235c                USBD_LL_CloseEP
 .text.USBD_LL_StallEP
                0x0800236e       0x12 C:\Users\HCRXc\Desktop\stm32h743-4tof-safety-bridge-main\firmware\h743_tof_usb_bridge_cubeide\build\Release\obj\USB_DEVICE\Target\usbd_conf.o
                0x0800236e                USBD_LL_StallEP
 .text.USBD_LL_ClearStallEP
                0x08002380       0x12 C:\Users\HCRXc\Desktop\stm32h743-4tof-safety-bridge-main\firmware\h743_tof_usb_bridge_cubeide\build\Release\obj\USB_DEVICE\Target\usbd_conf.o
                0x08002380                USBD_LL_ClearStallEP
 .text.USBD_LL_SetUSBAddress
                0x08002392       0x12 C:\Users\HCRXc\Desktop\stm32h743-4tof-safety-bridge-main\firmware\h743_tof_usb_bridge_cubeide\build\Release\obj\USB_DEVICE\Target\usbd_conf.o
                0x08002392                USBD_LL_SetUSBAddress
 .text.USBD_LL_Transmit
                0x080023a4       0x12 C:\Users\HCRXc\Desktop\stm32h743-4tof-safety-bridge-main\firmware\h743_tof_usb_bridge_cubeide\build\Release\obj\USB_DEVICE\Target\usbd_conf.o
                0x080023a4                USBD_LL_Transmit
 .text.USBD_LL_PrepareReceive
                0x080023b6       0x12 C:\Users\HCRXc\Desktop\stm32h743-4tof-safety-bridge-main\firmware\h743_tof_usb_bridge_cubeide\build\Release\obj\USB_DEVICE\Target\usbd_conf.o
                0x080023b6                USBD_LL_PrepareReceive
 .text.HAL_InitTick
                0x080023c8       0x4c C:\Users\HCRXc\Desktop\stm32h743-4tof-safety-bridge-main\firmware\h743_tof_usb_bridge_cubeide\build\Release\obj\Drivers\STM32H7xx_HAL_Driver\Src\stm32h7xx_hal.o
                0x080023c8                HAL_InitTick
 .text.HAL_Init
                0x08002414       0x5c C:\Users\HCRXc\Desktop\stm32h743-4tof-safety-bridge-main\firmware\h743_tof_usb_bridge_cubeide\build\Release\obj\Drivers\STM32H7xx_HAL_Driver\Src\stm32h7xx_hal.o
                0x08002414                HAL_Init
 .text.HAL_IncTick
                0x08002470       0x18 C:\Users\HCRXc\Desktop\stm32h743-4tof-safety-bridge-main\firmware\h743_tof_usb_bridge_cubeide\build\Release\obj\Drivers\STM32H7xx_HAL_Driver\Src\stm32h7xx_hal.o
                0x08002470                HAL_IncTick
 .text.HAL_GetTick
                0x08002488        0xc C:\Users\HCRXc\Desktop\stm32h743-4tof-safety-bridge-main\firmware\h743_tof_usb_bridge_cubeide\build\Release\obj\Drivers\STM32H7xx_HAL_Driver\Src\stm32h7xx_hal.o
                0x08002488                HAL_GetTick
 .text.HAL_Delay
                0x08002494       0x24 C:\Users\HCRXc\Desktop\stm32h743-4tof-safety-bridge-main\firmware\h743_tof_usb_bridge_cubeide\build\Release\obj\Drivers\STM32H7xx_HAL_Driver\Src\stm32h7xx_hal.o
                0x08002494                HAL_Delay
 .text.HAL_GetREVID
                0x080024b8        0xc C:\Users\HCRXc\Desktop\stm32h743-4tof-safety-bridge-main\firmware\h743_tof_usb_bridge_cubeide\build\Release\obj\Drivers\STM32H7xx_HAL_Driver\Src\stm32h7xx_hal.o
                0x080024b8                HAL_GetREVID
 .text.HAL_NVIC_SetPriorityGrouping
                0x080024c4       0x24 C:\Users\HCRXc\Desktop\stm32h743-4tof-safety-bridge-main\firmware\h743_tof_usb_bridge_cubeide\build\Release\obj\Drivers\STM32H7xx_HAL_Driver\Src\stm32h7xx_hal_cortex.o
                0x080024c4                HAL_NVIC_SetPriorityGrouping
 .text.HAL_NVIC_SetPriority
                0x080024e8       0x64 C:\Users\HCRXc\Desktop\stm32h743-4tof-safety-bridge-main\firmware\h743_tof_usb_bridge_cubeide\build\Release\obj\Drivers\STM32H7xx_HAL_Driver\Src\stm32h7xx_hal_cortex.o
                0x080024e8                HAL_NVIC_SetPriority
 .text.HAL_NVIC_EnableIRQ
                0x0800254c       0x1c C:\Users\HCRXc\Desktop\stm32h743-4tof-safety-bridge-main\firmware\h743_tof_usb_bridge_cubeide\build\Release\obj\Drivers\STM32H7xx_HAL_Driver\Src\stm32h7xx_hal_cortex.o
                0x0800254c                HAL_NVIC_EnableIRQ
 .text.HAL_SYSTICK_Config
                0x08002568       0x28 C:\Users\HCRXc\Desktop\stm32h743-4tof-safety-bridge-main\firmware\h743_tof_usb_bridge_cubeide\build\Release\obj\Drivers\STM32H7xx_HAL_Driver\Src\stm32h7xx_hal_cortex.o
                0x08002568                HAL_SYSTICK_Config
 .text.HAL_DMA_Abort
                0x08002590      0x1ec C:\Users\HCRXc\Desktop\stm32h743-4tof-safety-bridge-main\firmware\h743_tof_usb_bridge_cubeide\build\Release\obj\Drivers\STM32H7xx_HAL_Driver\Src\stm32h7xx_hal_dma.o
                0x08002590                HAL_DMA_Abort
 .text.HAL_DMA_Abort_IT
                0x0800277c      0x118 C:\Users\HCRXc\Desktop\stm32h743-4tof-safety-bridge-main\firmware\h743_tof_usb_bridge_cubeide\build\Release\obj\Drivers\STM32H7xx_HAL_Driver\Src\stm32h7xx_hal_dma.o
                0x0800277c                HAL_DMA_Abort_IT
 .text.HAL_FLASH_Unlock
                0x08002894       0x4c C:\Users\HCRXc\Desktop\stm32h743-4tof-safety-bridge-main\firmware\h743_tof_usb_bridge_cubeide\build\Release\obj\Drivers\STM32H7xx_HAL_Driver\Src\stm32h7xx_hal_flash.o
                0x08002894                HAL_FLASH_Unlock
 .text.HAL_FLASH_Lock
                0x080028e0       0x30 C:\Users\HCRXc\Desktop\stm32h743-4tof-safety-bridge-main\firmware\h743_tof_usb_bridge_cubeide\build\Release\obj\Drivers\STM32H7xx_HAL_Driver\Src\stm32h7xx_hal_flash.o
                0x080028e0                HAL_FLASH_Lock
 .text.FLASH_WaitForLastOperation
                0x08002910       0xc0 C:\Users\HCRXc\Desktop\stm32h743-4tof-safety-bridge-main\firmware\h743_tof_usb_bridge_cubeide\build\Release\obj\Drivers\STM32H7xx_HAL_Driver\Src\stm32h7xx_hal_flash.o
                0x08002910                FLASH_WaitForLastOperation
 .text.HAL_FLASH_Program
                0x080029d0       0xac C:\Users\HCRXc\Desktop\stm32h743-4tof-safety-bridge-main\firmware\h743_tof_usb_bridge_cubeide\build\Release\obj\Drivers\STM32H7xx_HAL_Driver\Src\stm32h7xx_hal_flash.o
                0x080029d0                HAL_FLASH_Program
 .text.FLASH_MassErase
                0x08002a7c       0x84 C:\Users\HCRXc\Desktop\stm32h743-4tof-safety-bridge-main\firmware\h743_tof_usb_bridge_cubeide\build\Release\obj\Drivers\STM32H7xx_HAL_Driver\Src\stm32h7xx_hal_flash_ex.o
 .text.FLASH_Erase_Sector
                0x08002b00       0x48 C:\Users\HCRXc\Desktop\stm32h743-4tof-safety-bridge-main\firmware\h743_tof_usb_bridge_cubeide\build\Release\obj\Drivers\STM32H7xx_HAL_Driver\Src\stm32h7xx_hal_flash_ex.o
                0x08002b00                FLASH_Erase_Sector
 .text.HAL_FLASHEx_Erase
                0x08002b48      0x12c C:\Users\HCRXc\Desktop\stm32h743-4tof-safety-bridge-main\firmware\h743_tof_usb_bridge_cubeide\build\Release\obj\Drivers\STM32H7xx_HAL_Driver\Src\stm32h7xx_hal_flash_ex.o
                0x08002b48                HAL_FLASHEx_Erase
 .text.HAL_GPIO_Init
                0x08002c74      0x1d8 C:\Users\HCRXc\Desktop\stm32h743-4tof-safety-bridge-main\firmware\h743_tof_usb_bridge_cubeide\build\Release\obj\Drivers\STM32H7xx_HAL_Driver\Src\stm32h7xx_hal_gpio.o
                0x08002c74                HAL_GPIO_Init
 .text.HAL_GPIO_WritePin
                0x08002e4c        0xa C:\Users\HCRXc\Desktop\stm32h743-4tof-safety-bridge-main\firmware\h743_tof_usb_bridge_cubeide\build\Release\obj\Drivers\STM32H7xx_HAL_Driver\Src\stm32h7xx_hal_gpio.o
                0x08002e4c                HAL_GPIO_WritePin
 .text.HAL_GPIO_TogglePin
                0x08002e56       0x12 C:\Users\HCRXc\Desktop\stm32h743-4tof-safety-bridge-main\firmware\h743_tof_usb_bridge_cubeide\build\Release\obj\Drivers\STM32H7xx_HAL_Driver\Src\stm32h7xx_hal_gpio.o
                0x08002e56                HAL_GPIO_TogglePin
 .text.HAL_PCD_Init
                0x08002e68       0xda C:\Users\HCRXc\Desktop\stm32h743-4tof-safety-bridge-main\firmware\h743_tof_usb_bridge_cubeide\build\Release\obj\Drivers\STM32H7xx_HAL_Driver\Src\stm32h7xx_hal_pcd.o
                0x08002e68                HAL_PCD_Init
 .text.HAL_PCD_Start
                0x08002f42       0x3e C:\Users\HCRXc\Desktop\stm32h743-4tof-safety-bridge-main\firmware\h743_tof_usb_bridge_cubeide\build\Release\obj\Drivers\STM32H7xx_HAL_Driver\Src\stm32h7xx_hal_pcd.o
                0x08002f42                HAL_PCD_Start
 .text.HAL_PCD_SetAddress
                0x08002f80       0x26 C:\Users\HCRXc\Desktop\stm32h743-4tof-safety-bridge-main\firmware\h743_tof_usb_bridge_cubeide\build\Release\obj\Drivers\STM32H7xx_HAL_Driver\Src\stm32h7xx_hal_pcd.o
                0x08002f80                HAL_PCD_SetAddress
 .text.HAL_PCD_EP_Open
                0x08002fa6       0x6a C:\Users\HCRXc\Desktop\stm32h743-4tof-safety-bridge-main\firmware\h743_tof_usb_bridge_cubeide\build\Release\obj\Drivers\STM32H7xx_HAL_Driver\Src\stm32h7xx_hal_pcd.o
                0x08002fa6                HAL_PCD_EP_Open
 .text.HAL_PCD_EP_Close
                0x08003010       0x52 C:\Users\HCRXc\Desktop\stm32h743-4tof-safety-bridge-main\firmware\h743_tof_usb_bridge_cubeide\build\Release\obj\Drivers\STM32H7xx_HAL_Driver\Src\stm32h7xx_hal_pcd.o
                0x08003010                HAL_PCD_EP_Close
 .text.HAL_PCD_EP_Receive
                0x08003062       0x3a C:\Users\HCRXc\Desktop\stm32h743-4tof-safety-bridge-main\firmware\h743_tof_usb_bridge_cubeide\build\Release\obj\Drivers\STM32H7xx_HAL_Driver\Src\stm32h7xx_hal_pcd.o
                0x08003062                HAL_PCD_EP_Receive
 .text.HAL_PCD_EP_GetRxCount
                0x0800309c       0x10 C:\Users\HCRXc\Desktop\stm32h743-4tof-safety-bridge-main\firmware\h743_tof_usb_bridge_cubeide\build\Release\obj\Drivers\STM32H7xx_HAL_Driver\Src\stm32h7xx_hal_pcd.o
                0x0800309c                HAL_PCD_EP_GetRxCount
 .text.HAL_PCD_EP_Transmit
                0x080030ac       0x34 C:\Users\HCRXc\Desktop\stm32h743-4tof-safety-bridge-main\firmware\h743_tof_usb_bridge_cubeide\build\Release\obj\Drivers\STM32H7xx_HAL_Driver\Src\stm32h7xx_hal_pcd.o
                0x080030ac                HAL_PCD_EP_Transmit
 .text.HAL_PCD_EP_SetStall
                0x080030e0       0x6e C:\Users\HCRXc\Desktop\stm32h743-4tof-safety-bridge-main\firmware\h743_tof_usb_bridge_cubeide\build\Release\obj\Drivers\STM32H7xx_HAL_Driver\Src\stm32h7xx_hal_pcd.o
                0x080030e0                HAL_PCD_EP_SetStall
 .text.HAL_PCD_EP_ClrStall
                0x0800314e       0x62 C:\Users\HCRXc\Desktop\stm32h743-4tof-safety-bridge-main\firmware\h743_tof_usb_bridge_cubeide\build\Release\obj\Drivers\STM32H7xx_HAL_Driver\Src\stm32h7xx_hal_pcd.o
                0x0800314e                HAL_PCD_EP_ClrStall
 .text.HAL_PCD_EP_Abort
                0x080031b0       0x1c C:\Users\HCRXc\Desktop\stm32h743-4tof-safety-bridge-main\firmware\h743_tof_usb_bridge_cubeide\build\Release\obj\Drivers\STM32H7xx_HAL_Driver\Src\stm32h7xx_hal_pcd.o
                0x080031b0                HAL_PCD_EP_Abort
 .text.HAL_PCD_IRQHandler
                0x080031cc      0x6dc C:\Users\HCRXc\Desktop\stm32h743-4tof-safety-bridge-main\firmware\h743_tof_usb_bridge_cubeide\build\Release\obj\Drivers\STM32H7xx_HAL_Driver\Src\stm32h7xx_hal_pcd.o
                0x080031cc                HAL_PCD_IRQHandler
 .text.HAL_PCDEx_SetTxFiFo
                0x080038a8       0x3e C:\Users\HCRXc\Desktop\stm32h743-4tof-safety-bridge-main\firmware\h743_tof_usb_bridge_cubeide\build\Release\obj\Drivers\STM32H7xx_HAL_Driver\Src\stm32h7xx_hal_pcd_ex.o
                0x080038a8                HAL_PCDEx_SetTxFiFo
 .text.HAL_PCDEx_SetRxFiFo
                0x080038e6        0x8 C:\Users\HCRXc\Desktop\stm32h743-4tof-safety-bridge-main\firmware\h743_tof_usb_bridge_cubeide\build\Release\obj\Drivers\STM32H7xx_HAL_Driver\Src\stm32h7xx_hal_pcd_ex.o
                0x080038e6                HAL_PCDEx_SetRxFiFo
 .text.HAL_PCDEx_ActivateLPM
                0x080038ee       0x26 C:\Users\HCRXc\Desktop\stm32h743-4tof-safety-bridge-main\firmware\h743_tof_usb_bridge_cubeide\build\Release\obj\Drivers\STM32H7xx_HAL_Driver\Src\stm32h7xx_hal_pcd_ex.o
                0x080038ee                HAL_PCDEx_ActivateLPM
 .text.HAL_PCDEx_LPM_Callback
                0x08003914        0x2 C:\Users\HCRXc\Desktop\stm32h743-4tof-safety-bridge-main\firmware\h743_tof_usb_bridge_cubeide\build\Release\obj\Drivers\STM32H7xx_HAL_Driver\Src\stm32h7xx_hal_pcd_ex.o
                0x08003914                HAL_PCDEx_LPM_Callback
 *fill*         0x08003916        0x2 
 .text.HAL_PWREx_ConfigSupply
                0x08003918       0x48 C:\Users\HCRXc\Desktop\stm32h743-4tof-safety-bridge-main\firmware\h743_tof_usb_bridge_cubeide\build\Release\obj\Drivers\STM32H7xx_HAL_Driver\Src\stm32h7xx_hal_pwr_ex.o
                0x08003918                HAL_PWREx_ConfigSupply
 .text.HAL_PWREx_EnableUSBVoltageDetector
                0x08003960       0x10 C:\Users\HCRXc\Desktop\stm32h743-4tof-safety-bridge-main\firmware\h743_tof_usb_bridge_cubeide\build\Release\obj\Drivers\STM32H7xx_HAL_Driver\Src\stm32h7xx_hal_pwr_ex.o
                0x08003960                HAL_PWREx_EnableUSBVoltageDetector
 .text.HAL_RCC_OscConfig
                0x08003970      0x550 C:\Users\HCRXc\Desktop\stm32h743-4tof-safety-bridge-main\firmware\h743_tof_usb_bridge_cubeide\build\Release\obj\Drivers\STM32H7xx_HAL_Driver\Src\stm32h7xx_hal_rcc.o
                0x08003970                HAL_RCC_OscConfig
 .text.HAL_RCC_GetSysClockFreq
                0x08003ec0      0x144 C:\Users\HCRXc\Desktop\stm32h743-4tof-safety-bridge-main\firmware\h743_tof_usb_bridge_cubeide\build\Release\obj\Drivers\STM32H7xx_HAL_Driver\Src\stm32h7xx_hal_rcc.o
                0x08003ec0                HAL_RCC_GetSysClockFreq
 .text.HAL_RCC_ClockConfig
                0x08004004      0x24c C:\Users\HCRXc\Desktop\stm32h743-4tof-safety-bridge-main\firmware\h743_tof_usb_bridge_cubeide\build\Release\obj\Drivers\STM32H7xx_HAL_Driver\Src\stm32h7xx_hal_rcc.o
                0x08004004                HAL_RCC_ClockConfig
 .text.HAL_RCC_GetHCLKFreq
                0x08004250       0x44 C:\Users\HCRXc\Desktop\stm32h743-4tof-safety-bridge-main\firmware\h743_tof_usb_bridge_cubeide\build\Release\obj\Drivers\STM32H7xx_HAL_Driver\Src\stm32h7xx_hal_rcc.o
                0x08004250                HAL_RCC_GetHCLKFreq
 .text.HAL_RCC_GetPCLK1Freq
                0x08004294       0x24 C:\Users\HCRXc\Desktop\stm32h743-4tof-safety-bridge-main\firmware\h743_tof_usb_bridge_cubeide\build\Release\obj\Drivers\STM32H7xx_HAL_Driver\Src\stm32h7xx_hal_rcc.o
                0x08004294                HAL_RCC_GetPCLK1Freq
 .text.HAL_RCC_GetPCLK2Freq
                0x080042b8       0x24 C:\Users\HCRXc\Desktop\stm32h743-4tof-safety-bridge-main\firmware\h743_tof_usb_bridge_cubeide\build\Release\obj\Drivers\STM32H7xx_HAL_Driver\Src\stm32h7xx_hal_rcc.o
                0x080042b8                HAL_RCC_GetPCLK2Freq
 .text.RCCEx_PLL2_Config
                0x080042dc       0xec C:\Users\HCRXc\Desktop\stm32h743-4tof-safety-bridge-main\firmware\h743_tof_usb_bridge_cubeide\build\Release\obj\Drivers\STM32H7xx_HAL_Driver\Src\stm32h7xx_hal_rcc_ex.o
 .text.RCCEx_PLL3_Config
                0x080043c8       0xec C:\Users\HCRXc\Desktop\stm32h743-4tof-safety-bridge-main\firmware\h743_tof_usb_bridge_cubeide\build\Release\obj\Drivers\STM32H7xx_HAL_Driver\Src\stm32h7xx_hal_rcc_ex.o
 .text.HAL_RCCEx_PeriphCLKConfig
                0x080044b4      0x9cc C:\Users\HCRXc\Desktop\stm32h743-4tof-safety-bridge-main\firmware\h743_tof_usb_bridge_cubeide\build\Release\obj\Drivers\STM32H7xx_HAL_Driver\Src\stm32h7xx_hal_rcc_ex.o
                0x080044b4                HAL_RCCEx_PeriphCLKConfig
 .text.HAL_RCCEx_GetD3PCLK1Freq
                0x08004e80       0x24 C:\Users\HCRXc\Desktop\stm32h743-4tof-safety-bridge-main\firmware\h743_tof_usb_bridge_cubeide\build\Release\obj\Drivers\STM32H7xx_HAL_Driver\Src\stm32h7xx_hal_rcc_ex.o
                0x08004e80                HAL_RCCEx_GetD3PCLK1Freq
 .text.HAL_RCCEx_GetPLL2ClockFreq
                0x08004ea4      0x154 C:\Users\HCRXc\Desktop\stm32h743-4tof-safety-bridge-main\firmware\h743_tof_usb_bridge_cubeide\build\Release\obj\Drivers\STM32H7xx_HAL_Driver\Src\stm32h7xx_hal_rcc_ex.o
                0x08004ea4                HAL_RCCEx_GetPLL2ClockFreq
 .text.HAL_RCCEx_GetPLL3ClockFreq
                0x08004ff8      0x154 C:\Users\HCRXc\Desktop\stm32h743-4tof-safety-bridge-main\firmware\h743_tof_usb_bridge_cubeide\build\Release\obj\Drivers\STM32H7xx_HAL_Driver\Src\stm32h7xx_hal_rcc_ex.o
                0x08004ff8                HAL_RCCEx_GetPLL3ClockFreq
 .text.UART_EndRxTransfer
                0x0800514c       0x58 C:\Users\HCRXc\Desktop\stm32h743-4tof-safety-bridge-main\firmware\h743_tof_usb_bridge_cubeide\build\Release\obj\Drivers\STM32H7xx_HAL_Driver\Src\stm32h7xx_hal_uart.o
 .text.HAL_UART_TxCpltCallback
                0x080051a4        0x2 C:\Users\HCRXc\Desktop\stm32h743-4tof-safety-bridge-main\firmware\h743_tof_usb_bridge_cubeide\build\Release\obj\Drivers\STM32H7xx_HAL_Driver\Src\stm32h7xx_hal_uart.o
                0x080051a4                HAL_UART_TxCpltCallback
 .text.UART_DMAAbortOnError
                0x080051a6        0xa C:\Users\HCRXc\Desktop\stm32h743-4tof-safety-bridge-main\firmware\h743_tof_usb_bridge_cubeide\build\Release\obj\Drivers\STM32H7xx_HAL_Driver\Src\stm32h7xx_hal_uart.o
 .text.HAL_UARTEx_RxEventCallback
                0x080051b0        0x2 C:\Users\HCRXc\Desktop\stm32h743-4tof-safety-bridge-main\firmware\h743_tof_usb_bridge_cubeide\build\Release\obj\Drivers\STM32H7xx_HAL_Driver\Src\stm32h7xx_hal_uart.o
                0x080051b0                HAL_UARTEx_RxEventCallback
 *fill*         0x080051b2        0x2 
 .text.HAL_UART_IRQHandler
                0x080051b4      0x354 C:\Users\HCRXc\Desktop\stm32h743-4tof-safety-bridge-main\firmware\h743_tof_usb_bridge_cubeide\build\Release\obj\Drivers\STM32H7xx_HAL_Driver\Src\stm32h7xx_hal_uart.o
                0x080051b4                HAL_UART_IRQHandler
 .text.UART_RxISR_8BIT
                0x08005508       0xcc C:\Users\HCRXc\Desktop\stm32h743-4tof-safety-bridge-main\firmware\h743_tof_usb_bridge_cubeide\build\Release\obj\Drivers\STM32H7xx_HAL_Driver\Src\stm32h7xx_hal_uart.o
 .text.UART_RxISR_16BIT
                0x080055d4       0xc4 C:\Users\HCRXc\Desktop\stm32h743-4tof-safety-bridge-main\firmware\h743_tof_usb_bridge_cubeide\build\Release\obj\Drivers\STM32H7xx_HAL_Driver\Src\stm32h7xx_hal_uart.o
 .text.UART_RxISR_8BIT_FIFOEN
                0x08005698      0x1a0 C:\Users\HCRXc\Desktop\stm32h743-4tof-safety-bridge-main\firmware\h743_tof_usb_bridge_cubeide\build\Release\obj\Drivers\STM32H7xx_HAL_Driver\Src\stm32h7xx_hal_uart.o
 .text.UART_RxISR_16BIT_FIFOEN
                0x08005838      0x198 C:\Users\HCRXc\Desktop\stm32h743-4tof-safety-bridge-main\firmware\h743_tof_usb_bridge_cubeide\build\Release\obj\Drivers\STM32H7xx_HAL_Driver\Src\stm32h7xx_hal_uart.o
 .text.UART_SetConfig
                0x080059d0      0x2f8 C:\Users\HCRXc\Desktop\stm32h743-4tof-safety-bridge-main\firmware\h743_tof_usb_bridge_cubeide\build\Release\obj\Drivers\STM32H7xx_HAL_Driver\Src\stm32h7xx_hal_uart.o
                0x080059d0                UART_SetConfig
 .text.UART_AdvFeatureConfig
                0x08005cc8       0xaa C:\Users\HCRXc\Desktop\stm32h743-4tof-safety-bridge-main\firmware\h743_tof_usb_bridge_cubeide\build\Release\obj\Drivers\STM32H7xx_HAL_Driver\Src\stm32h7xx_hal_uart.o
                0x08005cc8                UART_AdvFeatureConfig
 .text.UART_WaitOnFlagUntilTimeout
                0x08005d72       0x90 C:\Users\HCRXc\Desktop\stm32h743-4tof-safety-bridge-main\firmware\h743_tof_usb_bridge_cubeide\build\Release\obj\Drivers\STM32H7xx_HAL_Driver\Src\stm32h7xx_hal_uart.o
                0x08005d72                UART_WaitOnFlagUntilTimeout
 .text.UART_CheckIdleState
                0x08005e02       0xb6 C:\Users\HCRXc\Desktop\stm32h743-4tof-safety-bridge-main\firmware\h743_tof_usb_bridge_cubeide\build\Release\obj\Drivers\STM32H7xx_HAL_Driver\Src\stm32h7xx_hal_uart.o
                0x08005e02                UART_CheckIdleState
 .text.HAL_UART_Init
                0x08005eb8       0x60 C:\Users\HCRXc\Desktop\stm32h743-4tof-safety-bridge-main\firmware\h743_tof_usb_bridge_cubeide\build\Release\obj\Drivers\STM32H7xx_HAL_Driver\Src\stm32h7xx_hal_uart.o
                0x08005eb8                HAL_UART_Init
 .text.UART_Start_Receive_IT
                0x08005f18      0x114 C:\Users\HCRXc\Desktop\stm32h743-4tof-safety-bridge-main\firmware\h743_tof_usb_bridge_cubeide\build\Release\obj\Drivers\STM32H7xx_HAL_Driver\Src\stm32h7xx_hal_uart.o
                0x08005f18                UART_Start_Receive_IT
 .text.HAL_UART_Receive_IT
                0x0800602c       0x44 C:\Users\HCRXc\Desktop\stm32h743-4tof-safety-bridge-main\firmware\h743_tof_usb_bridge_cubeide\build\Release\obj\Drivers\STM32H7xx_HAL_Driver\Src\stm32h7xx_hal_uart.o
                0x0800602c                HAL_UART_Receive_IT
 .text.UARTEx_SetNbDataToProcess
                0x08006070       0x44 C:\Users\HCRXc\Desktop\stm32h743-4tof-safety-bridge-main\firmware\h743_tof_usb_bridge_cubeide\build\Release\obj\Drivers\STM32H7xx_HAL_Driver\Src\stm32h7xx_hal_uart_ex.o
 .text.HAL_UARTEx_WakeupCallback
                0x080060b4        0x2 C:\Users\HCRXc\Desktop\stm32h743-4tof-safety-bridge-main\firmware\h743_tof_usb_bridge_cubeide\build\Release\obj\Drivers\STM32H7xx_HAL_Driver\Src\stm32h7xx_hal_uart_ex.o
                0x080060b4                HAL_UARTEx_WakeupCallback
 .text.HAL_UARTEx_RxFifoFullCallback
                0x080060b6        0x2 C:\Users\HCRXc\Desktop\stm32h743-4tof-safety-bridge-main\firmware\h743_tof_usb_bridge_cubeide\build\Release\obj\Drivers\STM32H7xx_HAL_Driver\Src\stm32h7xx_hal_uart_ex.o
                0x080060b6                HAL_UARTEx_RxFifoFullCallback
 .text.HAL_UARTEx_TxFifoEmptyCallback
                0x080060b8        0x2 C:\Users\HCRXc\Desktop\stm32h743-4tof-safety-bridge-main\firmware\h743_tof_usb_bridge_cubeide\build\Release\obj\Drivers\STM32H7xx_HAL_Driver\Src\stm32h7xx_hal_uart_ex.o
                0x080060b8                HAL_UARTEx_TxFifoEmptyCallback
 .text.HAL_UARTEx_DisableFifoMode
                0x080060ba       0x36 C:\Users\HCRXc\Desktop\stm32h743-4tof-safety-bridge-main\firmware\h743_tof_usb_bridge_cubeide\build\Release\obj\Drivers\STM32H7xx_HAL_Driver\Src\stm32h7xx_hal_uart_ex.o
                0x080060ba                HAL_UARTEx_DisableFifoMode
 .text.HAL_UARTEx_SetTxFifoThreshold
                0x080060f0       0x40 C:\Users\HCRXc\Desktop\stm32h743-4tof-safety-bridge-main\firmware\h743_tof_usb_bridge_cubeide\build\Release\obj\Drivers\STM32H7xx_HAL_Driver\Src\stm32h7xx_hal_uart_ex.o
                0x080060f0                HAL_UARTEx_SetTxFifoThreshold
 .text.HAL_UARTEx_SetRxFifoThreshold
                0x08006130       0x40 C:\Users\HCRXc\Desktop\stm32h743-4tof-safety-bridge-main\firmware\h743_tof_usb_bridge_cubeide\build\Release\obj\Drivers\STM32H7xx_HAL_Driver\Src\stm32h7xx_hal_uart_ex.o
                0x08006130                HAL_UARTEx_SetRxFifoThreshold
 .text.USB_CoreReset
                0x08006170       0x50 C:\Users\HCRXc\Desktop\stm32h743-4tof-safety-bridge-main\firmware\h743_tof_usb_bridge_cubeide\build\Release\obj\Drivers\STM32H7xx_HAL_Driver\Src\stm32h7xx_ll_usb.o
 .text.USB_CoreInit
                0x080061c0       0xa4 C:\Users\HCRXc\Desktop\stm32h743-4tof-safety-bridge-main\firmware\h743_tof_usb_bridge_cubeide\build\Release\obj\Drivers\STM32H7xx_HAL_Driver\Src\stm32h7xx_ll_usb.o
                0x080061c0                USB_CoreInit
 .text.USB_SetTurnaroundTime
                0x08006264       0xe0 C:\Users\HCRXc\Desktop\stm32h743-4tof-safety-bridge-main\firmware\h743_tof_usb_bridge_cubeide\build\Release\obj\Drivers\STM32H7xx_HAL_Driver\Src\stm32h7xx_ll_usb.o
                0x08006264                USB_SetTurnaroundTime
 .text.USB_EnableGlobalInt
                0x08006344        0xc C:\Users\HCRXc\Desktop\stm32h743-4tof-safety-bridge-main\firmware\h743_tof_usb_bridge_cubeide\build\Release\obj\Drivers\STM32H7xx_HAL_Driver\Src\stm32h7xx_ll_usb.o
                0x08006344                USB_EnableGlobalInt
 .text.USB_DisableGlobalInt
                0x08006350        0xc C:\Users\HCRXc\Desktop\stm32h743-4tof-safety-bridge-main\firmware\h743_tof_usb_bridge_cubeide\build\Release\obj\Drivers\STM32H7xx_HAL_Driver\Src\stm32h7xx_ll_usb.o
                0x08006350                USB_DisableGlobalInt
 .text.USB_SetCurrentMode
                0x0800635c       0x5c C:\Users\HCRXc\Desktop\stm32h743-4tof-safety-bridge-main\firmware\h743_tof_usb_bridge_cubeide\build\Release\obj\Drivers\STM32H7xx_HAL_Driver\Src\stm32h7xx_ll_usb.o
                0x0800635c                USB_SetCurrentMode
 .text.USB_FlushTxFifo
                0x080063b8       0x46 C:\Users\HCRXc\Desktop\stm32h743-4tof-safety-bridge-main\firmware\h743_tof_usb_bridge_cubeide\build\Release\obj\Drivers\STM32H7xx_HAL_Driver\Src\stm32h7xx_ll_usb.o
                0x080063b8                USB_FlushTxFifo
 .text.USB_FlushRxFifo
                0x080063fe       0x42 C:\Users\HCRXc\Desktop\stm32h743-4tof-safety-bridge-main\firmware\h743_tof_usb_bridge_cubeide\build\Release\obj\Drivers\STM32H7xx_HAL_Driver\Src\stm32h7xx_ll_usb.o
                0x080063fe                USB_FlushRxFifo
 .text.USB_SetDevSpeed
                0x08006440        0xe C:\Users\HCRXc\Desktop\stm32h743-4tof-safety-bridge-main\firmware\h743_tof_usb_bridge_cubeide\build\Release\obj\Drivers\STM32H7xx_HAL_Driver\Src\stm32h7xx_ll_usb.o
                0x08006440                USB_SetDevSpeed
 *fill*         0x0800644e        0x2 
 .text.USB_DevInit
                0x08006450      0x170 C:\Users\HCRXc\Desktop\stm32h743-4tof-safety-bridge-main\firmware\h743_tof_usb_bridge_cubeide\build\Release\obj\Drivers\STM32H7xx_HAL_Driver\Src\stm32h7xx_ll_usb.o
                0x08006450                USB_DevInit
 .text.USB_GetDevSpeed
                0x080065c0       0x16 C:\Users\HCRXc\Desktop\stm32h743-4tof-safety-bridge-main\firmware\h743_tof_usb_bridge_cubeide\build\Release\obj\Drivers\STM32H7xx_HAL_Driver\Src\stm32h7xx_ll_usb.o
                0x080065c0                USB_GetDevSpeed
 .text.USB_ActivateEndpoint
                0x080065d6       0x7e C:\Users\HCRXc\Desktop\stm32h743-4tof-safety-bridge-main\firmware\h743_tof_usb_bridge_cubeide\build\Release\obj\Drivers\STM32H7xx_HAL_Driver\Src\stm32h7xx_ll_usb.o
                0x080065d6                USB_ActivateEndpoint
 .text.USB_DeactivateEndpoint
                0x08006654       0xac C:\Users\HCRXc\Desktop\stm32h743-4tof-safety-bridge-main\firmware\h743_tof_usb_bridge_cubeide\build\Release\obj\Drivers\STM32H7xx_HAL_Driver\Src\stm32h7xx_ll_usb.o
                0x08006654                USB_DeactivateEndpoint
 .text.USB_EPStopXfer
                0x08006700       0xf0 C:\Users\HCRXc\Desktop\stm32h743-4tof-safety-bridge-main\firmware\h743_tof_usb_bridge_cubeide\build\Release\obj\Drivers\STM32H7xx_HAL_Driver\Src\stm32h7xx_ll_usb.o
                0x08006700                USB_EPStopXfer
 .text.USB_EPSetStall
                0x080067f0       0x56 C:\Users\HCRXc\Desktop\stm32h743-4tof-safety-bridge-main\firmware\h743_tof_usb_bridge_cubeide\build\Release\obj\Drivers\STM32H7xx_HAL_Driver\Src\stm32h7xx_ll_usb.o
                0x080067f0                USB_EPSetStall
 .text.USB_EPClearStall
                0x08006846       0x52 C:\Users\HCRXc\Desktop\stm32h743-4tof-safety-bridge-main\firmware\h743_tof_usb_bridge_cubeide\build\Release\obj\Drivers\STM32H7xx_HAL_Driver\Src\stm32h7xx_ll_usb.o
                0x08006846                USB_EPClearStall
 .text.USB_WritePacket
                0x08006898       0x26 C:\Users\HCRXc\Desktop\stm32h743-4tof-safety-bridge-main\firmware\h743_tof_usb_bridge_cubeide\build\Release\obj\Drivers\STM32H7xx_HAL_Driver\Src\stm32h7xx_ll_usb.o
                0x08006898                USB_WritePacket
 *fill*         0x080068be        0x2 
 .text.USB_EPStartXfer
                0x080068c0      0x1e0 C:\Users\HCRXc\Desktop\stm32h743-4tof-safety-bridge-main\firmware\h743_tof_usb_bridge_cubeide\build\Release\obj\Drivers\STM32H7xx_HAL_Driver\Src\stm32h7xx_ll_usb.o
                0x080068c0                USB_EPStartXfer
 .text.USB_ReadPacket
                0x08006aa0       0x42 C:\Users\HCRXc\Desktop\stm32h743-4tof-safety-bridge-main\firmware\h743_tof_usb_bridge_cubeide\build\Release\obj\Drivers\STM32H7xx_HAL_Driver\Src\stm32h7xx_ll_usb.o
                0x08006aa0                USB_ReadPacket
 .text.USB_SetDevAddress
                0x08006ae2       0x20 C:\Users\HCRXc\Desktop\stm32h743-4tof-safety-bridge-main\firmware\h743_tof_usb_bridge_cubeide\build\Release\obj\Drivers\STM32H7xx_HAL_Driver\Src\stm32h7xx_ll_usb.o
                0x08006ae2                USB_SetDevAddress
 .text.USB_DevConnect
                0x08006b02       0x1c C:\Users\HCRXc\Desktop\stm32h743-4tof-safety-bridge-main\firmware\h743_tof_usb_bridge_cubeide\build\Release\obj\Drivers\STM32H7xx_HAL_Driver\Src\stm32h7xx_ll_usb.o
                0x08006b02                USB_DevConnect
 .text.USB_DevDisconnect
                0x08006b1e       0x1c C:\Users\HCRXc\Desktop\stm32h743-4tof-safety-bridge-main\firmware\h743_tof_usb_bridge_cubeide\build\Release\obj\Drivers\STM32H7xx_HAL_Driver\Src\stm32h7xx_ll_usb.o
                0x08006b1e                USB_DevDisconnect
 .text.USB_ReadInterrupts
                0x08006b3a        0x8 C:\Users\HCRXc\Desktop\stm32h743-4tof-safety-bridge-main\firmware\h743_tof_usb_bridge_cubeide\build\Release\obj\Drivers\STM32H7xx_HAL_Driver\Src\stm32h7xx_ll_usb.o
                0x08006b3a                USB_ReadInterrupts
 .text.USB_ReadDevAllOutEpInterrupt
                0x08006b42       0x10 C:\Users\HCRXc\Desktop\stm32h743-4tof-safety-bridge-main\firmware\h743_tof_usb_bridge_cubeide\build\Release\obj\Drivers\STM32H7xx_HAL_Driver\Src\stm32h7xx_ll_usb.o
                0x08006b42                USB_ReadDevAllOutEpInterrupt
 .text.USB_ReadDevAllInEpInterrupt
                0x08006b52       0x10 C:\Users\HCRXc\Desktop\stm32h743-4tof-safety-bridge-main\firmware\h743_tof_usb_bridge_cubeide\build\Release\obj\Drivers\STM32H7xx_HAL_Driver\Src\stm32h7xx_ll_usb.o
                0x08006b52                USB_ReadDevAllInEpInterrupt
 .text.USB_ReadDevOutEPInterrupt
                0x08006b62       0x12 C:\Users\HCRXc\Desktop\stm32h743-4tof-safety-bridge-main\firmware\h743_tof_usb_bridge_cubeide\build\Release\obj\Drivers\STM32H7xx_HAL_Driver\Src\stm32h7xx_ll_usb.o
                0x08006b62                USB_ReadDevOutEPInterrupt
 .text.USB_ReadDevInEPInterrupt
                0x08006b74       0x22 C:\Users\HCRXc\Desktop\stm32h743-4tof-safety-bridge-main\firmware\h743_tof_usb_bridge_cubeide\build\Release\obj\Drivers\STM32H7xx_HAL_Driver\Src\stm32h7xx_ll_usb.o
                0x08006b74                USB_ReadDevInEPInterrupt
 .text.USB_GetMode
                0x08006b96        0x8 C:\Users\HCRXc\Desktop\stm32h743-4tof-safety-bridge-main\firmware\h743_tof_usb_bridge_cubeide\build\Release\obj\Drivers\STM32H7xx_HAL_Driver\Src\stm32h7xx_ll_usb.o
                0x08006b96                USB_GetMode
 .text.USB_ActivateSetup
                0x08006b9e       0x1c C:\Users\HCRXc\Desktop\stm32h743-4tof-safety-bridge-main\firmware\h743_tof_usb_bridge_cubeide\build\Release\obj\Drivers\STM32H7xx_HAL_Driver\Src\stm32h7xx_ll_usb.o
                0x08006b9e                USB_ActivateSetup
 *fill*         0x08006bba        0x2 
 .text.USB_EP0_OutStart
                0x08006bbc       0x4c C:\Users\HCRXc\Desktop\stm32h743-4tof-safety-bridge-main\firmware\h743_tof_usb_bridge_cubeide\build\Release\obj\Drivers\STM32H7xx_HAL_Driver\Src\stm32h7xx_ll_usb.o
                0x08006bbc                USB_EP0_OutStart
 .text.USBD_Init
                0x08006c08       0x26 C:\Users\HCRXc\Desktop\stm32h743-4tof-safety-bridge-main\firmware\h743_tof_usb_bridge_cubeide\build\Release\obj\Middlewares\ST\STM32_USB_Device_Library\Core\Src\usbd_core.o
                0x08006c08                USBD_Init
 .text.USBD_RegisterClass
                0x08006c2e       0x32 C:\Users\HCRXc\Desktop\stm32h743-4tof-safety-bridge-main\firmware\h743_tof_usb_bridge_cubeide\build\Release\obj\Middlewares\ST\STM32_USB_Device_Library\Core\Src\usbd_core.o
                0x08006c2e                USBD_RegisterClass
 .text.USBD_Start
                0x08006c60        0x4 C:\Users\HCRXc\Desktop\stm32h743-4tof-safety-bridge-main\firmware\h743_tof_usb_bridge_cubeide\build\Release\obj\Middlewares\ST\STM32_USB_Device_Library\Core\Src\usbd_core.o
                0x08006c60                USBD_Start
 .text.USBD_SetClassConfig
                0x08006c64        0xe C:\Users\HCRXc\Desktop\stm32h743-4tof-safety-bridge-main\firmware\h743_tof_usb_bridge_cubeide\build\Release\obj\Middlewares\ST\STM32_USB_Device_Library\Core\Src\usbd_core.o
                0x08006c64                USBD_SetClassConfig
 .text.USBD_ClrClassConfig
                0x08006c72       0x12 C:\Users\HCRXc\Desktop\stm32h743-4tof-safety-bridge-main\firmware\h743_tof_usb_bridge_cubeide\build\Release\obj\Middlewares\ST\STM32_USB_Device_Library\Core\Src\usbd_core.o
                0x08006c72                USBD_ClrClassConfig
 .text.USBD_LL_SetupStage
                0x08006c84       0x60 C:\Users\HCRXc\Desktop\stm32h743-4tof-safety-bridge-main\firmware\h743_tof_usb_bridge_cubeide\build\Release\obj\Middlewares\ST\STM32_USB_Device_Library\Core\Src\usbd_core.o
                0x08006c84                USBD_LL_SetupStage
 .text.USBD_LL_DataOutStage
                0x08006ce4       0x74 C:\Users\HCRXc\Desktop\stm32h743-4tof-safety-bridge-main\firmware\h743_tof_usb_bridge_cubeide\build\Release\obj\Middlewares\ST\STM32_USB_Device_Library\Core\Src\usbd_core.o
                0x08006ce4                USBD_LL_DataOutStage
 .text.USBD_LL_DataInStage
                0x08006d58       0xa8 C:\Users\HCRXc\Desktop\stm32h743-4tof-safety-bridge-main\firmware\h743_tof_usb_bridge_cubeide\build\Release\obj\Middlewares\ST\STM32_USB_Device_Library\Core\Src\usbd_core.o
                0x08006d58                USBD_LL_DataInStage
 .text.USBD_LL_Reset
                0x08006e00       0x60 C:\Users\HCRXc\Desktop\stm32h743-4tof-safety-bridge-main\firmware\h743_tof_usb_bridge_cubeide\build\Release\obj\Middlewares\ST\STM32_USB_Device_Library\Core\Src\usbd_core.o
                0x08006e00                USBD_LL_Reset
 .text.USBD_LL_SetSpeed
                0x08006e60        0x6 C:\Users\HCRXc\Desktop\stm32h743-4tof-safety-bridge-main\firmware\h743_tof_usb_bridge_cubeide\build\Release\obj\Middlewares\ST\STM32_USB_Device_Library\Core\Src\usbd_core.o
                0x08006e60                USBD_LL_SetSpeed
 .text.USBD_LL_Suspend
                0x08006e66       0x1c C:\Users\HCRXc\Desktop\stm32h743-4tof-safety-bridge-main\firmware\h743_tof_usb_bridge_cubeide\build\Release\obj\Middlewares\ST\STM32_USB_Device_Library\Core\Src\usbd_core.o
                0x08006e66                USBD_LL_Suspend
 .text.USBD_LL_Resume
                0x08006e82       0x16 C:\Users\HCRXc\Desktop\stm32h743-4tof-safety-bridge-main\firmware\h743_tof_usb_bridge_cubeide\build\Release\obj\Middlewares\ST\STM32_USB_Device_Library\Core\Src\usbd_core.o
                0x08006e82                USBD_LL_Resume
 .text.USBD_LL_SOF
                0x08006e98       0x1a C:\Users\HCRXc\Desktop\stm32h743-4tof-safety-bridge-main\firmware\h743_tof_usb_bridge_cubeide\build\Release\obj\Middlewares\ST\STM32_USB_Device_Library\Core\Src\usbd_core.o
                0x08006e98                USBD_LL_SOF
 .text.USBD_LL_IsoINIncomplete
                0x08006eb2       0x26 C:\Users\HCRXc\Desktop\stm32h743-4tof-safety-bridge-main\firmware\h743_tof_usb_bridge_cubeide\build\Release\obj\Middlewares\ST\STM32_USB_Device_Library\Core\Src\usbd_core.o
                0x08006eb2                USBD_LL_IsoINIncomplete
 .text.USBD_LL_IsoOUTIncomplete
                0x08006ed8       0x26 C:\Users\HCRXc\Desktop\stm32h743-4tof-safety-bridge-main\firmware\h743_tof_usb_bridge_cubeide\build\Release\obj\Middlewares\ST\STM32_USB_Device_Library\Core\Src\usbd_core.o
                0x08006ed8                USBD_LL_IsoOUTIncomplete
 .text.USBD_LL_DevConnected
                0x08006efe        0x4 C:\Users\HCRXc\Desktop\stm32h743-4tof-safety-bridge-main\firmware\h743_tof_usb_bridge_cubeide\build\Release\obj\Middlewares\ST\STM32_USB_Device_Library\Core\Src\usbd_core.o
                0x08006efe                USBD_LL_DevConnected
 .text.USBD_LL_DevDisconnected
                0x08006f02       0x20 C:\Users\HCRXc\Desktop\stm32h743-4tof-safety-bridge-main\firmware\h743_tof_usb_bridge_cubeide\build\Release\obj\Middlewares\ST\STM32_USB_Device_Library\Core\Src\usbd_core.o
                0x08006f02                USBD_LL_DevDisconnected
 .text.USBD_CoreFindIF
                0x08006f22        0x4 C:\Users\HCRXc\Desktop\stm32h743-4tof-safety-bridge-main\firmware\h743_tof_usb_bridge_cubeide\build\Release\obj\Middlewares\ST\STM32_USB_Device_Library\Core\Src\usbd_core.o
                0x08006f22                USBD_CoreFindIF
 .text.USBD_CoreFindEP
                0x08006f26        0x4 C:\Users\HCRXc\Desktop\stm32h743-4tof-safety-bridge-main\firmware\h743_tof_usb_bridge_cubeide\build\Release\obj\Middlewares\ST\STM32_USB_Device_Library\Core\Src\usbd_core.o
                0x08006f26                USBD_CoreFindEP
 .text.USBD_GetEpDesc
                0x08006f2a       0x24 C:\Users\HCRXc\Desktop\stm32h743-4tof-safety-bridge-main\firmware\h743_tof_usb_bridge_cubeide\build\Release\obj\Middlewares\ST\STM32_USB_Device_Library\Core\Src\usbd_core.o
                0x08006f2a                USBD_GetEpDesc
 .text.USBD_CtlError.constprop.0
                0x08006f4e       0x16 C:\Users\HCRXc\Desktop\stm32h743-4tof-safety-bridge-main\firmware\h743_tof_usb_bridge_cubeide\build\Release\obj\Middlewares\ST\STM32_USB_Device_Library\Core\Src\usbd_ctlreq.o
 .text.USBD_StdDevReq
                0x08006f64      0x2f0 C:\Users\HCRXc\Desktop\stm32h743-4tof-safety-bridge-main\firmware\h743_tof_usb_bridge_cubeide\build\Release\obj\Middlewares\ST\STM32_USB_Device_Library\Core\Src\usbd_ctlreq.o
                0x08006f64                USBD_StdDevReq
 .text.USBD_StdItfReq
                0x08007254       0x5e C:\Users\HCRXc\Desktop\stm32h743-4tof-safety-bridge-main\firmware\h743_tof_usb_bridge_cubeide\build\Release\obj\Middlewares\ST\STM32_USB_Device_Library\Core\Src\usbd_ctlreq.o
                0x08007254                USBD_StdItfReq
 .text.USBD_StdEPReq
                0x080072b2      0x14a C:\Users\HCRXc\Desktop\stm32h743-4tof-safety-bridge-main\firmware\h743_tof_usb_bridge_cubeide\build\Release\obj\Middlewares\ST\STM32_USB_Device_Library\Core\Src\usbd_ctlreq.o
                0x080072b2                USBD_StdEPReq
 .text.USBD_ParseSetupRequest
                0x080073fc       0x16 C:\Users\HCRXc\Desktop\stm32h743-4tof-safety-bridge-main\firmware\h743_tof_usb_bridge_cubeide\build\Release\obj\Middlewares\ST\STM32_USB_Device_Library\Core\Src\usbd_ctlreq.o
                0x080073fc                USBD_ParseSetupRequest
 .text.USBD_CtlError
                0x08007412       0x16 C:\Users\HCRXc\Desktop\stm32h743-4tof-safety-bridge-main\firmware\h743_tof_usb_bridge_cubeide\build\Release\obj\Middlewares\ST\STM32_USB_Device_Library\Core\Src\usbd_ctlreq.o
                0x08007412                USBD_CtlError
 .text.USBD_GetString
                0x08007428       0x38 C:\Users\HCRXc\Desktop\stm32h743-4tof-safety-bridge-main\firmware\h743_tof_usb_bridge_cubeide\build\Release\obj\Middlewares\ST\STM32_USB_Device_Library\Core\Src\usbd_ctlreq.o
                0x08007428                USBD_GetString
 .text.USBD_CtlSendData
                0x08007460       0x1c C:\Users\HCRXc\Desktop\stm32h743-4tof-safety-bridge-main\firmware\h743_tof_usb_bridge_cubeide\build\Release\obj\Middlewares\ST\STM32_USB_Device_Library\Core\Src\usbd_ioreq.o
                0x08007460                USBD_CtlSendData
 .text.USBD_CtlContinueSendData
                0x0800747c       0x10 C:\Users\HCRXc\Desktop\stm32h743-4tof-safety-bridge-main\firmware\h743_tof_usb_bridge_cubeide\build\Release\obj\Middlewares\ST\STM32_USB_Device_Library\Core\Src\usbd_ioreq.o
                0x0800747c                USBD_CtlContinueSendData
 .text.USBD_CtlPrepareRx
                0x0800748c       0x22 C:\Users\HCRXc\Desktop\stm32h743-4tof-safety-bridge-main\firmware\h743_tof_usb_bridge_cubeide\build\Release\obj\Middlewares\ST\STM32_USB_Device_Library\Core\Src\usbd_ioreq.o
                0x0800748c                USBD_CtlPrepareRx
 .text.USBD_CtlContinueRx
                0x080074ae       0x10 C:\Users\HCRXc\Desktop\stm32h743-4tof-safety-bridge-main\firmware\h743_tof_usb_bridge_cubeide\build\Release\obj\Middlewares\ST\STM32_USB_Device_Library\Core\Src\usbd_ioreq.o
                0x080074ae                USBD_CtlContinueRx
 .text.USBD_CtlSendStatus
                0x080074be       0x16 C:\Users\HCRXc\Desktop\stm32h743-4tof-safety-bridge-main\firmware\h743_tof_usb_bridge_cubeide\build\Release\obj\Middlewares\ST\STM32_USB_Device_Library\Core\Src\usbd_ioreq.o
                0x080074be                USBD_CtlSendStatus
 .text.USBD_CtlReceiveStatus
                0x080074d4       0x16 C:\Users\HCRXc\Desktop\stm32h743-4tof-safety-bridge-main\firmware\h743_tof_usb_bridge_cubeide\build\Release\obj\Middlewares\ST\STM32_USB_Device_Library\Core\Src\usbd_ioreq.o
                0x080074d4                USBD_CtlReceiveStatus
 .text.USBD_CDC_EP0_RxReady
                0x080074ea       0x38 C:\Users\HCRXc\Desktop\stm32h743-4tof-safety-bridge-main\firmware\h743_tof_usb_bridge_cubeide\build\Release\obj\Middlewares\ST\STM32_USB_Device_Library\Class\CDC\Src\usbd_cdc.o
 *fill*         0x08007522        0x2 
 .text.USBD_CDC_GetDeviceQualifierDescriptor
                0x08007524        0xc C:\Users\HCRXc\Desktop\stm32h743-4tof-safety-bridge-main\firmware\h743_tof_usb_bridge_cubeide\build\Release\obj\Middlewares\ST\STM32_USB_Device_Library\Class\CDC\Src\usbd_cdc.o
                0x08007524                USBD_CDC_GetDeviceQualifierDescriptor
 .text.USBD_CDC_GetFSCfgDesc
                0x08007530       0x48 C:\Users\HCRXc\Desktop\stm32h743-4tof-safety-bridge-main\firmware\h743_tof_usb_bridge_cubeide\build\Release\obj\Middlewares\ST\STM32_USB_Device_Library\Class\CDC\Src\usbd_cdc.o
 .text.USBD_CDC_GetOtherSpeedCfgDesc
                0x08007578        0x4 C:\Users\HCRXc\Desktop\stm32h743-4tof-safety-bridge-main\firmware\h743_tof_usb_bridge_cubeide\build\Release\obj\Middlewares\ST\STM32_USB_Device_Library\Class\CDC\Src\usbd_cdc.o
 .text.USBD_CDC_GetHSCfgDesc
                0x0800757c       0x48 C:\Users\HCRXc\Desktop\stm32h743-4tof-safety-bridge-main\firmware\h743_tof_usb_bridge_cubeide\build\Release\obj\Middlewares\ST\STM32_USB_Device_Library\Class\CDC\Src\usbd_cdc.o
 .text.USBD_CDC_DataOut
                0x080075c4       0x38 C:\Users\HCRXc\Desktop\stm32h743-4tof-safety-bridge-main\firmware\h743_tof_usb_bridge_cubeide\build\Release\obj\Middlewares\ST\STM32_USB_Device_Library\Class\CDC\Src\usbd_cdc.o
 .text.USBD_CDC_DataIn
                0x080075fc       0x64 C:\Users\HCRXc\Desktop\stm32h743-4tof-safety-bridge-main\firmware\h743_tof_usb_bridge_cubeide\build\Release\obj\Middlewares\ST\STM32_USB_Device_Library\Class\CDC\Src\usbd_cdc.o
 .text.USBD_CDC_Setup
                0x08007660       0xf0 C:\Users\HCRXc\Desktop\stm32h743-4tof-safety-bridge-main\firmware\h743_tof_usb_bridge_cubeide\build\Release\obj\Middlewares\ST\STM32_USB_Device_Library\Class\CDC\Src\usbd_cdc.o
 .text.USBD_CDC_DeInit
                0x08007750       0x60 C:\Users\HCRXc\Desktop\stm32h743-4tof-safety-bridge-main\firmware\h743_tof_usb_bridge_cubeide\build\Release\obj\Middlewares\ST\STM32_USB_Device_Library\Class\CDC\Src\usbd_cdc.o
 .text.USBD_CDC_Init
                0x080077b0       0xc8 C:\Users\HCRXc\Desktop\stm32h743-4tof-safety-bridge-main\firmware\h743_tof_usb_bridge_cubeide\build\Release\obj\Middlewares\ST\STM32_USB_Device_Library\Class\CDC\Src\usbd_cdc.o
 .text.USBD_CDC_RegisterInterface
                0x08007878       0x16 C:\Users\HCRXc\Desktop\stm32h743-4tof-safety-bridge-main\firmware\h743_tof_usb_bridge_cubeide\build\Release\obj\Middlewares\ST\STM32_USB_Device_Library\Class\CDC\Src\usbd_cdc.o
                0x08007878                USBD_CDC_RegisterInterface
 .text.USBD_CDC_SetTxBuffer
                0x0800788e       0x1c C:\Users\HCRXc\Desktop\stm32h743-4tof-safety-bridge-main\firmware\h743_tof_usb_bridge_cubeide\build\Release\obj\Middlewares\ST\STM32_USB_Device_Library\Class\CDC\Src\usbd_cdc.o
                0x0800788e                USBD_CDC_SetTxBuffer
 .text.USBD_CDC_SetRxBuffer
                0x080078aa       0x18 C:\Users\HCRXc\Desktop\stm32h743-4tof-safety-bridge-main\firmware\h743_tof_usb_bridge_cubeide\build\Release\obj\Middlewares\ST\STM32_USB_Device_Library\Class\CDC\Src\usbd_cdc.o
                0x080078aa                USBD_CDC_SetRxBuffer
 .text.USBD_CDC_TransmitPacket
                0x080078c2       0x36 C:\Users\HCRXc\Desktop\stm32h743-4tof-safety-bridge-main\firmware\h743_tof_usb_bridge_cubeide\build\Release\obj\Middlewares\ST\STM32_USB_Device_Library\Class\CDC\Src\usbd_cdc.o
                0x080078c2                USBD_CDC_TransmitPacket
 .text.USBD_CDC_ReceivePacket
                0x080078f8       0x2c C:\Users\HCRXc\Desktop\stm32h743-4tof-safety-bridge-main\firmware\h743_tof_usb_bridge_cubeide\build\Release\obj\Middlewares\ST\STM32_USB_Device_Library\Class\CDC\Src\usbd_cdc.o
                0x080078f8                USBD_CDC_ReceivePacket
 .text.Reset_Handler
                0x08007924       0x50 C:\Users\HCRXc\Desktop\stm32h743-4tof-safety-bridge-main\firmware\h743_tof_usb_bridge_cubeide\build\Release\obj\Startup\startup_stm32h743zitx.o
                0x08007924                Reset_Handler
 .text.Default_Handler
                0x08007974        0x2 C:\Users\HCRXc\Desktop\stm32h743-4tof-safety-bridge-main\firmware\h743_tof_usb_bridge_cubeide\build\Release\obj\Startup\startup_stm32h743zitx.o
                0x08007974                HASH_RNG_IRQHandler
                0x08007974                EXTI2_IRQHandler
                0x08007974                TIM8_CC_IRQHandler
                0x08007974                DMA_STR2_IRQHandler
                0x08007974                UART8_IRQHandler
                0x08007974                SPI4_IRQHandler
                0x08007974                HRTIM1_MST_IRQHandler
                0x08007974                DMA_STR5_IRQHandler
                0x08007974                HRTIM1_FLT_IRQHandler
                0x08007974                JPEG_IRQHandler
                0x08007974                DMA2_STR1_IRQHandler
                0x08007974                DMA2_STR5_IRQHandler
                0x08007974                HRTIM1_TIMD_IRQHandler
                0x08007974                EXTI3_IRQHandler
                0x08007974                LPTIM4_IRQHandler
                0x08007974                TIM8_TRG_COM_TIM14_IRQHandler
                0x08007974                LPTIM2_IRQHandler
                0x08007974                DFSDM1_FLT1_IRQHandler
                0x08007974                DMAMUX2_OVR_IRQHandler
                0x08007974                TIM8_UP_TIM13_IRQHandler
                0x08007974                I2C3_ER_IRQHandler
                0x08007974                DFSDM1_FLT2_IRQHandler
                0x08007974                MDMA_IRQHandler
                0x08007974                LPTIM3_IRQHandler
                0x08007974                EXTI0_IRQHandler
                0x08007974                I2C2_EV_IRQHandler
                0x08007974                FPU_IRQHandler
                0x08007974                DMA_STR1_IRQHandler
                0x08007974                OTG_HS_WKUP_IRQHandler
                0x08007974                FDCAN1_IT1_IRQHandler
                0x08007974                LTDC_ER_IRQHandler
                0x08007974                ADC1_2_IRQHandler
                0x08007974                SPI1_IRQHandler
                0x08007974                BDMA_CH2_IRQHandler
                0x08007974                TIM6_DAC_IRQHandler
                0x08007974                DCMI_IRQHandler
                0x08007974                HRTIM1_TIMC_IRQHandler
                0x08007974                SDMMC_IRQHandler
                0x08007974                RTC_ALARM_IRQHandler
                0x08007974                DMA_STR0_IRQHandler
                0x08007974                SAI2_IRQHandler
                0x08007974                DMA2_STR3_IRQHandler
                0x08007974                DFSDM1_FLT3_IRQHandler
                0x08007974                BDMA_CH5_IRQHandler
                0x08007974                TIM17_IRQHandler
                0x08007974                BDMA_CH6_IRQHandler
                0x08007974                WKUP_IRQHandler
                0x08007974                BDMA_CH3_IRQHandler
                0x08007974                LPTIM5_IRQHandler
                0x08007974                LPUART_IRQHandler
                0x08007974                UART5_IRQHandler
                0x08007974                ADC3_IRQHandler
                0x08007974                DMA_STR6_IRQHandler
                0x08007974                TIM4_IRQHandler
                0x08007974                QUADSPI_IRQHandler
                0x08007974                I2C1_EV_IRQHandler
                0x08007974                DMA1_STR7_IRQHandler
                0x08007974                TIM16_IRQHandler
                0x08007974                UART4_IRQHandler
                0x08007974                TIM3_IRQHandler
                0x08007974                RCC_IRQHandler
                0x08007974                TIM8_BRK_TIM12_IRQHandler
                0x08007974                TIM1_TRG_COM_IRQHandler
                0x08007974                Default_Handler
                0x08007974                HRTIM_TIMB_IRQHandler
                0x08007974                CEC_IRQHandler
                0x08007974                EXTI15_10_IRQHandler
                0x08007974                BDMA_CH4_IRQHandler
                0x08007974                DMA_STR3_IRQHandler
                0x08007974                HRTIM_TIME_IRQHandler
                0x08007974                HRTIM1_TIMA_IRQHandler
                0x08007974                SPI5_IRQHandler
                0x08007974                TIM7_IRQHandler
                0x08007974                SDMMC1_IRQHandler
                0x08007974                TIM5_IRQHandler
                0x08007974                SPDIF_IRQHandler
                0x08007974                TIM15_IRQHandler
                0x08007974                I2C3_EV_IRQHandler
                0x08007974                WWDG1_RST_IRQHandler
                0x08007974                EXTI9_5_IRQHandler
                0x08007974                DMA2_STR4_IRQHandler
                0x08007974                RTC_WKUP_IRQHandler
                0x08007974                DMA2_STR6_IRQHandler
                0x08007974                LTDC_IRQHandler
                0x08007974                SAI3_IRQHandler
                0x08007974                ETH_WKUP_IRQHandler
                0x08007974                PVD_PVM_IRQHandler
                0x08007974                BDMA_CH0_IRQHandler
                0x08007974                SPI2_IRQHandler
                0x08007974                OTG_HS_EP1_IN_IRQHandler
                0x08007974                DMA2_STR0_IRQHandler
                0x08007974                CRS_IRQHandler
                0x08007974                EXTI4_IRQHandler
                0x08007974                DMAMUX1_OV_IRQHandler
                0x08007974                FDCAN2_IT1_IRQHandler
                0x08007974                DMA_STR4_IRQHandler
                0x08007974                COMP_IRQHandler
                0x08007974                DMA2_STR2_IRQHandler
                0x08007974                ETH_IRQHandler
                0x08007974                TIM1_UP_IRQHandler
                0x08007974                DMA2_STR7_IRQHandler
                0x08007974                OTG_HS_EP1_OUT_IRQHandler
                0x08007974                SPI6_IRQHandler
                0x08007974                MDIOS_IRQHandler
                0x08007974                I2C4_EV_IRQHandler
                0x08007974                FDCAN2_IT0_IRQHandler
                0x08007974                BDMA_CH7_IRQHandler
                0x08007974                FDCAN1_IT0_IRQHandler
                0x08007974                TIM2_IRQHandler
                0x08007974                HSEM0_IRQHandler
                0x08007974                OTG_FS_WKUP_IRQHandler
                0x08007974                OTG_HS_IRQHandler
                0x08007974                DMA2D_IRQHandler
                0x08007974                TIM1_BRK_IRQHandler
                0x08007974                EXTI1_IRQHandler
                0x08007974                OTG_FS_EP1_OUT_IRQHandler
                0x08007974                UART7_IRQHandler
                0x08007974                MDIOS_WKUP_IRQHandler
                0x08007974                DFSDM1_FLT0_IRQHandler
                0x08007974                SAI4_IRQHandler
                0x08007974                I2C2_ER_IRQHandler
                0x08007974                FLASH_IRQHandler
                0x08007974                WWDG1_IRQHandler
                0x08007974                SPI3_IRQHandler
                0x08007974                OTG_FS_EP1_IN_IRQHandler
                0x08007974                I2C1_ER_IRQHandler
                0x08007974                FMC_IRQHandler
                0x08007974                BDMA_CH1_IRQHandler
                0x08007974                FDCAN_CAL_IRQHandler
                0x08007974                SWPMI1_IRQHandler
                0x08007974                LPTIM1_IRQHandler
                0x08007974                TIM_CC_IRQHandler
                0x08007974                I2C4_ER_IRQHandler
                0x08007974                SAI1_IRQHandler
                0x08007974                RTC_TAMP_STAMP_CSS_LSE_IRQHandler
 .text.sulp     0x08007976       0x34 D:/STM32CubeIDE_2.1.0/STM32CubeIDE/plugins/com.st.stm32cube.ide.mcu.externaltools.gnu-tools-for-stm32.14.3.rel1.win32_1.0.100.202602081740/tools/bin/../lib/gcc/arm-none-eabi/14.2.1/thumb/v7e-m+dp/hard\libc_nano.a(libc_a-strtod.o)
 *fill*         0x080079aa        0x6 
 .text._strtod_l
                0x080079b0      0xb34 D:/STM32CubeIDE_2.1.0/STM32CubeIDE/plugins/com.st.stm32cube.ide.mcu.externaltools.gnu-tools-for-stm32.14.3.rel1.win32_1.0.100.202602081740/tools/bin/../lib/gcc/arm-none-eabi/14.2.1/thumb/v7e-m+dp/hard\libc_nano.a(libc_a-strtod.o)
                0x080079b0                _strtod_l
 *fill*         0x080084e4        0x4 
 .text.strtof   0x080084e8       0x9c D:/STM32CubeIDE_2.1.0/STM32CubeIDE/plugins/com.st.stm32cube.ide.mcu.externaltools.gnu-tools-for-stm32.14.3.rel1.win32_1.0.100.202602081740/tools/bin/../lib/gcc/arm-none-eabi/14.2.1/thumb/v7e-m+dp/hard\libc_nano.a(libc_a-strtod.o)
                0x080084e8                strtof
 .text._strtoul_l.isra.0
                0x08008584       0xdc D:/STM32CubeIDE_2.1.0/STM32CubeIDE/plugins/com.st.stm32cube.ide.mcu.externaltools.gnu-tools-for-stm32.14.3.rel1.win32_1.0.100.202602081740/tools/bin/../lib/gcc/arm-none-eabi/14.2.1/thumb/v7e-m+dp/hard\libc_nano.a(libc_a-strtoul.o)
 .text._strtoul_r
                0x08008660        0x4 D:/STM32CubeIDE_2.1.0/STM32CubeIDE/plugins/com.st.stm32cube.ide.mcu.externaltools.gnu-tools-for-stm32.14.3.rel1.win32_1.0.100.202602081740/tools/bin/../lib/gcc/arm-none-eabi/14.2.1/thumb/v7e-m+dp/hard\libc_nano.a(libc_a-strtoul.o)
                0x08008660                _strtoul_r
 .text.strtoul  0x08008664       0x14 D:/STM32CubeIDE_2.1.0/STM32CubeIDE/plugins/com.st.stm32cube.ide.mcu.externaltools.gnu-tools-for-stm32.14.3.rel1.win32_1.0.100.202602081740/tools/bin/../lib/gcc/arm-none-eabi/14.2.1/thumb/v7e-m+dp/hard\libc_nano.a(libc_a-strtoul.o)
                0x08008664                strtoul
 .text.std      0x08008678       0x6c D:/STM32CubeIDE_2.1.0/STM32CubeIDE/plugins/com.st.stm32cube.ide.mcu.externaltools.gnu-tools-for-stm32.14.3.rel1.win32_1.0.100.202602081740/tools/bin/../lib/gcc/arm-none-eabi/14.2.1/thumb/v7e-m+dp/hard\libc_nano.a(libc_a-findfp.o)
 .text.stdio_exit_handler
                0x080086e4       0x18 D:/STM32CubeIDE_2.1.0/STM32CubeIDE/plugins/com.st.stm32cube.ide.mcu.externaltools.gnu-tools-for-stm32.14.3.rel1.win32_1.0.100.202602081740/tools/bin/../lib/gcc/arm-none-eabi/14.2.1/thumb/v7e-m+dp/hard\libc_nano.a(libc_a-findfp.o)
 .text.cleanup_stdio
                0x080086fc       0x40 D:/STM32CubeIDE_2.1.0/STM32CubeIDE/plugins/com.st.stm32cube.ide.mcu.externaltools.gnu-tools-for-stm32.14.3.rel1.win32_1.0.100.202602081740/tools/bin/../lib/gcc/arm-none-eabi/14.2.1/thumb/v7e-m+dp/hard\libc_nano.a(libc_a-findfp.o)
 .text.global_stdio_init.part.0
                0x0800873c       0x40 D:/STM32CubeIDE_2.1.0/STM32CubeIDE/plugins/com.st.stm32cube.ide.mcu.externaltools.gnu-tools-for-stm32.14.3.rel1.win32_1.0.100.202602081740/tools/bin/../lib/gcc/arm-none-eabi/14.2.1/thumb/v7e-m+dp/hard\libc_nano.a(libc_a-findfp.o)
 .text.__sfp_lock_acquire
                0x0800877c        0xc D:/STM32CubeIDE_2.1.0/STM32CubeIDE/plugins/com.st.stm32cube.ide.mcu.externaltools.gnu-tools-for-stm32.14.3.rel1.win32_1.0.100.202602081740/tools/bin/../lib/gcc/arm-none-eabi/14.2.1/thumb/v7e-m+dp/hard\libc_nano.a(libc_a-findfp.o)
                0x0800877c                __sfp_lock_acquire
 .text.__sfp_lock_release
                0x08008788        0xc D:/STM32CubeIDE_2.1.0/STM32CubeIDE/plugins/com.st.stm32cube.ide.mcu.externaltools.gnu-tools-for-stm32.14.3.rel1.win32_1.0.100.202602081740/tools/bin/../lib/gcc/arm-none-eabi/14.2.1/thumb/v7e-m+dp/hard\libc_nano.a(libc_a-findfp.o)
                0x08008788                __sfp_lock_release
 .text.__sinit  0x08008794       0x30 D:/STM32CubeIDE_2.1.0/STM32CubeIDE/plugins/com.st.stm32cube.ide.mcu.externaltools.gnu-tools-for-stm32.14.3.rel1.win32_1.0.100.202602081740/tools/bin/../lib/gcc/arm-none-eabi/14.2.1/thumb/v7e-m+dp/hard\libc_nano.a(libc_a-findfp.o)
                0x08008794                __sinit
 .text._fwalk_sglue
                0x080087c4       0x3c D:/STM32CubeIDE_2.1.0/STM32CubeIDE/plugins/com.st.stm32cube.ide.mcu.externaltools.gnu-tools-for-stm32.14.3.rel1.win32_1.0.100.202602081740/tools/bin/../lib/gcc/arm-none-eabi/14.2.1/thumb/v7e-m+dp/hard\libc_nano.a(libc_a-fwalk.o)
                0x080087c4                _fwalk_sglue
 .text.snprintf
                0x08008800       0x6c D:/STM32CubeIDE_2.1.0/STM32CubeIDE/plugins/com.st.stm32cube.ide.mcu.externaltools.gnu-tools-for-stm32.14.3.rel1.win32_1.0.100.202602081740/tools/bin/../lib/gcc/arm-none-eabi/14.2.1/thumb/v7e-m+dp/hard\libc_nano.a(libc_a-snprintf.o)
                0x08008800                sniprintf
                0x08008800                snprintf
 .text.sscanf   0x0800886c       0x58 D:/STM32CubeIDE_2.1.0/STM32CubeIDE/plugins/com.st.stm32cube.ide.mcu.externaltools.gnu-tools-for-stm32.14.3.rel1.win32_1.0.100.202602081740/tools/bin/../lib/gcc/arm-none-eabi/14.2.1/thumb/v7e-m+dp/hard\libc_nano.a(libc_a-sscanf.o)
                0x0800886c                siscanf
                0x0800886c                sscanf