Archive member included to satisfy reference by file (symbol)

D:/STM32CubeIDE_2.1.0/STM32CubeIDE/plugins/com.st.stm32cube.ide.mcu.externaltools.gnu-tools-for-stm32.14.3.rel1.win32_1.0.100.202602081740/tools/bin/../lib/gcc/arm-none-eabi/14.2.1/thumb/v7e-m+dp/hard\libc_nano.a(libc_a-exit.o)
                              D:/STM32CubeIDE_2.1.0/STM32CubeIDE/plugins/com.st.stm32cube.ide.mcu.externaltools.gnu-tools-for-stm32.14.3.rel1.win32_1.0.100.202602081740/tools/bin/../lib/gcc/arm-none-eabi/14.2.1/thumb/v7e-m+dp/hard/crt0.o (exit)
D:/STM32CubeIDE_2.1.0/STM32CubeIDE/plugins/com.st.stm32cube.ide.mcu.externaltools.gnu-tools-for-stm32.14.3.rel1.win32_1.0.100.202602081740/tools/bin/../lib/gcc/arm-none-eabi/14.2.1/thumb/v7e-m+dp/hard\libc_nano.a(libc_a-strtod.o)
                              C:\Users\HCRXc\Desktop\stm32h743-4tof-safety-bridge-main\firmware\h743_tof_usb_bridge_cubeide\build\Release\obj\Core\Src\main.o (strtof)
D:/STM32CubeIDE_2.1.0/STM32CubeIDE/plugins/com.st.stm32cube.ide.mcu.externaltools.gnu-tools-for-stm32.14.3.rel1.win32_1.0.100.202602081740/tools/bin/../lib/gcc/arm-none-eabi/14.2.1/thumb/v7e-m+dp/hard\libc_nano.a(libc_a-strtoul.o)
                              C:\Users\HCRXc\Desktop\stm32h743-4tof-safety-bridge-main\firmware\h743_tof_usb_bridge_cubeide\build\Release\obj\Core\Src\main.o (strtoul)
D:/STM32CubeIDE_2.1.0/STM32CubeIDE/plugins/com.st.stm32cube.ide.mcu.externaltools.gnu-tools-for-stm32.14.3.rel1.win32_1.0.100.202602081740/tools/bin/../lib/gcc/arm-none-eabi/14.2.1/thumb/v7e-m+dp/hard\libc_nano.a(libc_a-ctype_.o)
                              D:/STM32CubeIDE_2.1.0/STM32CubeIDE/plugins/com.st.stm32cube.ide.mcu.externaltools.gnu-tools-for-stm32.14.3.rel1.win32_1.0.100.202602081740/tools/bin/../lib/gcc/arm-none-eabi/14.2.1/thumb/v7e-m+dp/hard\libc_nano.a(libc_a-strtoul.o) (_ctype_)
D:/STM32CubeIDE_2.1.0/STM32CubeIDE/plugins/com.st.stm32cube.ide.mcu.externaltools.gnu-tools-for-stm32.14.3.rel1.win32_1.0.100.202602081740/tools/bin/../lib/gcc/arm-none-eabi/14.2.1/thumb/v7e-m+dp/hard\libc_nano.a(libc_a-findfp.o)
                              D:/STM32CubeIDE_2.1.0/STM32CubeIDE/plugins/com.st.stm32cube.ide.mcu.externaltools.gnu-tools-for-stm32.14.3.rel1.win32_1.0.100.202602081740/tools/bin/../lib/gcc/arm-none-eabi/14.2.1/thumb/v7e-m+dp/hard\libc_nano.a(libc_a-exit.o) (__stdio_exit_handler)
D:/STM32CubeIDE_2.1.0/STM32CubeIDE/plugins/com.st.stm32cube.ide.mcu.externaltools.gnu-tools-for-stm32.14.3.rel1.win32_1.0.100.202602081740/tools/bin/../lib/gcc/arm-none-eabi/14.2.1/thumb/v7e-m+dp/hard\libc_nano.a(libc_a-fwalk.o)
                              D:/STM32CubeIDE_2.1.0/STM32CubeIDE/plugins/com.st.stm32cube.ide.mcu.externaltools.gnu-tools-for-stm32.14.3.rel1.win32_1.0.100.202602081740/tools/bin/../lib/gcc/arm-none-eabi/14.2.1/thumb/v7e-m+dp/hard\libc_nano.a(libc_a-findfp.o) (_fwalk_sglue)
D:/STM32CubeIDE_2.1.0/STM32CubeIDE/plugins/com.st.stm32cube.ide.mcu.externaltools.gnu-tools-for-stm32.14.3.rel1.win32_1.0.100.202602081740/tools/bin/../lib/gcc/arm-none-eabi/14.2.1/thumb/v7e-m+dp/hard\libc_nano.a(libc_a-snprintf.o)
                              C:\Users\HCRXc\Desktop\stm32h743-4tof-safety-bridge-main\firmware\h743_tof_usb_bridge_cubeide\build\Release\obj\Core\Src\main.o (snprintf)
D:/STM32CubeIDE_2.1.0/STM32CubeIDE/plugins/com.st.stm32cube.ide.mcu.externaltools.gnu-tools-for-stm32.14.3.rel1.win32_1.0.100.202602081740/tools/bin/../lib/gcc/arm-none-eabi/14.2.1/thumb/v7e-m+dp/hard\libc_nano.a(libc_a-sscanf.o)
                              C:\Users\HCRXc\Desktop\stm32h743-4tof-safety-bridge-main\firmware\h743_tof_usb_bridge_cubeide\build\Release\obj\Core\Src\main.o (sscanf)
D:/STM32CubeIDE_2.1.0/STM32CubeIDE/plugins/com.st.stm32cube.ide.mcu.externaltools.gnu-tools-for-stm32.14.3.rel1.win32_1.0.100.202602081740/tools/bin/../lib/gcc/arm-none-eabi/14.2.1/thumb/v7e-m+dp/hard\libc_nano.a(libc_a-stdio.o)
                              D:/STM32CubeIDE_2.1.0/STM32CubeIDE/plugins/com.st.stm32cube.ide.mcu.externaltools.gnu-tools-for-stm32.14.3.rel1.win32_1.0.100.202602081740/tools/bin/../lib/gcc/arm-none-eabi/14.2.1/thumb/v7e-m+dp/hard\libc_nano.a(libc_a-findfp.o) (__sread)
D:/STM32CubeIDE_2.1.0/STM32CubeIDE/plugins/com.st.stm32cube.ide.mcu.externaltools.gnu-tools-for-stm32.14.3.rel1.win32_1.0.100.202602081740/tools/bin/../lib/gcc/arm-none-eabi/14.2.1/thumb/v7e-m+dp/hard\libc_nano.a(libc_a-vsnprintf.o)
                              C:\Users\HCRXc\Desktop\stm32h743-4tof-safety-bridge-main\firmware\h743_tof_usb_bridge_cubeide\build\Release\obj\USB_DEVICE\App\usbd_cdc_if.o (vsnprintf)
D:/STM32CubeIDE_2.1.0/STM32CubeIDE/plugins/com.st.stm32cube.ide.mcu.externaltools.gnu-tools-for-stm32.14.3.rel1.win32_1.0.100.202602081740/tools/bin/../lib/gcc/arm-none-eabi/14.2.1/thumb/v7e-m+dp/hard\libc_nano.a(libc_a-memset.o)
[...]
Memory Configuration

Name             Origin             Length             Attributes
FLASH            0x08000000         0x001e0000         xr
NVCFG            0x081e0000         0x00020000         xr
DTCMRAM          0x20000000         0x00020000         xrw
RAM_D1           0x24000000         0x00080000         xrw
RAM_D2           0x30000000         0x00048000         xrw
RAM_D3           0x38000000         0x00010000         xrw
ITCMRAM          0x00000000         0x00010000         xrw
*default*        0x00000000         0xffffffff

Linker script and memory map

LOAD D:/STM32CubeIDE_2.1.0/STM32CubeIDE/plugins/com.st.stm32cube.ide.mcu.externaltools.gnu-tools-for-stm32.14.3.rel1.win32_1.0.100.202602081740/tools/bin/../lib/gcc/arm-none-eabi/14.2.1/thumb/v7e-m+dp/hard/crti.o
LOAD D:/STM32CubeIDE_2.1.0/STM32CubeIDE/plugins/com.st.stm32cube.ide.mcu.externaltools.gnu-tools-for-stm32.14.3.rel1.win32_1.0.100.202602081740/tools/bin/../lib/gcc/arm-none-eabi/14.2.1/thumb/v7e-m+dp/hard/crtbegin.o
LOAD D:/STM32CubeIDE_2.1.0/STM32CubeIDE/plugins/com.st.stm32cube.ide.mcu.externaltools.gnu-tools-for-stm32.14.3.rel1.win32_1.0.100.202602081740/tools/bin/../lib/gcc/arm-none-eabi/14.2.1/thumb/v7e-m+dp/hard/crt0.o
LOAD C:\Users\HCRXc\Desktop\stm32h743-4tof-safety-bridge-main\firmware\h743_tof_usb_bridge_cubeide\build\Release\obj\Core\Src\main.o
LOAD C:\Users\HCRXc\Desktop\stm32h743-4tof-safety-bridge-main\firmware\h743_tof_usb_bridge_cubeide\build\Release\obj\Core\Src\stm32h7xx_hal_msp.o
LOAD C:\Users\HCRXc\Desktop\stm32h743-4tof-safety-bridge-main\firmware\h743_tof_usb_bridge_cubeide\build\Release\obj\Core\Src\stm32h7xx_it.o
LOAD C:\Users\HCRXc\Desktop\stm32h743-4tof-safety-bridge-main\firmware\h743_tof_usb_bridge_cubeide\build\Release\obj\Core\Src\syscalls.o
LOAD C:\Users\HCRXc\Desktop\stm32h743-4tof-safety-bridge-main\firmware\h743_tof_usb_bridge_cubeide\build\Release\obj\Core\Src\sysmem.o
LOAD C:\Users\HCRXc\Desktop\stm32h743-4tof-safety-bridge-main\firmware\h743_tof_usb_bridge_cubeide\build\Release\obj\Core\Src\system_stm32h7xx.o
LOAD C:\Users\HCRXc\Desktop\stm32h743-4tof-safety-bridge-main\firmware\h743_tof_usb_bridge_cubeide\build\Release\obj\Drivers\STM32H7xx_HAL_Driver\Src\stm32h7xx_hal.o
LOAD C:\Users\HCRXc\Desktop\stm32h743-4tof-safety-bridge-main\firmware\h743_tof_usb_bridge_cubeide\build\Release\obj\Drivers\STM32H7xx_HAL_Driver\Src\stm32h7xx_hal_cortex.o
LOAD C:\Users\HCRXc\Desktop\stm32h743-4tof-safety-bridge-main\firmware\h743_tof_usb_bridge_cubeide\build\Release\obj\Drivers\STM32H7xx_HAL_Driver\Src\stm32h7xx_hal_dma.o
LOAD C:\Users\HCRXc\Desktop\stm32h743-4tof-safety-bridge-main\firmware\h743_tof_usb_bridge_cubeide\build\Release\obj\Drivers\STM32H7xx_HAL_Driver\Src\stm32h7xx_hal_dma_ex.o
LOAD C:\Users\HCRXc\Desktop\stm32h743-4tof-safety-bridge-main\firmware\h743_tof_usb_bridge_cubeide\build\Release\obj\Drivers\STM32H7xx_HAL_Driver\Src\stm32h7xx_hal_exti.o
LOAD C:\Users\HCRXc\Desktop\stm32h743-4tof-safety-bridge-main\firmware\h743_tof_usb_bridge_cubeide\build\Release\obj\Drivers\STM32H7xx_HAL_Driver\Src\stm32h7xx_hal_flash.o
LOAD C:\Users\HCRXc\Desktop\stm32h743-4tof-safety-bridge-main\firmware\h743_tof_usb_bridge_cubeide\build\Release\obj\Drivers\STM32H7xx_HAL_Driver\Src\stm32h7xx_hal_flash_ex.o
LOAD C:\Users\HCRXc\Desktop\stm32h743-4tof-safety-bridge-main\firmware\h743_tof_usb_bridge_cubeide\build\Release\obj\Drivers\STM32H7xx_HAL_Driver\Src\stm32h7xx_hal_gpio.o
LOAD C:\Users\HCRXc\Desktop\stm32h743-4tof-safety-bridge-main\firmware\h743_tof_usb_bridge_cubeide\build\Release\obj\Drivers\STM32H7xx_HAL_Driver\Src\stm32h7xx_hal_hsem.o
LOAD C:\Users\HCRXc\Desktop\stm32h743-4tof-safety-bridge-main\firmware\h743_tof_usb_bridge_cubeide\build\Release\obj\Drivers\STM32H7xx_HAL_Driver\Src\stm32h7xx_hal_i2c.o
LOAD C:\Users\HCRXc\Desktop\stm32h743-4tof-safety-bridge-main\firmware\h743_tof_usb_bridge_cubeide\build\Release\obj\Drivers\STM32H7xx_HAL_Driver\Src\stm32h7xx_hal_i2c_ex.o
LOAD C:\Users\HCRXc\Desktop\stm32h743-4tof-safety-bridge-main\firmware\h743_tof_usb_bridge_cubeide\build\Release\obj\Drivers\STM32H7xx_HAL_Driver\Src\stm32h7xx_hal_mdma.o
LOAD C:\Users\HCRXc\Desktop\stm32h743-4tof-safety-bridge-main\firmware\h743_tof_usb_bridge_cubeide\build\Release\obj\Drivers\STM32H7xx_HAL_Driver\Src\stm32h7xx_hal_pcd.o
LOAD C:\Users\HCRXc\Desktop\stm32h743-4tof-safety-bridge-main\firmware\h743_tof_usb_bridge_cubeide\build\Release\obj\Drivers\STM32H7xx_HAL_Driver\Src\stm32h7xx_hal_pcd_ex.o
LOAD C:\Users\HCRXc\Desktop\stm32h743-4tof-safety-bridge-main\firmware\h743_tof_usb_bridge_cubeide\build\Release\obj\Drivers\STM32H7xx_HAL_Driver\Src\stm32h7xx_hal_pwr.o
LOAD C:\Users\HCRXc\Desktop\stm32h743-4tof-safety-bridge-main\firmware\h743_tof_usb_bridge_cubeide\build\Release\obj\Drivers\STM32H7xx_HAL_Driver\Src\stm32h7xx_hal_pwr_ex.o
LOAD C:\Users\HCRXc\Desktop\stm32h743-4tof-safety-bridge-main\firmware\h743_tof_usb_bridge_cubeide\build\Release\obj\Drivers\STM32H7xx_HAL_Driver\Src\stm32h7xx_hal_rcc.o
LOAD C:\Users\HCRXc\Desktop\stm32h743-4tof-safety-bridge-main\firmware\h743_tof_usb_bridge_cubeide\build\Release\obj\Drivers\STM32H7xx_HAL_Driver\Src\stm32h7xx_hal_rcc_ex.o
LOAD C:\Users\HCRXc\Desktop\stm32h743-4tof-safety-bridge-main\firmware\h743_tof_usb_bridge_cubeide\build\Release\obj\Drivers\STM32H7xx_HAL_Driver\Src\stm32h7xx_hal_tim.o
LOAD C:\Users\HCRXc\Desktop\stm32h743-4tof-safety-bridge-main\firmware\h743_tof_usb_bridge_cubeide\build\Release\obj\Drivers\STM32H7xx_HAL_Driver\Src\stm32h7xx_hal_tim_ex.o
LOAD C:\Users\HCRXc\Desktop\stm32h743-4tof-safety-bridge-main\firmware\h743_tof_usb_bridge_cubeide\build\Release\obj\Drivers\STM32H7xx_HAL_Driver\Src\stm32h7xx_hal_uart.o
LOAD C:\Users\HCRXc\Desktop\stm32h743-4tof-safety-bridge-main\firmware\h743_tof_usb_bridge_cubeide\build\Release\obj\Drivers\STM32H7xx_HAL_Driver\Src\stm32h7xx_hal_uart_ex.o
LOAD C:\Users\HCRXc\Desktop\stm32h743-4tof-safety-bridge-main\firmware\h743_tof_usb_bridge_cubeide\build\Release\obj\Drivers\STM32H7xx_HAL_Driver\Src\stm32h7xx_ll_usb.o
LOAD C:\Users\HCRXc\Desktop\stm32h743-4tof-safety-bridge-main\firmware\h743_tof_usb_bridge_cubeide\build\Release\obj\Drivers\User\Src\led.o
LOAD C:\Users\HCRXc\Desktop\stm32h743-4tof-safety-bridge-main\firmware\h743_tof_usb_bridge_cubeide\build\Release\obj\Middlewares\ST\STM32_USB_Device_Library\Class\CDC\Src\usbd_cdc.o
LOAD C:\Users\HCRXc\Desktop\stm32h743-4tof-safety-bridge-main\firmware\h743_tof_usb_bridge_cubeide\build\Release\obj\Middlewares\ST\STM32_USB_Device_Library\Core\Src\usbd_core.o
LOAD C:\Users\HCRXc\Desktop\stm32h743-4tof-safety-bridge-main\firmware\h743_tof_usb_bridge_cubeide\build\Release\obj\Middlewares\ST\STM32_USB_Device_Library\Core\Src\usbd_ctlreq.o
LOAD C:\Users\HCRXc\Desktop\stm32h743-4tof-safety-bridge-main\firmware\h743_tof_usb_bridge_cubeide\build\Release\obj\Middlewares\ST\STM32_USB_Device_Library\Core\Src\usbd_ioreq.o
LOAD C:\Users\HCRXc\Desktop\stm32h743-4tof-safety-bridge-main\firmware\h743_tof_usb_bridge_cubeide\build\Release\obj\Startup\startup_stm32h743zitx.o
LOAD C:\Users\HCRXc\Desktop\stm32h743-4tof-safety-bridge-main\firmware\h743_tof_usb_bridge_cubeide\build\Release\obj\USB_DEVICE\App\usb_device.o
LOAD C:\Users\HCRXc\Desktop\stm32h743-4tof-safety-bridge-main\firmware\h743_tof_usb_bridge_cubeide\build\Release\obj\USB_DEVICE\App\usbd_cdc_if.o
LOAD C:\Users\HCRXc\Desktop\stm32h743-4tof-safety-bridge-main\firmware\h743_tof_usb_bridge_cubeide\build\Release\obj\USB_DEVICE\App\usbd_desc.o
LOAD C:\Users\HCRXc\Desktop\stm32h743-4tof-safety-bridge-main\firmware\h743_tof_usb_bridge_cubeide\build\Release\obj\USB_DEVICE\Target\usbd_conf.o
START GROUP
LOAD D:/STM32CubeIDE_2.1.0/STM32CubeIDE/plugins/com.st.stm32cube.ide.mcu.externaltools.gnu-tools-for-stm32.14.3.rel1.win32_1.0.100.202602081740/tools/bin/../lib/gcc/arm-none-eabi/14.2.1/thumb/v7e-m+dp/hard\libc_nano.a
LOAD D:/STM32CubeIDE_2.1.0/STM32CubeIDE/plugins/com.st.stm32cube.ide.mcu.externaltools.gnu-tools-for-stm32.14.3.rel1.win32_1.0.100.202602081740/tools/bin/../lib/gcc/arm-none-eabi/14.2.1/thumb/v7e-m+dp/hard\libm.a
END GROUP
START GROUP
LOAD D:/STM32CubeIDE_2.1.0/STM32CubeIDE/plugins/com.st.stm32cube.ide.mcu.externaltools.gnu-tools-for-stm32.14.3.rel1.win32_1.0.100.202602081740/tools/bin/../lib/gcc/arm-none-eabi/14.2.1/thumb/v7e-m+dp/hard\libgcc.a
LOAD D:/STM32CubeIDE_2.1.0/STM32CubeIDE/plugins/com.st.stm32cube.ide.mcu.externaltools.gnu-tools-for-stm32.14.3.rel1.win32_1.0.100.202602081740/tools/bin/../lib/gcc/arm-none-eabi/14.2.1/thumb/v7e-m+dp/hard\libc_nano.a
END GROUP
START GROUP
LOAD D:/STM32CubeIDE_2.1.0/STM32CubeIDE/plugins/com.st.stm32cube.ide.mcu.externaltools.gnu-tools-for-stm32.14.3.rel1.win32_1.0.100.202602081740/tools/bin/../lib/gcc/arm-none-eabi/14.2.1/thumb/v7e-m+dp/hard\libgcc.a
LOAD D:/STM32CubeIDE_2.1.0/STM32CubeIDE/plugins/com.st.stm32cube.ide.mcu.externaltools.gnu-tools-for-stm32.14.3.rel1.win32_1.0.100.202602081740/tools/bin/../lib/gcc/arm-none-eabi/14.2.1/thumb/v7e-m+dp/hard\libc_nano.a
LOAD D:/STM32CubeIDE_2.1.0/STM32CubeIDE/plugins/com.st.stm32cube.ide.mcu.externaltools.gnu-tools-for-stm32.14.3.rel1.win32_1.0.100.202602081740/tools/bin/../lib/gcc/arm-none-eabi/14.2.1/thumb/v7e-m+dp/hard\libnosys.a
END GROUP
START GROUP
LOAD D:/STM32CubeIDE_2.1.0/STM32CubeIDE/plugins/com.st.stm32cube.ide.mcu.externaltools.gnu-tools-for-stm32.14.3.rel1.win32_1.0.100.202602081740/tools/bin/../lib/gcc/arm-none-eabi/14.2.1/thumb/v7e-m+dp/hard\libgcc.a
LOAD D:/STM32CubeIDE_2.1.0/STM32CubeIDE/plugins/com.st.stm32cube.ide.mcu.externaltools.gnu-tools-for-stm32.14.3.rel1.win32_1.0.100.202602081740/tools/bin/../lib/gcc/arm-none-eabi/14.2.1/thumb/v7e-m+dp/hard\libc_nano.a
LOAD D:/STM32CubeIDE_2.1.0/STM32CubeIDE/plugins/com.st.stm32cube.ide.mcu.externaltools.gnu-tools-for-stm32.14.3.rel1.win32_1.0.100.202602081740/tools/bin/../lib/gcc/arm-none-eabi/14.2.1/thumb/v7e-m+dp/hard\libnosys.a
END GROUP
LOAD D:/STM32CubeIDE_2.1.0/STM32CubeIDE/plugins/com.st.stm32cube.ide.mcu.externaltools.gnu-tools-for-stm32.14.3.rel1.win32_1.0.100.202602081740/tools/bin/../lib/gcc/arm-none-eabi/14.2.1/thumb/v7e-m+dp/hard/crtend.o
LOAD D:/STM32CubeIDE_2.1.0/STM32CubeIDE/plugins/com.st.stm32cube.ide.mcu.externaltools.gnu-tools-for-stm32.14.3.rel1.win32_1.0.100.202602081740/tools/bin/../lib/gcc/arm-none-eabi/14.2.1/thumb/v7e-m+dp/hard/crtn.o
                0x24080000                        _estack = (ORIGIN (RAM_D1) + LENGTH (RAM_D1))
                0x00000200                        _Min_Heap_Size = 0x200
                0x00000400                        _Min_Stack_Size = 0x400

.isr_vector     0x08000000      0x298
                0x08000000                        . = ALIGN (0x4)
 *(.isr_vector)
 .isr_vector    0x08000000      0x298 C:\Users\HCRXc\Desktop\stm32h743-4tof-safety-bridge-main\firmware\h743_tof_usb_bridge_cubeide\build\Release\obj\Startup\startup_stm32h743zitx.o
                0x08000000                g_pfnVectors
                0x08000298                        . = ALIGN (0x4)

.text           0x080002a0     0xae90
                0x080002a0                        . = ALIGN (0x4)
 *(.text)
 .text          0x080002a0       0x10 D:/STM32CubeIDE_2.1.0/STM32CubeIDE/plugins/com.st.stm32cube.ide.mcu.externaltools.gnu-tools-for-stm32.14.3.rel1.win32_1.0.100.202602081740/tools/bin/../lib/gcc/arm-none-eabi/14.2.1/thumb/v7e-m+dp/hard\libc_nano.a(libc_a-strlen.o)
                0x080002a0                strlen
 .text          0x080002b0       0xa0 D:/STM32CubeIDE_2.1.0/STM32CubeIDE/plugins/com.st.stm32cube.ide.mcu.externaltools.gnu-tools-for-stm32.14.3.rel1.win32_1.0.100.202602081740/tools/bin/../lib/gcc/arm-none-eabi/14.2.1/thumb/v7e-m+dp/hard\libc_nano.a(libc_a-memchr.o)
                0x080002b0                memchr
 .text          0x08000350      0x378 D:/STM32CubeIDE_2.1.0/STM32CubeIDE/plugins/com.st.stm32cube.ide.mcu.externaltools.gnu-tools-for-stm32.14.3.rel1.win32_1.0.100.202602081740/tools/bin/../lib/gcc/arm-none-eabi/14.2.1/thumb/v7e-m+dp/hard\libgcc.a(_arm_addsubdf3.o)
                0x08000350                __aeabi_drsub
                0x08000358                __aeabi_dsub
                0x08000358                __subdf3
                0x0800035c                __aeabi_dadd
                0x0800035c                __adddf3
                0x080005d4                __floatunsidf
                0x080005d4                __aeabi_ui2d
                0x080005f4                __floatsidf
                0x080005f4                __aeabi_i2d
                0x08000618                __aeabi_f2d
                0x08000618                __extendsfdf2
                0x0800065c                __floatundidf
                0x0800065c                __aeabi_ul2d
                0x0800066c                __floatdidf
                0x0800066c                __aeabi_l2d
 .text          0x080006c8       0x30 D:/STM32CubeIDE_2.1.0/STM32CubeIDE/plugins/com.st.stm32cube.ide.mcu.externaltools.gnu-tools-for-stm32.14.3.rel1.win32_1.0.100.202602081740/tools/bin/../lib/gcc/arm-none-eabi/14.2.1/thumb/v7e-m+dp/hard\libgcc.a(_aeabi_uldivmod.o)
                0x080006c8                __aeabi_uldivmod
 .text          0x080006f8        0x4 D:/STM32CubeIDE_2.1.0/STM32CubeIDE/plugins/com.st.stm32cube.ide.mcu.externaltools.gnu-tools-for-stm32.14.3.rel1.win32_1.0.100.202602081740/tools/bin/../lib/gcc/arm-none-eabi/14.2.1/thumb/v7e-m+dp/hard\libgcc.a(_dvmd_tls.o)
                0x080006f8                __aeabi_idiv0
                0x080006f8                __aeabi_ldiv0
 *(.text*)
 .text.deregister_tm_clones
                0x080006fc       0x1c D:/STM32CubeIDE_2.1.0/STM32CubeIDE/plugins/com.st.stm32cube.ide.mcu.externaltools.gnu-tools-for-stm32.14.3.rel1.win32_1.0.100.202602081740/tools/bin/../lib/gcc/arm-none-eabi/14.2.1/thumb/v7e-m+dp/hard/crtbegin.o
 .text.register_tm_clones
                0x08000718       0x24 D:/STM32CubeIDE_2.1.0/STM32CubeIDE/plugins/com.st.stm32cube.ide.mcu.externaltools.gnu-tools-for-stm32.14.3.rel1.win32_1.0.100.202602081740/tools/bin/../lib/gcc/arm-none-eabi/14.2.1/thumb/v7e-m+dp/hard/crtbegin.o
 .text.__do_global_dtors_aux
                0x0800073c       0x28 D:/STM32CubeIDE_2.1.0/STM32CubeIDE/plugins/com.st.stm32cube.ide.mcu.externaltools.gnu-tools-for-stm32.14.3.rel1.win32_1.0.100.202602081740/tools/bin/../lib/gcc/arm-none-eabi/14.2.1/thumb/v7e-m+dp/hard/crtbegin.o
 .text.frame_dummy
                0x08000764       0x24 D:/STM32CubeIDE_2.1.0/STM32CubeIDE/plugins/com.st.stm32cube.ide.mcu.externaltools.gnu-tools-for-stm32.14.3.rel1.win32_1.0.100.202602081740/tools/bin/../lib/gcc/arm-none-eabi/14.2.1/thumb/v7e-m+dp/hard/crtbegin.o
 .text.SystemClock_Config
                0x08000788       0xec C:\Users\HCRXc\Desktop\stm32h743-4tof-safety-bridge-main\firmware\h743_tof_usb_bridge_cubeide\build\Release\obj\Core\Src\main.o
 .text.APP_StartChannelReceive
                0x08000874       0x10 C:\Users\HCRXc\Desktop\stm32h743-4tof-safety-bridge-main\firmware\h743_tof_usb_bridge_cubeide\build\Release\obj\Core\Src\main.o
 .text.APP_TryReadJsonFloat
                0x08000884       0x40 C:\Users\HCRXc\Desktop\stm32h743-4tof-safety-bridge-main\firmware\h743_tof_usb_bridge_cubeide\build\Release\obj\Core\Src\main.o
 .text.APP_Stricmp
                0x080008c4       0x32 C:\Users\HCRXc\Desktop\stm32h743-4tof-safety-bridge-main\firmware\h743_tof_usb_bridge_cubeide\build\Release\obj\Core\Src\main.o
 *fill*         0x080008f6        0x2 
 .text.APP_PersistChecksum.part.0
                0x080008f8       0x34 C:\Users\HCRXc\Desktop\stm32h743-4tof-safety-bridge-main\firmware\h743_tof_usb_bridge_cubeide\build\Release\obj\Core\Src\main.o
 .text.APP_PersistRecordIsValid
                0x0800092c       0x3c C:\Users\HCRXc\Desktop\stm32h743-4tof-safety-bridge-main\firmware\h743_tof_usb_bridge_cubeide\build\Release\obj\Core\Src\main.o
 .text.APP_InvalidateDCache
                0x08000968       0x2c C:\Users\HCRXc\Desktop\stm32h743-4tof-safety-bridge-main\firmware\h743_tof_usb_bridge_cubeide\build\Release\obj\Core\Src\main.o
 .text.APP_Trim.part.0
                0x08000994       0x32 C:\Users\HCRXc\Desktop\stm32h743-4tof-safety-bridge-main\firmware\h743_tof_usb_bridge_cubeide\build\Release\obj\Core\Src\main.o
 .text.APP_UART_CommonInit
                0x080009c6       0x56 C:\Users\HCRXc\Desktop\stm32h743-4tof-safety-bridge-main\firmware\h743_tof_usb_bridge_cubeide\build\Release\obj\Core\Src\main.o
 .text.APP_EvaluateSafety.constprop.0
                0x08000a1c       0xe0 C:\Users\HCRXc\Desktop\stm32h743-4tof-safety-bridge-main\firmware\h743_tof_usb_bridge_cubeide\build\Release\obj\Core\Src\main.o
 .text.APP_ReportFrame
                0x08000afc      0x154 C:\Users\HCRXc\Desktop\stm32h743-4tof-safety-bridge-main\firmware\h743_tof_usb_bridge_cubeide\build\Release\obj\Core\Src\main.o
 .text.startup.main
                0x08000c50      0x3bc C:\Users\HCRXc\Desktop\stm32h743-4tof-safety-bridge-main\firmware\h743_tof_usb_bridge_cubeide\build\Release\obj\Core\Src\main.o
                0x08000c50                main
 .text.APP_ControlInput
                0x0800100c      0x3a8 C:\Users\HCRXc\Desktop\stm32h743-4tof-safety-bridge-main\firmware\h743_tof_usb_bridge_cubeide\build\Release\obj\Core\Src\main.o
                0x0800100c                APP_ControlInput
 .text.HAL_UART_RxCpltCallback
                0x080013b4       0xfc C:\Users\HCRXc\Desktop\stm32h743-4tof-safety-bridge-main\firmware\h743_tof_usb_bridge_cubeide\build\Release\obj\Core\Src\main.o
                0x080013b4                HAL_UART_RxCpltCallback
 .text.HAL_UART_ErrorCallback
                0x080014b0       0x64 C:\Users\HCRXc\Desktop\stm32h743-4tof-safety-bridge-main\firmware\h743_tof_usb_bridge_cubeide\build\Release\obj\Core\Src\main.o
                0x080014b0                HAL_UART_ErrorCallback
 .text.Error_Handler
                0x08001514        0x4 C:\Users\HCRXc\Desktop\stm32h743-4tof-safety-bridge-main\firmware\h743_tof_usb_bridge_cubeide\build\Release\obj\Core\Src\main.o
                0x08001514                Error_Handler
 .text.APP_UART_GPIO_Init.constprop.0
                0x08001518       0x20 C:\Users\HCRXc\Desktop\stm32h743-4tof-safety-bridge-main\firmware\h743_tof_usb_bridge_cubeide\build\Release\obj\Core\Src\stm32h7xx_hal_msp.o
 .text.HAL_MspInit
                0x08001538       0x24 C:\Users\HCRXc\Desktop\stm32h743-4tof-safety-bridge-main\firmware\h743_tof_usb_bridge_cubeide\build\Release\obj\Core\Src\stm32h7xx_hal_msp.o
                0x08001538                HAL_MspInit
 .text.HAL_UART_MspInit
                0x0800155c      0x1c4 C:\Users\HCRXc\Desktop\stm32h743-4tof-safety-bridge-main\firmware\h743_tof_usb_bridge_cubeide\build\Release\obj\Core\Src\stm32h7xx_hal_msp.o
                0x0800155c                HAL_UART_MspInit
 .text.NMI_Handler
                0x08001720        0x2 C:\Users\HCRXc\Desktop\stm32h743-4tof-safety-bridge-main\firmware\h743_tof_usb_bridge_cubeide\build\Release\obj\Core\Src\stm32h7xx_it.o
                0x08001720                NMI_Handler
 .text.HardFault_Handler
                0x08001722        0x2 C:\Users\HCRXc\Desktop\stm32h743-4tof-safety-bridge-main\firmware\h743_tof_usb_bridge_cubeide\build\Release\obj\Core\Src\stm32h7xx_it.o
                0x08001722                HardFault_Handler
 .text.MemManage_Handler
                0x08001724        0x2 C:\Users\HCRXc\Desktop\stm32h743-4tof-safety-bridge-main\firmware\h743_tof_usb_bridge_cubeide\build\Release\obj\Core\Src\stm32h7xx_it.o
                0x08001724                MemManage_Handler
 .text.BusFault_Handler
                0x08001726        0x2 C:\Users\HCRXc\Desktop\stm32h743-4tof-safety-bridge-main\firmware\h743_tof_usb_bridge_cubeide\build\Release\obj\Core\Src\stm32h7xx_it.o
                0x08001726                BusFault_Handler
 .text.UsageFault_Handler
                0x08001728        0x2 C:\Users\HCRXc\Desktop\stm32h743-4tof-safety-bridge-main\firmware\h743_tof_usb_bridge_cubeide\build\Release\obj\Core\Src\stm32h7xx_it.o
                0x08001728                UsageFault_Handler
 .text.SVC_Handler
                0x0800172a        0x2 C:\Users\HCRXc\Desktop\stm32h743-4tof-safety-bridge-main\firmware\h743_tof_usb_bridge_cubeide\build\Release\obj\Core\Src\stm32h7xx_it.o
                0x0800172a                SVC_Handler
 .text.DebugMon_Handler
                0x0800172c        0x2 C:\Users\HCRXc\Desktop\stm32h743-4tof-safety-bridge-main\firmware\h743_tof_usb_bridge_cubeide\build\Release\obj\Core\Src\stm32h7xx_it.o
                0x0800172c                DebugMon_Handler
 .text.PendSV_Handler
                0x0800172e        0x2 C:\Users\HCRXc\Desktop\stm32h743-4tof-safety-bridge-main\firmware\h743_tof_usb_bridge_cubeide\build\Release\obj\Core\Src\stm32h7xx_it.o
                0x0800172e                PendSV_Handler
 .text.SysTick_Handler
                0x08001730        0x4 C:\Users\HCRXc\Desktop\stm32h743-4tof-safety-bridge-main\firmware\h743_tof_usb_bridge_cubeide\build\Release\obj\Core\Src\stm32h7xx_it.o
                0x08001730                SysTick_Handler
 .text.OTG_FS_IRQHandler
                0x08001734        0xc C:\Users\HCRXc\Desktop\stm32h743-4tof-safety-bridge-main\firmware\h743_tof_usb_bridge_cubeide\build\Release\obj\Core\Src\stm32h7xx_it.o
                0x08001734                OTG_FS_IRQHandler
 .text.USART1_IRQHandler
                0x08001740        0xc C:\Users\HCRXc\Desktop\stm32h743-4tof-safety-bridge-main\firmware\h743_tof_usb_bridge_cubeide\build\Release\obj\Core\Src\stm32h7xx_it.o
                0x08001740                USART1_IRQHandler
 .text.USART2_IRQHandler
                0x0800174c        0xc C:\Users\HCRXc\Desktop\stm32h743-4tof-safety-bridge-main\firmware\h743_tof_usb_bridge_cubeide\build\Release\obj\Core\Src\stm32h7xx_it.o
                0x0800174c                USART2_IRQHandler
 .text.USART3_IRQHandler
                0x08001758        0xc C:\Users\HCRXc\Desktop\stm32h743-4tof-safety-bridge-main\firmware\h743_tof_usb_bridge_cubeide\build\Release\obj\Core\Src\stm32h7xx_it.o
                0x08001758                USART3_IRQHandler
 .text.USART6_IRQHandler
                0x08001764        0xc C:\Users\HCRXc\Desktop\stm32h743-4tof-safety-bridge-main\firmware\h743_tof_usb_bridge_cubeide\build\Release\obj\Core\Src\stm32h7xx_it.o
                0x08001764                USART6_IRQHandler
 .text._getpid  0x08001770        0x4 C:\Users\HCRXc\Desktop\stm32h743-4tof-safety-bridge-main\firmware\h743_tof_usb_bridge_cubeide\build\Release\obj\Core\Src\syscalls.o
                0x08001770                _getpid
 .text._kill    0x08001774       0x10 C:\Users\HCRXc\Desktop\stm32h743-4tof-safety-bridge-main\firmware\h743_tof_usb_bridge_cubeide\build\Release\obj\Core\Src\syscalls.o
                0x08001774                _kill
 .text._exit    0x08001784        0xc C:\Users\HCRXc\Desktop\stm32h743-4tof-safety-bridge-main\firmware\h743_tof_usb_bridge_cubeide\build\Release\obj\Core\Src\syscalls.o
                0x08001784                _exit
 .text._read    0x08001790       0x1c C:\Users\HCRXc\Desktop\stm32h743-4tof-safety-bridge-main\firmware\h743_tof_usb_bridge_cubeide\build\Release\obj\Core\Src\syscalls.o
                0x08001790                _read
 .text._write   0x080017ac       0x1c C:\Users\HCRXc\Desktop\stm32h743-4tof-safety-bridge-main\firmware\h743_tof_usb_bridge_cubeide\build\Release\obj\Core\Src\syscalls.o
                0x080017ac                _write
 .text._close   0x080017c8        0x6 C:\Users\HCRXc\Desktop\stm32h743-4tof-safety-bridge-main\firmware\h743_tof_usb_bridge_cubeide\build\Release\obj\Core\Src\syscalls.o
                0x080017c8                _close
 .text._fstat   0x080017ce        0xa C:\Users\HCRXc\Desktop\stm32h743-4tof-safety-bridge-main\firmware\h743_tof_usb_bridge_cubeide\build\Release\obj\Core\Src\syscalls.o
                0x080017ce                _fstat
 .text._isatty  0x080017d8        0x4 C:\Users\HCRXc\Desktop\stm32h743-4tof-safety-bridge-main\firmware\h743_tof_usb_bridge_cubeide\build\Release\obj\Core\Src\syscalls.o
                0x080017d8                _isatty
 .text._lseek   0x080017dc        0x4 C:\Users\HCRXc\Desktop\stm32h743-4tof-safety-bridge-main\firmware\h743_tof_usb_bridge_cubeide\build\Release\obj\Core\Src\syscalls.o
                0x080017dc                _lseek
 .text._sbrk    0x080017e0       0x3c C:\Users\HCRXc\Desktop\stm32h743-4tof-safety-bridge-main\firmware\h743_tof_usb_bridge_cubeide\build\Release\obj\Core\Src\sysmem.o
                0x080017e0                _sbrk
 .text.SystemInit
                0x0800181c       0xc0 C:\Users\HCRXc\Desktop\stm32h743-4tof-safety-bridge-main\firmware\h743_tof_usb_bridge_cubeide\build\Release\obj\Core\Src\system_stm32h7xx.o
                0x0800181c                SystemInit
 .text.HAL_InitTick
                0x080018dc       0x4c C:\Users\HCRXc\Desktop\stm32h743-4tof-safety-bridge-main\firmware\h743_tof_usb_bridge_cubeide\build\Release\obj\Drivers\STM32H7xx_HAL_Driver\Src\stm32h7xx_hal.o
                0x080018dc                HAL_InitTick
 .text.HAL_Init
                0x08001928       0x5c C:\Users\HCRXc\Desktop\stm32h743-4tof-safety-bridge-main\firmware\h743_tof_usb_bridge_cubeide\build\Release\obj\Drivers\STM32H7xx_HAL_Driver\Src\stm32h7xx_hal.o
                0x08001928                HAL_Init
 .text.HAL_IncTick
                0x08001984       0x18 C:\Users\HCRXc\Desktop\stm32h743-4tof-safety-bridge-main\firmware\h743_tof_usb_bridge_cubeide\build\Release\obj\Drivers\STM32H7xx_HAL_Driver\Src\stm32h7xx_hal.o
                0x08001984                HAL_IncTick
 .text.HAL_GetTick
                0x0800199c        0xc C:\Users\HCRXc\Desktop\stm32h743-4tof-safety-bridge-main\firmware\h743_tof_usb_bridge_cubeide\build\Release\obj\Drivers\STM32H7xx_HAL_Driver\Src\stm32h7xx_hal.o
                0x0800199c                HAL_GetTick
 .text.HAL_Delay
                0x080019a8       0x24 C:\Users\HCRXc\Desktop\stm32h743-4tof-safety-bridge-main\firmware\h743_tof_usb_bridge_cubeide\build\Release\obj\Drivers\STM32H7xx_HAL_Driver\Src\stm32h7xx_hal.o
                0x080019a8                HAL_Delay
 .text.HAL_GetREVID
                0x080019cc        0xc C:\Users\HCRXc\Desktop\stm32h743-4tof-safety-bridge-main\firmware\h743_tof_usb_bridge_cubeide\build\Release\obj\Drivers\STM32H7xx_HAL_Driver\Src\stm32h7xx_hal.o
                0x080019cc                HAL_GetREVID
 .text.HAL_NVIC_SetPriorityGrouping
                0x080019d8       0x24 C:\Users\HCRXc\Desktop\stm32h743-4tof-safety-bridge-main\firmware\h743_tof_usb_bridge_cubeide\build\Release\obj\Drivers\STM32H7xx_HAL_Driver\Src\stm32h7xx_hal_cortex.o
                0x080019d8                HAL_NVIC_SetPriorityGrouping
 .text.HAL_NVIC_SetPriority
                0x080019fc       0x64 C:\Users\HCRXc\Desktop\stm32h743-4tof-safety-bridge-main\firmware\h743_tof_usb_bridge_cubeide\build\Release\obj\Drivers\STM32H7xx_HAL_Driver\Src\stm32h7xx_hal_cortex.o
                0x080019fc                HAL_NVIC_SetPriority
 .text.HAL_NVIC_EnableIRQ
                0x08001a60       0x1c C:\Users\HCRXc\Desktop\stm32h743-4tof-safety-bridge-main\firmware\h743_tof_usb_bridge_cubeide\build\Release\obj\Drivers\STM32H7xx_HAL_Driver\Src\stm32h7xx_hal_cortex.o
                0x08001a60                HAL_NVIC_EnableIRQ
 .text.HAL_SYSTICK_Config
                0x08001a7c       0x28 C:\Users\HCRXc\Desktop\stm32h743-4tof-safety-bridge-main\firmware\h743_tof_usb_bridge_cubeide\build\Release\obj\Drivers\STM32H7xx_HAL_Driver\Src\stm32h7xx_hal_cortex.o
                0x08001a7c                HAL_SYSTICK_Config
 .text.HAL_DMA_Abort
                0x08001aa4      0x1ec C:\Users\HCRXc\Desktop\stm32h743-4tof-safety-bridge-main\firmware\h743_tof_usb_bridge_cubeide\build\Release\obj\Drivers\STM32H7xx_HAL_Driver\Src\stm32h7xx_hal_dma.o
                0x08001aa4                HAL_DMA_Abort
 .text.HAL_DMA_Abort_IT
                0x08001c90      0x118 C:\Users\HCRXc\Desktop\stm32h743-4tof-safety-bridge-main\firmware\h743_tof_usb_bridge_cubeide\build\Release\obj\Drivers\STM32H7xx_HAL_Driver\Src\stm32h7xx_hal_dma.o
                0x08001c90                HAL_DMA_Abort_IT
 .text.HAL_FLASH_Unlock
                0x08001da8       0x4c C:\Users\HCRXc\Desktop\stm32h743-4tof-safety-bridge-main\firmware\h743_tof_usb_bridge_cubeide\build\Release\obj\Drivers\STM32H7xx_HAL_Driver\Src\stm32h7xx_hal_flash.o
                0x08001da8                HAL_FLASH_Unlock
 .text.HAL_FLASH_Lock
                0x08001df4       0x30 C:\Users\HCRXc\Desktop\stm32h743-4tof-safety-bridge-main\firmware\h743_tof_usb_bridge_cubeide\build\Release\obj\Drivers\STM32H7xx_HAL_Driver\Src\stm32h7xx_hal_flash.o
                0x08001df4                HAL_FLASH_Lock
 .text.FLASH_WaitForLastOperation
                0x08001e24       0xc0 C:\Users\HCRXc\Desktop\stm32h743-4tof-safety-bridge-main\firmware\h743_tof_usb_bridge_cubeide\build\Release\obj\Drivers\STM32H7xx_HAL_Driver\Src\stm32h7xx_hal_flash.o
                0x08001e24                FLASH_WaitForLastOperation
 .text.HAL_FLASH_Program
                0x08001ee4       0xac C:\Users\HCRXc\Desktop\stm32h743-4tof-safety-bridge-main\firmware\h743_tof_usb_bridge_cubeide\build\Release\obj\Drivers\STM32H7xx_HAL_Driver\Src\stm32h7xx_hal_flash.o
                0x08001ee4                HAL_FLASH_Program
 .text.FLASH_MassErase
                0x08001f90       0x84 C:\Users\HCRXc\Desktop\stm32h743-4tof-safety-bridge-main\firmware\h743_tof_usb_bridge_cubeide\build\Release\obj\Drivers\STM32H7xx_HAL_Driver\Src\stm32h7xx_hal_flash_ex.o
 .text.FLASH_Erase_Sector
                0x08002014       0x48 C:\Users\HCRXc\Desktop\stm32h743-4tof-safety-bridge-main\firmware\h743_tof_usb_bridge_cubeide\build\Release\obj\Drivers\STM32H7xx_HAL_Driver\Src\stm32h7xx_hal_flash_ex.o
                0x08002014                FLASH_Erase_Sector
 .text.HAL_FLASHEx_Erase
                0x0800205c      0x12c C:\Users\HCRXc\Desktop\stm32h743-4tof-safety-bridge-main\firmware\h743_tof_usb_bridge_cubeide\build\Release\obj\Drivers\STM32H7xx_HAL_Driver\Src\stm32h7xx_hal_flash_ex.o
                0x0800205c                HAL_FLASHEx_Erase
 .text.HAL_GPIO_Init
                0x08002188      0x1d8 C:\Users\HCRXc\Desktop\stm32h743-4tof-safety-bridge-main\firmware\h743_tof_usb_bridge_cubeide\build\Release\obj\Drivers\STM32H7xx_HAL_Driver\Src\stm32h7xx_hal_gpio.o
                0x08002188                HAL_GPIO_Init
 .text.HAL_GPIO_WritePin
                0x08002360        0xa C:\Users\HCRXc\Desktop\stm32h743-4tof-safety-bridge-main\firmware\h743_tof_usb_bridge_cubeide\build\Release\obj\Drivers\STM32H7xx_HAL_Driver\Src\stm32h7xx_hal_gpio.o
                0x08002360                HAL_GPIO_WritePin
 .text.HAL_GPIO_TogglePin
                0x0800236a       0x12 C:\Users\HCRXc\Desktop\stm32h743-4tof-safety-bridge-main\firmware\h743_tof_usb_bridge_cubeide\build\Release\obj\Drivers\STM32H7xx_HAL_Driver\Src\stm32h7xx_hal_gpio.o
                0x0800236a                HAL_GPIO_TogglePin
 .text.HAL_PCD_Init
                0x0800237c       0xda C:\Users\HCRXc\Desktop\stm32h743-4tof-safety-bridge-main\firmware\h743_tof_usb_bridge_cubeide\build\Release\obj\Drivers\STM32H7xx_HAL_Driver\Src\stm32h7xx_hal_pcd.o
                0x0800237c                HAL_PCD_Init
 .text.HAL_PCD_Start
                0x08002456       0x3e C:\Users\HCRXc\Desktop\stm32h743-4tof-safety-bridge-main\firmware\h743_tof_usb_bridge_cubeide\build\Release\obj\Drivers\STM32H7xx_HAL_Driver\Src\stm32h7xx_hal_pcd.o
                0x08002456                HAL_PCD_Start
 .text.HAL_PCD_SetAddress
                0x08002494       0x26 C:\Users\HCRXc\Desktop\stm32h743-4tof-safety-bridge-main\firmware\h743_tof_usb_bridge_cubeide\build\Release\obj\Drivers\STM32H7xx_HAL_Driver\Src\stm32h7xx_hal_pcd.o
                0x08002494                HAL_PCD_SetAddress
 .text.HAL_PCD_EP_Open
                0x080024ba       0x6a C:\Users\HCRXc\Desktop\stm32h743-4tof-safety-bridge-main\firmware\h743_tof_usb_bridge_cubeide\build\Release\obj\Drivers\STM32H7xx_HAL_Driver\Src\stm32h7xx_hal_pcd.o
                0x080024ba                HAL_PCD_EP_Open
 .text.HAL_PCD_EP_Close
                0x08002524       0x52 C:\Users\HCRXc\Desktop\stm32h743-4tof-safety-bridge-main\firmware\h743_tof_usb_bridge_cubeide\build\Release\obj\Drivers\STM32H7xx_HAL_Driver\Src\stm32h7xx_hal_pcd.o
                0x08002524                HAL_PCD_EP_Close
 .text.HAL_PCD_EP_Receive
                0x08002576       0x3a C:\Users\HCRXc\Desktop\stm32h743-4tof-safety-bridge-main\firmware\h743_tof_usb_bridge_cubeide\build\Release\obj\Drivers\STM32H7xx_HAL_Driver\Src\stm32h7xx_hal_pcd.o
                0x08002576                HAL_PCD_EP_Receive
 .text.HAL_PCD_EP_GetRxCount
                0x080025b0       0x10 C:\Users\HCRXc\Desktop\stm32h743-4tof-safety-bridge-main\firmware\h743_tof_usb_bridge_cubeide\build\Release\obj\Drivers\STM32H7xx_HAL_Driver\Src\stm32h7xx_hal_pcd.o
                0x080025b0                HAL_PCD_EP_GetRxCount
 .text.HAL_PCD_EP_Transmit
                0x080025c0       0x34 C:\Users\HCRXc\Desktop\stm32h743-4tof-safety-bridge-main\firmware\h743_tof_usb_bridge_cubeide\build\Release\obj\Drivers\STM32H7xx_HAL_Driver\Src\stm32h7xx_hal_pcd.o
                0x080025c0                HAL_PCD_EP_Transmit
 .text.HAL_PCD_EP_SetStall
                0x080025f4       0x6e C:\Users\HCRXc\Desktop\stm32h743-4tof-safety-bridge-main\firmware\h743_tof_usb_bridge_cubeide\build\Release\obj\Drivers\STM32H7xx_HAL_Driver\Src\stm32h7xx_hal_pcd.o
                0x080025f4                HAL_PCD_EP_SetStall
 .text.HAL_PCD_EP_ClrStall
                0x08002662       0x62 C:\Users\HCRXc\Desktop\stm32h743-4tof-safety-bridge-main\firmware\h743_tof_usb_bridge_cubeide\build\Release\obj\Drivers\STM32H7xx_HAL_Driver\Src\stm32h7xx_hal_pcd.o
                0x08002662                HAL_PCD_EP_ClrStall
 .text.HAL_PCD_EP_Abort
                0x080026c4       0x1c C:\Users\HCRXc\Desktop\stm32h743-4tof-safety-bridge-main\firmware\h743_tof_usb_bridge_cubeide\build\Release\obj\Drivers\STM32H7xx_HAL_Driver\Src\stm32h7xx_hal_pcd.o
                0x080026c4                HAL_PCD_EP_Abort
 .text.HAL_PCD_IRQHandler
                0x080026e0      0x6dc C:\Users\HCRXc\Desktop\stm32h743-4tof-safety-bridge-main\firmware\h743_tof_usb_bridge_cubeide\build\Release\obj\Drivers\STM32H7xx_HAL_Driver\Src\stm32h7xx_hal_pcd.o
                0x080026e0                HAL_PCD_IRQHandler
 .text.HAL_PCDEx_SetTxFiFo
                0x08002dbc       0x3e C:\Users\HCRXc\Desktop\stm32h743-4tof-safety-bridge-main\firmware\h743_tof_usb_bridge_cubeide\build\Release\obj\Drivers\STM32H7xx_HAL_Driver\Src\stm32h7xx_hal_pcd_ex.o
                0x08002dbc                HAL_PCDEx_SetTxFiFo
 .text.HAL_PCDEx_SetRxFiFo
                0x08002dfa        0x8 C:\Users\HCRXc\Desktop\stm32h743-4tof-safety-bridge-main\firmware\h743_tof_usb_bridge_cubeide\build\Release\obj\Drivers\STM32H7xx_HAL_Driver\Src\stm32h7xx_hal_pcd_ex.o
                0x08002dfa                HAL_PCDEx_SetRxFiFo
 .text.HAL_PCDEx_ActivateLPM
                0x08002e02       0x26 C:\Users\HCRXc\Desktop\stm32h743-4tof-safety-bridge-main\firmware\h743_tof_usb_bridge_cubeide\build\Release\obj\Drivers\STM32H7xx_HAL_Driver\Src\stm32h7xx_hal_pcd_ex.o
                0x08002e02                HAL_PCDEx_ActivateLPM
 .text.HAL_PCDEx_LPM_Callback
                0x08002e28        0x2 C:\Users\HCRXc\Desktop\stm32h743-4tof-safety-bridge-main\firmware\h743_tof_usb_bridge_cubeide\build\Release\obj\Drivers\STM32H7xx_HAL_Driver\Src\stm32h7xx_hal_pcd_ex.o
                0x08002e28                HAL_PCDEx_LPM_Callback
 *fill*         0x08002e2a        0x2 
 .text.HAL_PWREx_ConfigSupply
                0x08002e2c       0x48 C:\Users\HCRXc\Desktop\stm32h743-4tof-safety-bridge-main\firmware\h743_tof_usb_bridge_cubeide\build\Release\obj\Drivers\STM32H7xx_HAL_Driver\Src\stm32h7xx_hal_pwr_ex.o
                0x08002e2c                HAL_PWREx_ConfigSupply
 .text.HAL_PWREx_EnableUSBVoltageDetector
                0x08002e74       0x10 C:\Users\HCRXc\Desktop\stm32h743-4tof-safety-bridge-main\firmware\h743_tof_usb_bridge_cubeide\build\Release\obj\Drivers\STM32H7xx_HAL_Driver\Src\stm32h7xx_hal_pwr_ex.o
                0x08002e74                HAL_PWREx_EnableUSBVoltageDetector
 .text.HAL_RCC_OscConfig
                0x08002e84      0x550 C:\Users\HCRXc\Desktop\stm32h743-4tof-safety-bridge-main\firmware\h743_tof_usb_bridge_cubeide\build\Release\obj\Drivers\STM32H7xx_HAL_Driver\Src\stm32h7xx_hal_rcc.o
                0x08002e84                HAL_RCC_OscConfig
 .text.HAL_RCC_GetSysClockFreq
                0x080033d4      0x144 C:\Users\HCRXc\Desktop\stm32h743-4tof-safety-bridge-main\firmware\h743_tof_usb_bridge_cubeide\build\Release\obj\Drivers\STM32H7xx_HAL_Driver\Src\stm32h7xx_hal_rcc.o
                0x080033d4                HAL_RCC_GetSysClockFreq
 .text.HAL_RCC_ClockConfig
                0x08003518      0x24c C:\Users\HCRXc\Desktop\stm32h743-4tof-safety-bridge-main\firmware\h743_tof_usb_bridge_cubeide\build\Release\obj\Drivers\STM32H7xx_HAL_Driver\Src\stm32h7xx_hal_rcc.o
                0x08003518                HAL_RCC_ClockConfig
 .text.HAL_RCC_GetHCLKFreq
                0x08003764       0x44 C:\Users\HCRXc\Desktop\stm32h743-4tof-safety-bridge-main\firmware\h743_tof_usb_bridge_cubeide\build\Release\obj\Drivers\STM32H7xx_HAL_Driver\Src\stm32h7xx_hal_rcc.o
                0x08003764                HAL_RCC_GetHCLKFreq
 .text.HAL_RCC_GetPCLK1Freq
                0x080037a8       0x24 C:\Users\HCRXc\Desktop\stm32h743-4tof-safety-bridge-main\firmware\h743_tof_usb_bridge_cubeide\build\Release\obj\Drivers\STM32H7xx_HAL_Driver\Src\stm32h7xx_hal_rcc.o
                0x080037a8                HAL_RCC_GetPCLK1Freq
 .text.HAL_RCC_GetPCLK2Freq
                0x080037cc       0x24 C:\Users\HCRXc\Desktop\stm32h743-4tof-safety-bridge-main\firmware\h743_tof_usb_bridge_cubeide\build\Release\obj\Drivers\STM32H7xx_HAL_Driver\Src\stm32h7xx_hal_rcc.o
                0x080037cc                HAL_RCC_GetPCLK2Freq
 .text.RCCEx_PLL2_Config
                0x080037f0       0xec C:\Users\HCRXc\Desktop\stm32h743-4tof-safety-bridge-main\firmware\h743_tof_usb_bridge_cubeide\build\Release\obj\Drivers\STM32H7xx_HAL_Driver\Src\stm32h7xx_hal_rcc_ex.o
 .text.RCCEx_PLL3_Config
                0x080038dc       0xec C:\Users\HCRXc\Desktop\stm32h743-4tof-safety-bridge-main\firmware\h743_tof_usb_bridge_cubeide\build\Release\obj\Drivers\STM32H7xx_HAL_Driver\Src\stm32h7xx_hal_rcc_ex.o
 .text.HAL_RCCEx_PeriphCLKConfig
                0x080039c8      0x9cc C:\Users\HCRXc\Desktop\stm32h743-4tof-safety-bridge-main\firmware\h743_tof_usb_bridge_cubeide\build\Release\obj\Drivers\STM32H7xx_HAL_Driver\Src\stm32h7xx_hal_rcc_ex.o
                0x080039c8                HAL_RCCEx_PeriphCLKConfig
 .text.HAL_RCCEx_GetD3PCLK1Freq
                0x08004394       0x24 C:\Users\HCRXc\Desktop\stm32h743-4tof-safety-bridge-main\firmware\h743_tof_usb_bridge_cubeide\build\Release\obj\Drivers\STM32H7xx_HAL_Driver\Src\stm32h7xx_hal_rcc_ex.o
                0x08004394                HAL_RCCEx_GetD3PCLK1Freq
 .text.HAL_RCCEx_GetPLL2ClockFreq
                0x080043b8      0x154 C:\Users\HCRXc\Desktop\stm32h743-4tof-safety-bridge-main\firmware\h743_tof_usb_bridge_cubeide\build\Release\obj\Drivers\STM32H7xx_HAL_Driver\Src\stm32h7xx_hal_rcc_ex.o
                0x080043b8                HAL_RCCEx_GetPLL2ClockFreq
 .text.HAL_RCCEx_GetPLL3ClockFreq
                0x0800450c      0x154 C:\Users\HCRXc\Desktop\stm32h743-4tof-safety-bridge-main\firmware\h743_tof_usb_bridge_cubeide\build\Release\obj\Drivers\STM32H7xx_HAL_Driver\Src\stm32h7xx_hal_rcc_ex.o
                0x0800450c                HAL_RCCEx_GetPLL3ClockFreq
 .text.UART_EndRxTransfer
                0x08004660       0x58 C:\Users\HCRXc\Desktop\stm32h743-4tof-safety-bridge-main\firmware\h743_tof_usb_bridge_cubeide\build\Release\obj\Drivers\STM32H7xx_HAL_Driver\Src\stm32h7xx_hal_uart.o
 .text.HAL_UART_TxCpltCallback
                0x080046b8        0x2 C:\Users\HCRXc\Desktop\stm32h743-4tof-safety-bridge-main\firmware\h743_tof_usb_bridge_cubeide\build\Release\obj\Drivers\STM32H7xx_HAL_Driver\Src\stm32h7xx_hal_uart.o
                0x080046b8                HAL_UART_TxCpltCallback
 .text.UART_DMAAbortOnError
                0x080046ba        0xa C:\Users\HCRXc\Desktop\stm32h743-4tof-safety-bridge-main\firmware\h743_tof_usb_bridge_cubeide\build\Release\obj\Drivers\STM32H7xx_HAL_Driver\Src\stm32h7xx_hal_uart.o
 .text.HAL_UARTEx_RxEventCallback
                0x080046c4        0x2 C:\Users\HCRXc\Desktop\stm32h743-4tof-safety-bridge-main\firmware\h743_tof_usb_bridge_cubeide\build\Release\obj\Drivers\STM32H7xx_HAL_Driver\Src\stm32h7xx_hal_uart.o
                0x080046c4                HAL_UARTEx_RxEventCallback
 *fill*         0x080046c6        0x2 
 .text.HAL_UART_IRQHandler
                0x080046c8      0x354 C:\Users\HCRXc\Desktop\stm32h743-4tof-safety-bridge-main\firmware\h743_tof_usb_bridge_cubeide\build\Release\obj\Drivers\STM32H7xx_HAL_Driver\Src\stm32h7xx_hal_uart.o
                0x080046c8                HAL_UART_IRQHandler
 .text.UART_RxISR_8BIT
                0x08004a1c       0xcc C:\Users\HCRXc\Desktop\stm32h743-4tof-safety-bridge-main\firmware\h743_tof_usb_bridge_cubeide\build\Release\obj\Drivers\STM32H7xx_HAL_Driver\Src\stm32h7xx_hal_uart.o
 .text.UART_RxISR_16BIT
                0x08004ae8       0xc4 C:\Users\HCRXc\Desktop\stm32h743-4tof-safety-bridge-main\firmware\h743_tof_usb_bridge_cubeide\build\Release\obj\Drivers\STM32H7xx_HAL_Driver\Src\stm32h7xx_hal_uart.o
 .text.UART_RxISR_8BIT_FIFOEN
                0x08004bac      0x1a0 C:\Users\HCRXc\Desktop\stm32h743-4tof-safety-bridge-main\firmware\h743_tof_usb_bridge_cubeide\build\Release\obj\Drivers\STM32H7xx_HAL_Driver\Src\stm32h7xx_hal_uart.o
 .text.UART_RxISR_16BIT_FIFOEN
                0x08004d4c      0x198 C:\Users\HCRXc\Desktop\stm32h743-4tof-safety-bridge-main\firmware\h743_tof_usb_bridge_cubeide\build\Release\obj\Drivers\STM32H7xx_HAL_Driver\Src\stm32h7xx_hal_uart.o
 .text.UART_SetConfig
                0x08004ee4      0x2f8 C:\Users\HCRXc\Desktop\stm32h743-4tof-safety-bridge-main\firmware\h743_tof_usb_bridge_cubeide\build\Release\obj\Drivers\STM32H7xx_HAL_Driver\Src\stm32h7xx_hal_uart.o
                0x08004ee4                UART_SetConfig
 .text.UART_AdvFeatureConfig
                0x080051dc       0xaa C:\Users\HCRXc\Desktop\stm32h743-4tof-safety-bridge-main\firmware\h743_tof_usb_bridge_cubeide\build\Release\obj\Drivers\STM32H7xx_HAL_Driver\Src\stm32h7xx_hal_uart.o
                0x080051dc                UART_AdvFeatureConfig
 .text.UART_WaitOnFlagUntilTimeout
                0x08005286       0x90 C:\Users\HCRXc\Desktop\stm32h743-4tof-safety-bridge-main\firmware\h743_tof_usb_bridge_cubeide\build\Release\obj\Drivers\STM32H7xx_HAL_Driver\Src\stm32h7xx_hal_uart.o
                0x08005286                UART_WaitOnFlagUntilTimeout
 .text.UART_CheckIdleState
                0x08005316       0xb6 C:\Users\HCRXc\Desktop\stm32h743-4tof-safety-bridge-main\firmware\h743_tof_usb_bridge_cubeide\build\Release\obj\Drivers\STM32H7xx_HAL_Driver\Src\stm32h7xx_hal_uart.o
                0x08005316                UART_CheckIdleState
 .text.HAL_UART_Init
                0x080053cc       0x60 C:\Users\HCRXc\Desktop\stm32h743-4tof-safety-bridge-main\firmware\h743_tof_usb_bridge_cubeide\build\Release\obj\Drivers\STM32H7xx_HAL_Driver\Src\stm32h7xx_hal_uart.o
                0x080053cc                HAL_UART_Init
 .text.UART_Start_Receive_IT
                0x0800542c      0x114 C:\Users\HCRXc\Desktop\stm32h743-4tof-safety-bridge-main\firmware\h743_tof_usb_bridge_cubeide\build\Release\obj\Drivers\STM32H7xx_HAL_Driver\Src\stm32h7xx_hal_uart.o
                0x0800542c                UART_Start_Receive_IT
 .text.HAL_UART_Receive_IT
                0x08005540       0x44 C:\Users\HCRXc\Desktop\stm32h743-4tof-safety-bridge-main\firmware\h743_tof_usb_bridge_cubeide\build\Release\obj\Drivers\STM32H7xx_HAL_Driver\Src\stm32h7xx_hal_uart.o
                0x08005540                HAL_UART_Receive_IT
 .text.UARTEx_SetNbDataToProcess
                0x08005584       0x44 C:\Users\HCRXc\Desktop\stm32h743-4tof-safety-bridge-main\firmware\h743_tof_usb_bridge_cubeide\build\Release\obj\Drivers\STM32H7xx_HAL_Driver\Src\stm32h7xx_hal_uart_ex.o
 .text.HAL_UARTEx_WakeupCallback
                0x080055c8        0x2 C:\Users\HCRXc\Desktop\stm32h743-4tof-safety-bridge-main\firmware\h743_tof_usb_bridge_cubeide\build\Release\obj\Drivers\STM32H7xx_HAL_Driver\Src\stm32h7xx_hal_uart_ex.o
                0x080055c8                HAL_UARTEx_WakeupCallback
 .text.HAL_UARTEx_RxFifoFullCallback
                0x080055ca        0x2 C:\Users\HCRXc\Desktop\stm32h743-4tof-safety-bridge-main\firmware\h743_tof_usb_bridge_cubeide\build\Release\obj\Drivers\STM32H7xx_HAL_Driver\Src\stm32h7xx_hal_uart_ex.o
                0x080055ca                HAL_UARTEx_RxFifoFullCallback
 .text.HAL_UARTEx_TxFifoEmptyCallback
                0x080055cc        0x2 C:\Users\HCRXc\Desktop\stm32h743-4tof-safety-bridge-main\firmware\h743_tof_usb_bridge_cubeide\build\Release\obj\Drivers\STM32H7xx_HAL_Driver\Src\stm32h7xx_hal_uart_ex.o
                0x080055cc                HAL_UARTEx_TxFifoEmptyCallback
 .text.HAL_UARTEx_DisableFifoMode
                0x080055ce       0x36 C:\Users\HCRXc\Desktop\stm32h743-4tof-safety-bridge-main\firmware\h743_tof_usb_bridge_cubeide\build\Release\obj\Drivers\STM32H7xx_HAL_Driver\Src\stm32h7xx_hal_uart_ex.o
                0x080055ce                HAL_UARTEx_DisableFifoMode
 .text.HAL_UARTEx_SetTxFifoThreshold
                0x08005604       0x40 C:\Users\HCRXc\Desktop\stm32h743-4tof-safety-bridge-main\firmware\h743_tof_usb_bridge_cubeide\build\Release\obj\Drivers\STM32H7xx_HAL_Driver\Src\stm32h7xx_hal_uart_ex.o
                0x08005604                HAL_UARTEx_SetTxFifoThreshold
 .text.HAL_UARTEx_SetRxFifoThreshold
                0x08005644       0x40 C:\Users\HCRXc\Desktop\stm32h743-4tof-safety-bridge-main\firmware\h743_tof_usb_bridge_cubeide\build\Release\obj\Drivers\STM32H7xx_HAL_Driver\Src\stm32h7xx_hal_uart_ex.o
                0x08005644                HAL_UARTEx_SetRxFifoThreshold
 .text.USB_CoreReset
                0x08005684       0x50 C:\Users\HCRXc\Desktop\stm32h743-4tof-safety-bridge-main\firmware\h743_tof_usb_bridge_cubeide\build\Release\obj\Drivers\STM32H7xx_HAL_Driver\Src\stm32h7xx_ll_usb.o
 .text.USB_CoreInit
                0x080056d4       0xa4 C:\Users\HCRXc\Desktop\stm32h743-4tof-safety-bridge-main\firmware\h743_tof_usb_bridge_cubeide\build\Release\obj\Drivers\STM32H7xx_HAL_Driver\Src\stm32h7xx_ll_usb.o
                0x080056d4                USB_CoreInit
 .text.USB_SetTurnaroundTime
                0x08005778       0xe0 C:\Users\HCRXc\Desktop\stm32h743-4tof-safety-bridge-main\firmware\h743_tof_usb_bridge_cubeide\build\Release\obj\Drivers\STM32H7xx_HAL_Driver\Src\stm32h7xx_ll_usb.o
                0x08005778                USB_SetTurnaroundTime
 .text.USB_EnableGlobalInt
                0x08005858        0xc C:\Users\HCRXc\Desktop\stm32h743-4tof-safety-bridge-main\firmware\h743_tof_usb_bridge_cubeide\build\Release\obj\Drivers\STM32H7xx_HAL_Driver\Src\stm32h7xx_ll_usb.o
                0x08005858                USB_EnableGlobalInt
 .text.USB_DisableGlobalInt
                0x08005864        0xc C:\Users\HCRXc\Desktop\stm32h743-4tof-safety-bridge-main\firmware\h743_tof_usb_bridge_cubeide\build\Release\obj\Drivers\STM32H7xx_HAL_Driver\Src\stm32h7xx_ll_usb.o
                0x08005864                USB_DisableGlobalInt
 .text.USB_SetCurrentMode
                0x08005870       0x5c C:\Users\HCRXc\Desktop\stm32h743-4tof-safety-bridge-main\firmware\h743_tof_usb_bridge_cubeide\build\Release\obj\Drivers\STM32H7xx_HAL_Driver\Src\stm32h7xx_ll_usb.o
                0x08005870                USB_SetCurrentMode
 .text.USB_FlushTxFifo
                0x080058cc       0x46 C:\Users\HCRXc\Desktop\stm32h743-4tof-safety-bridge-main\firmware\h743_tof_usb_bridge_cubeide\build\Release\obj\Drivers\STM32H7xx_HAL_Driver\Src\stm32h7xx_ll_usb.o
                0x080058cc                USB_FlushTxFifo
 .text.USB_FlushRxFifo
                0x08005912       0x42 C:\Users\HCRXc\Desktop\stm32h743-4tof-safety-bridge-main\firmware\h743_tof_usb_bridge_cubeide\build\Release\obj\Drivers\STM32H7xx_HAL_Driver\Src\stm32h7xx_ll_usb.o
                0x08005912                USB_FlushRxFifo
 .text.USB_SetDevSpeed
                0x08005954        0xe C:\Users\HCRXc\Desktop\stm32h743-4tof-safety-bridge-main\firmware\h743_tof_usb_bridge_cubeide\build\Release\obj\Drivers\STM32H7xx_HAL_Driver\Src\stm32h7xx_ll_usb.o
                0x08005954                USB_SetDevSpeed
 *fill*         0x08005962        0x2 
 .text.USB_DevInit
                0x08005964      0x170 C:\Users\HCRXc\Desktop\stm32h743-4tof-safety-bridge-main\firmware\h743_tof_usb_bridge_cubeide\build\Release\obj\Drivers\STM32H7xx_HAL_Driver\Src\stm32h7xx_ll_usb.o
                0x08005964                USB_DevInit
 .text.USB_GetDevSpeed
                0x08005ad4       0x16 C:\Users\HCRXc\Desktop\stm32h743-4tof-safety-bridge-main\firmware\h743_tof_usb_bridge_cubeide\build\Release\obj\Drivers\STM32H7xx_HAL_Driver\Src\stm32h7xx_ll_usb.o
                0x08005ad4                USB_GetDevSpeed
 .text.USB_ActivateEndpoint
                0x08005aea       0x7e C:\Users\HCRXc\Desktop\stm32h743-4tof-safety-bridge-main\firmware\h743_tof_usb_bridge_cubeide\build\Release\obj\Drivers\STM32H7xx_HAL_Driver\Src\stm32h7xx_ll_usb.o
                0x08005aea                USB_ActivateEndpoint
 .text.USB_DeactivateEndpoint
                0x08005b68       0xac C:\Users\HCRXc\Desktop\stm32h743-4tof-safety-bridge-main\firmware\h743_tof_usb_bridge_cubeide\build\Release\obj\Drivers\STM32H7xx_HAL_Driver\Src\stm32h7xx_ll_usb.o
                0x08005b68                USB_DeactivateEndpoint
 .text.USB_EPStopXfer
                0x08005c14       0xf0 C:\Users\HCRXc\Desktop\stm32h743-4tof-safety-bridge-main\firmware\h743_tof_usb_bridge_cubeide\build\Release\obj\Drivers\STM32H7xx_HAL_Driver\Src\stm32h7xx_ll_usb.o
                0x08005c14                USB_EPStopXfer
 .text.USB_EPSetStall
                0x08005d04       0x56 C:\Users\HCRXc\Desktop\stm32h743-4tof-safety-bridge-main\firmware\h743_tof_usb_bridge_cubeide\build\Release\obj\Drivers\STM32H7xx_HAL_Driver\Src\stm32h7xx_ll_usb.o
                0x08005d04                USB_EPSetStall
 .text.USB_EPClearStall
                0x08005d5a       0x52 C:\Users\HCRXc\Desktop\stm32h743-4tof-safety-bridge-main\firmware\h743_tof_usb_bridge_cubeide\build\Release\obj\Drivers\STM32H7xx_HAL_Driver\Src\stm32h7xx_ll_usb.o
                0x08005d5a                USB_EPClearStall
 .text.USB_WritePacket
                0x08005dac       0x26 C:\Users\HCRXc\Desktop\stm32h743-4tof-safety-bridge-main\firmware\h743_tof_usb_bridge_cubeide\build\Release\obj\Drivers\STM32H7xx_HAL_Driver\Src\stm32h7xx_ll_usb.o
                0x08005dac                USB_WritePacket
 *fill*         0x08005dd2        0x2 
 .text.USB_EPStartXfer
                0x08005dd4      0x1e0 C:\Users\HCRXc\Desktop\stm32h743-4tof-safety-bridge-main\firmware\h743_tof_usb_bridge_cubeide\build\Release\obj\Drivers\STM32H7xx_HAL_Driver\Src\stm32h7xx_ll_usb.o
                0x08005dd4                USB_EPStartXfer
 .text.USB_ReadPacket
                0x08005fb4       0x42 C:\Users\HCRXc\Desktop\stm32h743-4tof-safety-bridge-main\firmware\h743_tof_usb_bridge_cubeide\build\Release\obj\Drivers\STM32H7xx_HAL_Driver\Src\stm32h7xx_ll_usb.o
                0x08005fb4                USB_ReadPacket
 .text.USB_SetDevAddress
                0x08005ff6       0x20 C:\Users\HCRXc\Desktop\stm32h743-4tof-safety-bridge-main\firmware\h743_tof_usb_bridge_cubeide\build\Release\obj\Drivers\STM32H7xx_HAL_Driver\Src\stm32h7xx_ll_usb.o
                0x08005ff6                USB_SetDevAddress
 .text.USB_DevConnect
                0x08006016       0x1c C:\Users\HCRXc\Desktop\stm32h743-4tof-safety-bridge-main\firmware\h743_tof_usb_bridge_cubeide\build\Release\obj\Drivers\STM32H7xx_HAL_Driver\Src\stm32h7xx_ll_usb.o
                0x08006016                USB_DevConnect
 .text.USB_DevDisconnect
                0x08006032       0x1c C:\Users\HCRXc\Desktop\stm32h743-4tof-safety-bridge-main\firmware\h743_tof_usb_bridge_cubeide\build\Release\obj\Drivers\STM32H7xx_HAL_Driver\Src\stm32h7xx_ll_usb.o
                0x08006032                USB_DevDisconnect
 .text.USB_ReadInterrupts
                0x0800604e        0x8 C:\Users\HCRXc\Desktop\stm32h743-4tof-safety-bridge-main\firmware\h743_tof_usb_bridge_cubeide\build\Release\obj\Drivers\STM32H7xx_HAL_Driver\Src\stm32h7xx_ll_usb.o
                0x0800604e                USB_ReadInterrupts
 .text.USB_ReadDevAllOutEpInterrupt
                0x08006056       0x10 C:\Users\HCRXc\Desktop\stm32h743-4tof-safety-bridge-main\firmware\h743_tof_usb_bridge_cubeide\build\Release\obj\Drivers\STM32H7xx_HAL_Driver\Src\stm32h7xx_ll_usb.o
                0x08006056                USB_ReadDevAllOutEpInterrupt
 .text.USB_ReadDevAllInEpInterrupt
                0x08006066       0x10 C:\Users\HCRXc\Desktop\stm32h743-4tof-safety-bridge-main\firmware\h743_tof_usb_bridge_cubeide\build\Release\obj\Drivers\STM32H7xx_HAL_Driver\Src\stm32h7xx_ll_usb.o
                0x08006066                USB_ReadDevAllInEpInterrupt
 .text.USB_ReadDevOutEPInterrupt
                0x08006076       0x12 C:\Users\HCRXc\Desktop\stm32h743-4tof-safety-bridge-main\firmware\h743_tof_usb_bridge_cubeide\build\Release\obj\Drivers\STM32H7xx_HAL_Driver\Src\stm32h7xx_ll_usb.o
                0x08006076                USB_ReadDevOutEPInterrupt
 .text.USB_ReadDevInEPInterrupt
                0x08006088       0x22 C:\Users\HCRXc\Desktop\stm32h743-4tof-safety-bridge-main\firmware\h743_tof_usb_bridge_cubeide\build\Release\obj\Drivers\STM32H7xx_HAL_Driver\Src\stm32h7xx_ll_usb.o
                0x08006088                USB_ReadDevInEPInterrupt
 .text.USB_GetMode
                0x080060aa        0x8 C:\Users\HCRXc\Desktop\stm32h743-4tof-safety-bridge-main\firmware\h743_tof_usb_bridge_cubeide\build\Release\obj\Drivers\STM32H7xx_HAL_Driver\Src\stm32h7xx_ll_usb.o
                0x080060aa                USB_GetMode
 .text.USB_ActivateSetup
                0x080060b2       0x1c C:\Users\HCRXc\Desktop\stm32h743-4tof-safety-bridge-main\firmware\h743_tof_usb_bridge_cubeide\build\Release\obj\Drivers\STM32H7xx_HAL_Driver\Src\stm32h7xx_ll_usb.o
                0x080060b2                USB_ActivateSetup
 *fill*         0x080060ce        0x2 
 .text.USB_EP0_OutStart
                0x080060d0       0x4c C:\Users\HCRXc\Desktop\stm32h743-4tof-safety-bridge-main\firmware\h743_tof_usb_bridge_cubeide\build\Release\obj\Drivers\STM32H7xx_HAL_Driver\Src\stm32h7xx_ll_usb.o
                0x080060d0                USB_EP0_OutStart
 .text.LED_Init
                0x0800611c       0x58 C:\Users\HCRXc\Desktop\stm32h743-4tof-safety-bridge-main\firmware\h743_tof_usb_bridge_cubeide\build\Release\obj\Drivers\User\Src\led.o
                0x0800611c                LED_Init
 .text.USBD_CDC_EP0_RxReady
                0x08006174       0x38 C:\Users\HCRXc\Desktop\stm32h743-4tof-safety-bridge-main\firmware\h743_tof_usb_bridge_cubeide\build\Release\obj\Middlewares\ST\STM32_USB_Device_Library\Class\CDC\Src\usbd_cdc.o
 .text.USBD_CDC_GetDeviceQualifierDescriptor
                0x080061ac        0xc C:\Users\HCRXc\Desktop\stm32h743-4tof-safety-bridge-main\firmware\h743_tof_usb_bridge_cubeide\build\Release\obj\Middlewares\ST\STM32_USB_Device_Library\Class\CDC\Src\usbd_cdc.o
                0x080061ac                USBD_CDC_GetDeviceQualifierDescriptor
 .text.USBD_CDC_GetFSCfgDesc
                0x080061b8       0x48 C:\Users\HCRXc\Desktop\stm32h743-4tof-safety-bridge-main\firmware\h743_tof_usb_bridge_cubeide\build\Release\obj\Middlewares\ST\STM32_USB_Device_Library\Class\CDC\Src\usbd_cdc.o
 .text.USBD_CDC_GetOtherSpeedCfgDesc
                0x08006200        0x4 C:\Users\HCRXc\Desktop\stm32h743-4tof-safety-bridge-main\firmware\h743_tof_usb_bridge_cubeide\build\Release\obj\Middlewares\ST\STM32_USB_Device_Library\Class\CDC\Src\usbd_cdc.o
 .text.USBD_CDC_GetHSCfgDesc
                0x08006204       0x48 C:\Users\HCRXc\Desktop\stm32h743-4tof-safety-bridge-main\firmware\h743_tof_usb_bridge_cubeide\build\Release\obj\Middlewares\ST\STM32_USB_Device_Library\Class\CDC\Src\usbd_cdc.o
 .text.USBD_CDC_DataOut
                0x0800624c       0x38 C:\Users\HCRXc\Desktop\stm32h743-4tof-safety-bridge-main\firmware\h743_tof_usb_bridge_cubeide\build\Release\obj\Middlewares\ST\STM32_USB_Device_Library\Class\CDC\Src\usbd_cdc.o
 .text.USBD_CDC_DataIn
                0x08006284       0x64 C:\Users\HCRXc\Desktop\stm32h743-4tof-safety-bridge-main\firmware\h743_tof_usb_bridge_cubeide\build\Release\obj\Middlewares\ST\STM32_USB_Device_Library\Class\CDC\Src\usbd_cdc.o
 .text.USBD_CDC_Setup
                0x080062e8       0xf0 C:\Users\HCRXc\Desktop\stm32h743-4tof-safety-bridge-main\firmware\h743_tof_usb_bridge_cubeide\build\Release\obj\Middlewares\ST\STM32_USB_Device_Library\Class\CDC\Src\usbd_cdc.o
 .text.USBD_CDC_DeInit
                0x080063d8       0x60 C:\Users\HCRXc\Desktop\stm32h743-4tof-safety-bridge-main\firmware\h743_tof_usb_bridge_cubeide\build\Release\obj\Middlewares\ST\STM32_USB_Device_Library\Class\CDC\Src\usbd_cdc.o
 .text.USBD_CDC_Init
                0x08006438       0xc8 C:\Users\HCRXc\Desktop\stm32h743-4tof-safety-bridge-main\firmware\h743_tof_usb_bridge_cubeide\build\Release\obj\Middlewares\ST\STM32_USB_Device_Library\Class\CDC\Src\usbd_cdc.o
 .text.USBD_CDC_RegisterInterface
                0x08006500       0x16 C:\Users\HCRXc\Desktop\stm32h743-4tof-safety-bridge-main\firmware\h743_tof_usb_bridge_cubeide\build\Release\obj\Middlewares\ST\STM32_USB_Device_Library\Class\CDC\Src\usbd_cdc.o
                0x08006500                USBD_CDC_RegisterInterface
 .text.USBD_CDC_SetTxBuffer
                0x08006516       0x1c C:\Users\HCRXc\Desktop\stm32h743-4tof-safety-bridge-main\firmware\h743_tof_usb_bridge_cubeide\build\Release\obj\Middlewares\ST\STM32_USB_Device_Library\Class\CDC\Src\usbd_cdc.o
                0x08006516                USBD_CDC_SetTxBuffer
 .text.USBD_CDC_SetRxBuffer
                0x08006532       0x18 C:\Users\HCRXc\Desktop\stm32h743-4tof-safety-bridge-main\firmware\h743_tof_usb_bridge_cubeide\build\Release\obj\Middlewares\ST\STM32_USB_Device_Library\Class\CDC\Src\usbd_cdc.o
                0x08006532                USBD_CDC_SetRxBuffer
 .text.USBD_CDC_TransmitPacket
                0x0800654a       0x36 C:\Users\HCRXc\Desktop\stm32h743-4tof-safety-bridge-main\firmware\h743_tof_usb_bridge_cubeide\build\Release\obj\Middlewares\ST\STM32_USB_Device_Library\Class\CDC\Src\usbd_cdc.o
                0x0800654a                USBD_CDC_TransmitPacket
 .text.USBD_CDC_ReceivePacket
                0x08006580       0x2c C:\Users\HCRXc\Desktop\stm32h743-4tof-safety-bridge-main\firmware\h743_tof_usb_bridge_cubeide\build\Release\obj\Middlewares\ST\STM32_USB_Device_Library\Class\CDC\Src\usbd_cdc.o
                0x08006580                USBD_CDC_ReceivePacket
 .text.USBD_Init
                0x080065ac       0x26 C:\Users\HCRXc\Desktop\stm32h743-4tof-safety-bridge-main\firmware\h743_tof_usb_bridge_cubeide\build\Release\obj\Middlewares\ST\STM32_USB_Device_Library\Core\Src\usbd_core.o
                0x080065ac                USBD_Init
 .text.USBD_RegisterClass
                0x080065d2       0x32 C:\Users\HCRXc\Desktop\stm32h743-4tof-safety-bridge-main\firmware\h743_tof_usb_bridge_cubeide\build\Release\obj\Middlewares\ST\STM32_USB_Device_Library\Core\Src\usbd_core.o
                0x080065d2                USBD_RegisterClass
 .text.USBD_Start
                0x08006604        0x4 C:\Users\HCRXc\Desktop\stm32h743-4tof-safety-bridge-main\firmware\h743_tof_usb_bridge_cubeide\build\Release\obj\Middlewares\ST\STM32_USB_Device_Library\Core\Src\usbd_core.o
                0x08006604                USBD_Start
 .text.USBD_SetClassConfig
                0x08006608        0xe C:\Users\HCRXc\Desktop\stm32h743-4tof-safety-bridge-main\firmware\h743_tof_usb_bridge_cubeide\build\Release\obj\Middlewares\ST\STM32_USB_Device_Library\Core\Src\usbd_core.o
                0x08006608                USBD_SetClassConfig
 .text.USBD_ClrClassConfig
                0x08006616       0x12 C:\Users\HCRXc\Desktop\stm32h743-4tof-safety-bridge-main\firmware\h743_tof_usb_bridge_cubeide\build\Release\obj\Middlewares\ST\STM32_USB_Device_Library\Core\Src\usbd_core.o
                0x08006616                USBD_ClrClassConfig
 .text.USBD_LL_SetupStage
                0x08006628       0x60 C:\Users\HCRXc\Desktop\stm32h743-4tof-safety-bridge-main\firmware\h743_tof_usb_bridge_cubeide\build\Release\obj\Middlewares\ST\STM32_USB_Device_Library\Core\Src\usbd_core.o
                0x08006628                USBD_LL_SetupStage
 .text.USBD_LL_DataOutStage
                0x08006688       0x74 C:\Users\HCRXc\Desktop\stm32h743-4tof-safety-bridge-main\firmware\h743_tof_usb_bridge_cubeide\build\Release\obj\Middlewares\ST\STM32_USB_Device_Library\Core\Src\usbd_core.o
                0x08006688                USBD_LL_DataOutStage
 .text.USBD_LL_DataInStage
                0x080066fc       0xa8 C:\Users\HCRXc\Desktop\stm32h743-4tof-safety-bridge-main\firmware\h743_tof_usb_bridge_cubeide\build\Release\obj\Middlewares\ST\STM32_USB_Device_Library\Core\Src\usbd_core.o
                0x080066fc                USBD_LL_DataInStage
 .text.USBD_LL_Reset
                0x080067a4       0x60 C:\Users\HCRXc\Desktop\stm32h743-4tof-safety-bridge-main\firmware\h743_tof_usb_bridge_cubeide\build\Release\obj\Middlewares\ST\STM32_USB_Device_Library\Core\Src\usbd_core.o
                0x080067a4                USBD_LL_Reset
 .text.USBD_LL_SetSpeed
                0x08006804        0x6 C:\Users\HCRXc\Desktop\stm32h743-4tof-safety-bridge-main\firmware\h743_tof_usb_bridge_cubeide\build\Release\obj\Middlewares\ST\STM32_USB_Device_Library\Core\Src\usbd_core.o
                0x08006804                USBD_LL_SetSpeed
 .text.USBD_LL_Suspend
                0x0800680a       0x1c C:\Users\HCRXc\Desktop\stm32h743-4tof-safety-bridge-main\firmware\h743_tof_usb_bridge_cubeide\build\Release\obj\Middlewares\ST\STM32_USB_Device_Library\Core\Src\usbd_core.o
                0x0800680a                USBD_LL_Suspend
 .text.USBD_LL_Resume
                0x08006826       0x16 C:\Users\HCRXc\Desktop\stm32h743-4tof-safety-bridge-main\firmware\h743_tof_usb_bridge_cubeide\build\Release\obj\Middlewares\ST\STM32_USB_Device_Library\Core\Src\usbd_core.o
                0x08006826                USBD_LL_Resume
 .text.USBD_LL_SOF
                0x0800683c       0x1a C:\Users\HCRXc\Desktop\stm32h743-4tof-safety-bridge-main\firmware\h743_tof_usb_bridge_cubeide\build\Release\obj\Middlewares\ST\STM32_USB_Device_Library\Core\Src\usbd_core.o
                0x0800683c                USBD_LL_SOF
 .text.USBD_LL_IsoINIncomplete
                0x08006856       0x26 C:\Users\HCRXc\Desktop\stm32h743-4tof-safety-bridge-main\firmware\h743_tof_usb_bridge_cubeide\build\Release\obj\Middlewares\ST\STM32_USB_Device_Library\Core\Src\usbd_core.o
                0x08006856                USBD_LL_IsoINIncomplete
 .text.USBD_LL_IsoOUTIncomplete
                0x0800687c       0x26 C:\Users\HCRXc\Desktop\stm32h743-4tof-safety-bridge-main\firmware\h743_tof_usb_bridge_cubeide\build\Release\obj\Middlewares\ST\STM32_USB_Device_Library\Core\Src\usbd_core.o
                0x0800687c                USBD_LL_IsoOUTIncomplete
 .text.USBD_LL_DevConnected
                0x080068a2        0x4 C:\Users\HCRXc\Desktop\stm32h743-4tof-safety-bridge-main\firmware\h743_tof_usb_bridge_cubeide\build\Release\obj\Middlewares\ST\STM32_USB_Device_Library\Core\Src\usbd_core.o
                0x080068a2                USBD_LL_DevConnected
 .text.USBD_LL_DevDisconnected
                0x080068a6       0x20 C:\Users\HCRXc\Desktop\stm32h743-4tof-safety-bridge-main\firmware\h743_tof_usb_bridge_cubeide\build\Release\obj\Middlewares\ST\STM32_USB_Device_Library\Core\Src\usbd_core.o
                0x080068a6                USBD_LL_DevDisconnected
 .text.USBD_CoreFindIF
                0x080068c6        0x4 C:\Users\HCRXc\Desktop\stm32h743-4tof-safety-bridge-main\firmware\h743_tof_usb_bridge_cubeide\build\Release\obj\Middlewares\ST\STM32_USB_Device_Library\Core\Src\usbd_core.o
                0x080068c6                USBD_CoreFindIF
 .text.USBD_CoreFindEP
                0x080068ca        0x4 C:\Users\HCRXc\Desktop\stm32h743-4tof-safety-bridge-main\firmware\h743_tof_usb_bridge_cubeide\build\Release\obj\Middlewares\ST\STM32_USB_Device_Library\Core\Src\usbd_core.o
                0x080068ca                USBD_CoreFindEP
 .text.USBD_GetEpDesc
                0x080068ce       0x24 C:\Users\HCRXc\Desktop\stm32h743-4tof-safety-bridge-main\firmware\h743_tof_usb_bridge_cubeide\build\Release\obj\Middlewares\ST\STM32_USB_Device_Library\Core\Src\usbd_core.o
                0x080068ce                USBD_GetEpDesc
 .text.USBD_CtlError.constprop.0
                0x080068f2       0x16 C:\Users\HCRXc\Desktop\stm32h743-4tof-safety-bridge-main\firmware\h743_tof_usb_bridge_cubeide\build\Release\obj\Middlewares\ST\STM32_USB_Device_Library\Core\Src\usbd_ctlreq.o
 .text.USBD_StdDevReq
                0x08006908      0x2f0 C:\Users\HCRXc\Desktop\stm32h743-4tof-safety-bridge-main\firmware\h743_tof_usb_bridge_cubeide\build\Release\obj\Middlewares\ST\STM32_USB_Device_Library\Core\Src\usbd_ctlreq.o
                0x08006908                USBD_StdDevReq
 .text.USBD_StdItfReq
                0x08006bf8       0x5e C:\Users\HCRXc\Desktop\stm32h743-4tof-safety-bridge-main\firmware\h743_tof_usb_bridge_cubeide\build\Release\obj\Middlewares\ST\STM32_USB_Device_Library\Core\Src\usbd_ctlreq.o
                0x08006bf8                USBD_StdItfReq
 .text.USBD_StdEPReq
                0x08006c56      0x14a C:\Users\HCRXc\Desktop\stm32h743-4tof-safety-bridge-main\firmware\h743_tof_usb_bridge_cubeide\build\Release\obj\Middlewares\ST\STM32_USB_Device_Library\Core\Src\usbd_ctlreq.o
                0x08006c56                USBD_StdEPReq
 .text.USBD_ParseSetupRequest
                0x08006da0       0x16 C:\Users\HCRXc\Desktop\stm32h743-4tof-safety-bridge-main\firmware\h743_tof_usb_bridge_cubeide\build\Release\obj\Middlewares\ST\STM32_USB_Device_Library\Core\Src\usbd_ctlreq.o
                0x08006da0                USBD_ParseSetupRequest
 .text.USBD_CtlError
                0x08006db6       0x16 C:\Users\HCRXc\Desktop\stm32h743-4tof-safety-bridge-main\firmware\h743_tof_usb_bridge_cubeide\build\Release\obj\Middlewares\ST\STM32_USB_Device_Library\Core\Src\usbd_ctlreq.o
                0x08006db6                USBD_CtlError
 .text.USBD_GetString
                0x08006dcc       0x38 C:\Users\HCRXc\Desktop\stm32h743-4tof-safety-bridge-main\firmware\h743_tof_usb_bridge_cubeide\build\Release\obj\Middlewares\ST\STM32_USB_Device_Library\Core\Src\usbd_ctlreq.o
                0x08006dcc                USBD_GetString
 .text.USBD_CtlSendData
                0x08006e04       0x1c C:\Users\HCRXc\Desktop\stm32h743-4tof-safety-bridge-main\firmware\h743_tof_usb_bridge_cubeide\build\Release\obj\Middlewares\ST\STM32_USB_Device_Library\Core\Src\usbd_ioreq.o
                0x08006e04                USBD_CtlSendData
 .text.USBD_CtlContinueSendData
                0x08006e20       0x10 C:\Users\HCRXc\Desktop\stm32h743-4tof-safety-bridge-main\firmware\h743_tof_usb_bridge_cubeide\build\Release\obj\Middlewares\ST\STM32_USB_Device_Library\Core\Src\usbd_ioreq.o
                0x08006e20                USBD_CtlContinueSendData
 .text.USBD_CtlPrepareRx
                0x08006e30       0x22 C:\Users\HCRXc\Desktop\stm32h743-4tof-safety-bridge-main\firmware\h743_tof_usb_bridge_cubeide\build\Release\obj\Middlewares\ST\STM32_USB_Device_Library\Core\Src\usbd_ioreq.o
                0x08006e30                USBD_CtlPrepareRx
 .text.USBD_CtlContinueRx
                0x08006e52       0x10 C:\Users\HCRXc\Desktop\stm32h743-4tof-safety-bridge-main\firmware\h743_tof_usb_bridge_cubeide\build\Release\obj\Middlewares\ST\STM32_USB_Device_Library\Core\Src\usbd_ioreq.o
                0x08006e52                USBD_CtlContinueRx
 .text.USBD_CtlSendStatus
                0x08006e62       0x16 C:\Users\HCRXc\Desktop\stm32h743-4tof-safety-bridge-main\firmware\h743_tof_usb_bridge_cubeide\build\Release\obj\Middlewares\ST\STM32_USB_Device_Library\Core\Src\usbd_ioreq.o
                0x08006e62                USBD_CtlSendStatus
 .text.USBD_CtlReceiveStatus
                0x08006e78       0x16 C:\Users\HCRXc\Desktop\stm32h743-4tof-safety-bridge-main\firmware\h743_tof_usb_bridge_cubeide\build\Release\obj\Middlewares\ST\STM32_USB_Device_Library\Core\Src\usbd_ioreq.o
                0x08006e78                USBD_CtlReceiveStatus
 *fill*         0x08006e8e        0x2 
 .text.Reset_Handler
                0x08006e90       0x50 C:\Users\HCRXc\Desktop\stm32h743-4tof-safety-bridge-main\firmware\h743_tof_usb_bridge_cubeide\build\Release\obj\Startup\startup_stm32h743zitx.o
                0x08006e90                Reset_Handler
 .text.Default_Handler
                0x08006ee0        0x2 C:\Users\HCRXc\Desktop\stm32h743-4tof-safety-bridge-main\firmware\h743_tof_usb_bridge_cubeide\build\Release\obj\Startup\startup_stm32h743zitx.o
                0x08006ee0                HASH_RNG_IRQHandler
                0x08006ee0                EXTI2_IRQHandler
                0x08006ee0                TIM8_CC_IRQHandler
                0x08006ee0                DMA_STR2_IRQHandler
                0x08006ee0                UART8_IRQHandler
                0x08006ee0                SPI4_IRQHandler
                0x08006ee0                HRTIM1_MST_IRQHandler
                0x08006ee0                DMA_STR5_IRQHandler
                0x08006ee0                HRTIM1_FLT_IRQHandler
                0x08006ee0                JPEG_IRQHandler
                0x08006ee0                DMA2_STR1_IRQHandler
                0x08006ee0                DMA2_STR5_IRQHandler
                0x08006ee0                HRTIM1_TIMD_IRQHandler
                0x08006ee0                EXTI3_IRQHandler
                0x08006ee0                LPTIM4_IRQHandler
                0x08006ee0                TIM8_TRG_COM_TIM14_IRQHandler
                0x08006ee0                LPTIM2_IRQHandler
                0x08006ee0                DFSDM1_FLT1_IRQHandler
                0x08006ee0                DMAMUX2_OVR_IRQHandler
                0x08006ee0                TIM8_UP_TIM13_IRQHandler
                0x08006ee0                I2C3_ER_IRQHandler
                0x08006ee0                DFSDM1_FLT2_IRQHandler
                0x08006ee0                MDMA_IRQHandler
                0x08006ee0                LPTIM3_IRQHandler
                0x08006ee0                EXTI0_IRQHandler
                0x08006ee0                I2C2_EV_IRQHandler
                0x08006ee0                FPU_IRQHandler
                0x08006ee0                DMA_STR1_IRQHandler
                0x08006ee0                OTG_HS_WKUP_IRQHandler
                0x08006ee0                FDCAN1_IT1_IRQHandler
                0x08006ee0                LTDC_ER_IRQHandler
                0x08006ee0                ADC1_2_IRQHandler
                0x08006ee0                SPI1_IRQHandler
                0x08006ee0                BDMA_CH2_IRQHandler
                0x08006ee0                TIM6_DAC_IRQHandler
                0x08006ee0                DCMI_IRQHandler
                0x08006ee0                HRTIM1_TIMC_IRQHandler
                0x08006ee0                SDMMC_IRQHandler
                0x08006ee0                RTC_ALARM_IRQHandler
                0x08006ee0                DMA_STR0_IRQHandler
                0x08006ee0                SAI2_IRQHandler
                0x08006ee0                DMA2_STR3_IRQHandler
                0x08006ee0                DFSDM1_FLT3_IRQHandler
                0x08006ee0                BDMA_CH5_IRQHandler
                0x08006ee0                TIM17_IRQHandler
                0x08006ee0                BDMA_CH6_IRQHandler
                0x08006ee0                WKUP_IRQHandler
                0x08006ee0                BDMA_CH3_IRQHandler
                0x08006ee0                LPTIM5_IRQHandler
                0x08006ee0                LPUART_IRQHandler
                0x08006ee0                UART5_IRQHandler
                0x08006ee0                ADC3_IRQHandler
                0x08006ee0                DMA_STR6_IRQHandler
                0x08006ee0                TIM4_IRQHandler
                0x08006ee0                QUADSPI_IRQHandler
                0x08006ee0                I2C1_EV_IRQHandler
                0x08006ee0                DMA1_STR7_IRQHandler
                0x08006ee0                TIM16_IRQHandler
                0x08006ee0                UART4_IRQHandler
                0x08006ee0                TIM3_IRQHandler
                0x08006ee0                RCC_IRQHandler
                0x08006ee0                TIM8_BRK_TIM12_IRQHandler
                0x08006ee0                TIM1_TRG_COM_IRQHandler
                0x08006ee0                Default_Handler
                0x08006ee0                HRTIM_TIMB_IRQHandler
                0x08006ee0                CEC_IRQHandler
                0x08006ee0                EXTI15_10_IRQHandler
                0x08006ee0                BDMA_CH4_IRQHandler
                0x08006ee0                DMA_STR3_IRQHandler
                0x08006ee0                HRTIM_TIME_IRQHandler
                0x08006ee0                HRTIM1_TIMA_IRQHandler
                0x08006ee0                SPI5_IRQHandler
                0x08006ee0                TIM7_IRQHandler
                0x08006ee0                SDMMC1_IRQHandler
                0x08006ee0                TIM5_IRQHandler
                0x08006ee0                SPDIF_IRQHandler
                0x08006ee0                TIM15_IRQHandler
                0x08006ee0                I2C3_EV_IRQHandler
                0x08006ee0                WWDG1_RST_IRQHandler
                0x08006ee0                EXTI9_5_IRQHandler
                0x08006ee0                DMA2_STR4_IRQHandler
                0x08006ee0                RTC_WKUP_IRQHandler
                0x08006ee0                DMA2_STR6_IRQHandler
                0x08006ee0                LTDC_IRQHandler
                0x08006ee0                SAI3_IRQHandler
                0x08006ee0                ETH_WKUP_IRQHandler
                0x08006ee0                PVD_PVM_IRQHandler
                0x08006ee0                BDMA_CH0_IRQHandler
                0x08006ee0                SPI2_IRQHandler
                0x08006ee0                OTG_HS_EP1_IN_IRQHandler
                0x08006ee0                DMA2_STR0_IRQHandler
                0x08006ee0                CRS_IRQHandler
                0x08006ee0                EXTI4_IRQHandler
                0x08006ee0                DMAMUX1_OV_IRQHandler
                0x08006ee0                FDCAN2_IT1_IRQHandler
                0x08006ee0                DMA_STR4_IRQHandler
                0x08006ee0                COMP_IRQHandler
                0x08006ee0                DMA2_STR2_IRQHandler
                0x08006ee0                ETH_IRQHandler
                0x08006ee0                TIM1_UP_IRQHandler
                0x08006ee0                DMA2_STR7_IRQHandler
                0x08006ee0                OTG_HS_EP1_OUT_IRQHandler
                0x08006ee0                SPI6_IRQHandler
                0x08006ee0                MDIOS_IRQHandler
                0x08006ee0                I2C4_EV_IRQHandler
                0x08006ee0                FDCAN2_IT0_IRQHandler
                0x08006ee0                BDMA_CH7_IRQHandler
                0x08006ee0                FDCAN1_IT0_IRQHandler
                0x08006ee0                TIM2_IRQHandler
                0x08006ee0                HSEM0_IRQHandler
                0x08006ee0                OTG_FS_WKUP_IRQHandler
                0x08006ee0                OTG_HS_IRQHandler
                0x08006ee0                DMA2D_IRQHandler
                0x08006ee0                TIM1_BRK_IRQHandler
                0x08006ee0                EXTI1_IRQHandler
                0x08006ee0                OTG_FS_EP1_OUT_IRQHandler
                0x08006ee0                UART7_IRQHandler
                0x08006ee0                MDIOS_WKUP_IRQHandler
                0x08006ee0                DFSDM1_FLT0_IRQHandler
                0x08006ee0                SAI4_IRQHandler
                0x08006ee0                I2C2_ER_IRQHandler
                0x08006ee0                FLASH_IRQHandler
                0x08006ee0                WWDG1_IRQHandler
                0x08006ee0                SPI3_IRQHandler
                0x08006ee0                OTG_FS_EP1_IN_IRQHandler
                0x08006ee0                I2C1_ER_IRQHandler
                0x08006ee0                FMC_IRQHandler
                0x08006ee0                BDMA_CH1_IRQHandler
                0x08006ee0                FDCAN_CAL_IRQHandler
                0x08006ee0                SWPMI1_IRQHandler
                0x08006ee0                LPTIM1_IRQHandler
                0x08006ee0                TIM_CC_IRQHandler
                0x08006ee0                I2C4_ER_IRQHandler
                0x08006ee0                SAI1_IRQHandler
                0x08006ee0                RTC_TAMP_STAMP_CSS_LSE_IRQHandler
 *fill*         0x08006ee2        0x2 
 .text.MX_USB_DEVICE_Init
                0x08006ee4       0x74 C:\Users\HCRXc\Desktop\stm32h743-4tof-safety-bridge-main\firmware\h743_tof_usb_bridge_cubeide\build\Release\obj\USB_DEVICE\App\usb_device.o
                0x08006ee4                MX_USB_DEVICE_Init
 .text.CDC_DeInit_FS
                0x08006f58        0x4 C:\Users\HCRXc\Desktop\stm32h743-4tof-safety-bridge-main\firmware\h743_tof_usb_bridge_cubeide\build\Release\obj\USB_DEVICE\App\usbd_cdc_if.o
 .text.CDC_Control_FS
                0x08006f5c        0x4 C:\Users\HCRXc\Desktop\stm32h743-4tof-safety-bridge-main\firmware\h743_tof_usb_bridge_cubeide\build\Release\obj\USB_DEVICE\App\usbd_cdc_if.o
 .text.CDC_TransmitCplt_FS
                0x08006f60        0x4 C:\Users\HCRXc\Desktop\stm32h743-4tof-safety-bridge-main\firmware\h743_tof_usb_bridge_cubeide\build\Release\obj\USB_DEVICE\App\usbd_cdc_if.o
 .text.CDC_Receive_FS
                0x08006f64       0x28 C:\Users\HCRXc\Desktop\stm32h743-4tof-safety-bridge-main\firmware\h743_tof_usb_bridge_cubeide\build\Release\obj\USB_DEVICE\App\usbd_cdc_if.o
 .text.CDC_Init_FS
                0x08006f8c       0x24 C:\Users\HCRXc\Desktop\stm32h743-4tof-safety-bridge-main\firmware\h743_tof_usb_bridge_cubeide\build\Release\obj\USB_DEVICE\App\usbd_cdc_if.o
 .text.CDC_Transmit_FS
                0x08006fb0       0x34 C:\Users\HCRXc\Desktop\stm32h743-4tof-safety-bridge-main\firmware\h743_tof_usb_bridge_cubeide\build\Release\obj\USB_DEVICE\App\usbd_cdc_if.o
                0x08006fb0                CDC_Transmit_FS
 .text.USB_printf
                0x08006fe4       0x78 C:\Users\HCRXc\Desktop\stm32h743-4tof-safety-bridge-main\firmware\h743_tof_usb_bridge_cubeide\build\Release\obj\USB_DEVICE\App\usbd_cdc_if.o
                0x08006fe4                USB_printf
 .text.USBD_FS_DeviceDescriptor
                0x0800705c        0xc C:\Users\HCRXc\Desktop\stm32h743-4tof-safety-bridge-main\firmware\h743_tof_usb_bridge_cubeide\build\Release\obj\USB_DEVICE\App\usbd_desc.o
                0x0800705c                USBD_FS_DeviceDescriptor
 .text.USBD_FS_LangIDStrDescriptor
                0x08007068        0xc C:\Users\HCRXc\Desktop\stm32h743-4tof-safety-bridge-main\firmware\h743_tof_usb_bridge_cubeide\build\Release\obj\USB_DEVICE\App\usbd_desc.o
                0x08007068                USBD_FS_LangIDStrDescriptor
 .text.IntToUnicode
                0x08007074       0x2a C:\Users\HCRXc\Desktop\stm32h743-4tof-safety-bridge-main\firmware\h743_tof_usb_bridge_cubeide\build\Release\obj\USB_DEVICE\App\usbd_desc.o
 *fill*         0x0800709e        0x2 
 .text.USBD_FS_SerialStrDescriptor
                0x080070a0       0x3c C:\Users\HCRXc\Desktop\stm32h743-4tof-safety-bridge-main\firmware\h743_tof_usb_bridge_cubeide\build\Release\obj\USB_DEVICE\App\usbd_desc.o
                0x080070a0                USBD_FS_SerialStrDescriptor
 .text.USBD_FS_ManufacturerStrDescriptor
                0x080070dc       0x18 C:\Users\HCRXc\Desktop\stm32h743-4tof-safety-bridge-main\firmware\h743_tof_usb_bridge_cubeide\build\Release\obj\USB_DEVICE\App\usbd_desc.o
                0x080070dc                USBD_FS_ManufacturerStrDescriptor
 .text.USBD_FS_ProductStrDescriptor
                0x080070f4       0x18 C:\Users\HCRXc\Desktop\stm32h743-4tof-safety-bridge-main\firmware\h743_tof_usb_bridge_cubeide\build\Release\obj\USB_DEVICE\App\usbd_desc.o
                0x080070f4                USBD_FS_ProductStrDescriptor
 .text.USBD_FS_ConfigStrDescriptor
                0x0800710c       0x18 C:\Users\HCRXc\Desktop\stm32h743-4tof-safety-bridge-main\firmware\h743_tof_usb_bridge_cubeide\build\Release\obj\USB_DEVICE\App\usbd_desc.o
                0x0800710c                USBD_FS_ConfigStrDescriptor
 .text.USBD_FS_InterfaceStrDescriptor
                0x08007124       0x18 C:\Users\HCRXc\Desktop\stm32h743-4tof-safety-bridge-main\firmware\h743_tof_usb_bridge_cubeide\build\Release\obj\USB_DEVICE\App\usbd_desc.o
                0x08007124                USBD_FS_InterfaceStrDescriptor
 .text.HAL_PCD_MspInit
                0x0800713c       0xb0 C:\Users\HCRXc\Desktop\stm32h743-4tof-safety-bridge-main\firmware\h743_tof_usb_bridge_cubeide\build\Release\obj\USB_DEVICE\Target\usbd_conf.o
                0x0800713c                HAL_PCD_MspInit
 .text.HAL_PCD_SetupStageCallback
                0x080071ec        0xc C:\Users\HCRXc\Desktop\stm32h743-4tof-safety-bridge-main\firmware\h743_tof_usb_bridge_cubeide\build\Release\obj\USB_DEVICE\Target\usbd_conf.o
                0x080071ec                HAL_PCD_SetupStageCallback
 .text.HAL_PCD_DataOutStageCallback
                0x080071f8       0x12 C:\Users\HCRXc\Desktop\stm32h743-4tof-safety-bridge-main\firmware\h743_tof_usb_bridge_cubeide\build\Release\obj\USB_DEVICE\Target\usbd_conf.o
                0x080071f8                HAL_PCD_DataOutStageCallback
 .text.HAL_PCD_DataInStageCallback
                0x0800720a       0x10 C:\Users\HCRXc\Desktop\stm32h743-4tof-safety-bridge-main\firmware\h743_tof_usb_bridge_cubeide\build\Release\obj\USB_DEVICE\Target\usbd_conf.o
                0x0800720a                HAL_PCD_DataInStageCallback
 .text.HAL_PCD_SOFCallback
                0x0800721a        0x8 C:\Users\HCRXc\Desktop\stm32h743-4tof-safety-bridge-main\firmware\h743_tof_usb_bridge_cubeide\build\Release\obj\USB_DEVICE\Target\usbd_conf.o
                0x0800721a                HAL_PCD_SOFCallback
 .text.HAL_PCD_ResetCallback
                0x08007222       0x26 C:\Users\HCRXc\Desktop\stm32h743-4tof-safety-bridge-main\firmware\h743_tof_usb_bridge_cubeide\build\Release\obj\USB_DEVICE\Target\usbd_conf.o
                0x08007222                HAL_PCD_ResetCallback
 .text.HAL_PCD_SuspendCallback
                0x08007248       0x30 C:\Users\HCRXc\Desktop\stm32h743-4tof-safety-bridge-main\firmware\h743_tof_usb_bridge_cubeide\build\Release\obj\USB_DEVICE\Target\usbd_conf.o
                0x08007248                HAL_PCD_SuspendCallback
 .text.HAL_PCD_ResumeCallback
                0x08007278        0x8 C:\Users\HCRXc\Desktop\stm32h743-4tof-safety-bridge-main\firmware\h743_tof_usb_bridge_cubeide\build\Release\obj\USB_DEVICE\Target\usbd_conf.o
                0x08007278                HAL_PCD_ResumeCallback
 .text.HAL_PCD_ISOOUTIncompleteCallback
                0x08007280        0x8 C:\Users\HCRXc\Desktop\stm32h743-4tof-safety-bridge-main\firmware\h743_tof_usb_bridge_cubeide\build\Release\obj\USB_DEVICE\Target\usbd_conf.o
                0x08007280                HAL_PCD_ISOOUTIncompleteCallback
 .text.HAL_PCD_ISOINIncompleteCallback
                0x08007288        0x8 C:\Users\HCRXc\Desktop\stm32h743-4tof-safety-bridge-main\firmware\h743_tof_usb_bridge_cubeide\build\Release\obj\USB_DEVICE\Target\usbd_conf.o
                0x08007288                HAL_PCD_ISOINIncompleteCallback
 .text.HAL_PCD_ConnectCallback
                0x08007290        0x8 C:\Users\HCRXc\Desktop\stm32h743-4tof-safety-bridge-main\firmware\h743_tof_usb_bridge_cubeide\build\Release\obj\USB_DEVICE\Target\usbd_conf.o
                0x08007290                HAL_PCD_ConnectCallback
 .text.HAL_PCD_DisconnectCallback
                0x08007298        0x8 C:\Users\HCRXc\Desktop\stm32h743-4tof-safety-bridge-main\firmware\h743_tof_usb_bridge_cubeide\build\Release\obj\USB_DEVICE\Target\usbd_conf.o
                0x08007298                HAL_PCD_DisconnectCallback
 .text.USBD_LL_Init
                0x080072a0       0x5c C:\Users\HCRXc\Desktop\stm32h743-4tof-safety-bridge-main\firmware\h743_tof_usb_bridge_cubeide\build\Release\obj\USB_DEVICE\Target\usbd_conf.o
                0x080072a0                USBD_LL_Init
 .text.USBD_LL_IsStallEP
                0x080072fc       0x24 C:\Users\HCRXc\Desktop\stm32h743-4tof-safety-bridge-main\firmware\h743_tof_usb_bridge_cubeide\build\Release\obj\USB_DEVICE\Target\usbd_conf.o
                0x080072fc                USBD_LL_IsStallEP
 .text.USBD_LL_GetRxDataSize
                0x08007320        0x8 C:\Users\HCRXc\Desktop\stm32h743-4tof-safety-bridge-main\firmware\h743_tof_usb_bridge_cubeide\build\Release\obj\USB_DEVICE\Target\usbd_conf.o
                0x08007320                USBD_LL_GetRxDataSize
 .text.USBD_static_malloc
                0x08007328        0x8 C:\Users\HCRXc\Desktop\stm32h743-4tof-safety-bridge-main\firmware\h743_tof_usb_bridge_cubeide\build\Release\obj\USB_DEVICE\Target\usbd_conf.o
                0x08007328                USBD_static_malloc
 .text.USBD_static_free
                0x08007330        0x2 C:\Users\HCRXc\Desktop\stm32h743-4tof-safety-bridge-main\firmware\h743_tof_usb_bridge_cubeide\build\Release\obj\USB_DEVICE\Target\usbd_conf.o
                0x08007330                USBD_static_free
 .text.USBD_Get_USB_Status
                0x08007332        0xc C:\Users\HCRXc\Desktop\stm32h743-4tof-safety-bridge-main\firmware\h743_tof_usb_bridge_cubeide\build\Release\obj\USB_DEVICE\Target\usbd_conf.o
                0x08007332                USBD_Get_USB_Status
 .text.USBD_LL_Start
                0x0800733e       0x12 C:\Users\HCRXc\Desktop\stm32h743-4tof-safety-bridge-main\firmware\h743_tof_usb_bridge_cubeide\build\Release\obj\USB_DEVICE\Target\usbd_conf.o
                0x0800733e                USBD_LL_Start
 .text.USBD_LL_OpenEP
                0x08007350       0x18 C:\Users\HCRXc\Desktop\stm32h743-4tof-safety-bridge-main\firmware\h743_tof_usb_bridge_cubeide\build\Release\obj\USB_DEVICE\Target\usbd_conf.o
                0x08007350                USBD_LL_OpenEP
 .text.USBD_LL_CloseEP
                0x08007368       0x12 C:\Users\HCRXc\Desktop\stm32h743-4tof-safety-bridge-main\firmware\h743_tof_usb_bridge_cubeide\build\Release\obj\USB_DEVICE\Target\usbd_conf.o
                0x08007368                USBD_LL_CloseEP
 .text.USBD_LL_StallEP
                0x0800737a       0x12 C:\Users\HCRXc\Desktop\stm32h743-4tof-safety-bridge-main\firmware\h743_tof_usb_bridge_cubeide\build\Release\obj\USB_DEVICE\Target\usbd_conf.o
                0x0800737a                USBD_LL_StallEP
 .text.USBD_LL_ClearStallEP
                0x0800738c       0x12 C:\Users\HCRXc\Desktop\stm32h743-4tof-safety-bridge-main\firmware\h743_tof_usb_bridge_cubeide\build\Release\obj\USB_DEVICE\Target\usbd_conf.o
                0x0800738c                USBD_LL_ClearStallEP
 .text.USBD_LL_SetUSBAddress
                0x0800739e       0x12 C:\Users\HCRXc\Desktop\stm32h743-4tof-safety-bridge-main\firmware\h743_tof_usb_bridge_cubeide\build\Release\obj\USB_DEVICE\Target\usbd_conf.o
                0x0800739e                USBD_LL_SetUSBAddress
 .text.USBD_LL_Transmit
                0x080073b0       0x12 C:\Users\HCRXc\Desktop\stm32h743-4tof-safety-bridge-main\firmware\h743_tof_usb_bridge_cubeide\build\Release\obj\USB_DEVICE\Target\usbd_conf.o
                0x080073b0                USBD_LL_Transmit
 .text.USBD_LL_PrepareReceive
                0x080073c2       0x12 C:\Users\HCRXc\Desktop\stm32h743-4tof-safety-bridge-main\firmware\h743_tof_usb_bridge_cubeide\build\Release\obj\USB_DEVICE\Target\usbd_conf.o
                0x080073c2                USBD_LL_PrepareReceive
 .text.sulp     0x080073d4       0x34 D:/STM32CubeIDE_2.1.0/STM32CubeIDE/plugins/com.st.stm32cube.ide.mcu.externaltools.gnu-tools-for-stm32.14.3.rel1.win32_1.0.100.202602081740/tools/bin/../lib/gcc/arm-none-eabi/14.2.1/thumb/v7e-m+dp/hard\libc_nano.a(libc_a-strtod.o)
 .text._strtod_l
                0x08007408      0xb34 D:/STM32CubeIDE_2.1.0/STM32CubeIDE/plugins/com.st.stm32cube.ide.mcu.externaltools.gnu-tools-for-stm32.14.3.rel1.win32_1.0.100.202602081740/tools/bin/../lib/gcc/arm-none-eabi/14.2.1/thumb/v7e-m+dp/hard\libc_nano.a(libc_a-strtod.o)
                0x08007408                _strtod_l
 *fill*         0x08007f3c        0x4 
 .text.strtof   0x08007f40       0x9c D:/STM32CubeIDE_2.1.0/STM32CubeIDE/plugins/com.st.stm32cube.ide.mcu.externaltools.gnu-tools-for-stm32.14.3.rel1.win32_1.0.100.202602081740/tools/bin/../lib/gcc/arm-none-eabi/14.2.1/thumb/v7e-m+dp/hard\libc_nano.a(libc_a-strtod.o)
                0x08007f40                strtof
 .text._strtoul_l.isra.0
                0x08007fdc       0xdc D:/STM32CubeIDE_2.1.0/STM32CubeIDE/plugins/com.st.stm32cube.ide.mcu.externaltools.gnu-tools-for-stm32.14.3.rel1.win32_1.0.100.202602081740/tools/bin/../lib/gcc/arm-none-eabi/14.2.1/thumb/v7e-m+dp/hard\libc_nano.a(libc_a-strtoul.o)
 .text._strtoul_r
                0x080080b8        0x4 D:/STM32CubeIDE_2.1.0/STM32CubeIDE/plugins/com.st.stm32cube.ide.mcu.externaltools.gnu-tools-for-stm32.14.3.rel1.win32_1.0.100.202602081740/tools/bin/../lib/gcc/arm-none-eabi/14.2.1/thumb/v7e-m+dp/hard\libc_nano.a(libc_a-strtoul.o)
                0x080080b8                _strtoul_r
 .text.strtoul  0x080080bc       0x14 D:/STM32CubeIDE_2.1.0/STM32CubeIDE/plugins/com.st.stm32cube.ide.mcu.externaltools.gnu-tools-for-stm32.14.3.rel1.win32_1.0.100.202602081740/tools/bin/../lib/gcc/arm-none-eabi/14.2.1/thumb/v7e-m+dp/hard\libc_nano.a(libc_a-strtoul.o)
                0x080080bc                strtoul
 .text.std      0x080080d0       0x6c D:/STM32CubeIDE_2.1.0/STM32CubeIDE/plugins/com.st.stm32cube.ide.mcu.externaltools.gnu-tools-for-stm32.14.3.rel1.win32_1.0.100.202602081740/tools/bin/../lib/gcc/arm-none-eabi/14.2.1/thumb/v7e-m+dp/hard\libc_nano.a(libc_a-findfp.o)
 .text.stdio_exit_handler
                0x0800813c       0x18 D:/STM32CubeIDE_2.1.0/STM32CubeIDE/plugins/com.st.stm32cube.ide.mcu.externaltools.gnu-tools-for-stm32.14.3.rel1.win32_1.0.100.202602081740/tools/bin/../lib/gcc/arm-none-eabi/14.2.1/thumb/v7e-m+dp/hard\libc_nano.a(libc_a-findfp.o)
 .text.cleanup_stdio
                0x08008154       0x40 D:/STM32CubeIDE_2.1.0/STM32CubeIDE/plugins/com.st.stm32cube.ide.mcu.externaltools.gnu-tools-for-stm32.14.3.rel1.win32_1.0.100.202602081740/tools/bin/../lib/gcc/arm-none-eabi/14.2.1/thumb/v7e-m+dp/hard\libc_nano.a(libc_a-findfp.o)
 .text.global_stdio_init.part.0
                0x08008194       0x40 D:/STM32CubeIDE_2.1.0/STM32CubeIDE/plugins/com.st.stm32cube.ide.mcu.externaltools.gnu-tools-for-stm32.14.3.rel1.win32_1.0.100.202602081740/tools/bin/../lib/gcc/arm-none-eabi/14.2.1/thumb/v7e-m+dp/hard\libc_nano.a(libc_a-findfp.o)
 .text.__sfp_lock_acquire
                0x080081d4        0xc D:/STM32CubeIDE_2.1.0/STM32CubeIDE/plugins/com.st.stm32cube.ide.mcu.externaltools.gnu-tools-for-stm32.14.3.rel1.win32_1.0.100.202602081740/tools/bin/../lib/gcc/arm-none-eabi/14.2.1/thumb/v7e-m+dp/hard\libc_nano.a(libc_a-findfp.o)
                0x080081d4                __sfp_lock_acquire
 .text.__sfp_lock_release
                0x080081e0        0xc D:/STM32CubeIDE_2.1.0/STM32CubeIDE/plugins/com.st.stm32cube.ide.mcu.externaltools.gnu-tools-for-stm32.14.3.rel1.win32_1.0.100.202602081740/tools/bin/../lib/gcc/arm-none-eabi/14.2.1/thumb/v7e-m+dp/hard\libc_nano.a(libc_a-findfp.o)
                0x080081e0                __sfp_lock_release
 .text.__sinit  0x080081ec       0x30 D:/STM32CubeIDE_2.1.0/STM32CubeIDE/plugins/com.st.stm32cube.ide.mcu.externaltools.gnu-tools-for-stm32.14.3.rel1.win32_1.0.100.202602081740/tools/bin/../lib/gcc/arm-none-eabi/14.2.1/thumb/v7e-m+dp/hard\libc_nano.a(libc_a-findfp.o)
                0x080081ec                __sinit
 .text._fwalk_sglue
                0x0800821c       0x3c D:/STM32CubeIDE_2.1.0/STM32CubeIDE/plugins/com.st.stm32cube.ide.mcu.externaltools.gnu-tools-for-stm32.14.3.rel1.win32_1.0.100.202602081740/tools/bin/../lib/gcc/arm-none-eabi/14.2.1/thumb/v7e-m+dp/hard\libc_nano.a(libc_a-fwalk.o)
                0x0800821c                _fwalk_sglue
 .text.snprintf
                0x08008258       0x6c D:/STM32CubeIDE_2.1.0/STM32CubeIDE/plugins/com.st.stm32cube.ide.mcu.externaltools.gnu-tools-for-stm32.14.3.rel1.win32_1.0.100.202602081740/tools/bin/../lib/gcc/arm-none-eabi/14.2.1/thumb/v7e-m+dp/hard\libc_nano.a(libc_a-snprintf.o)
                0x08008258                sniprintf
                0x08008258                snprintf
 .text.sscanf   0x080082c4       0x58 D:/STM32CubeIDE_2.1.0/STM32CubeIDE/plugins/com.st.stm32cube.ide.mcu.externaltools.gnu-tools-for-stm32.14.3.rel1.win32_1.0.100.202602081740/tools/bin/../lib/gcc/arm-none-eabi/14.2.1/thumb/v7e-m+dp/hard\libc_nano.a(libc_a-sscanf.o)
                0x080082c4                siscanf
                0x080082c4                sscanf
 .text.__sread  0x0800831c       0x22 D:/STM32CubeIDE_2.1.0/STM32CubeIDE/plugins/com.st.stm32cube.ide.mcu.externaltools.gnu-tools-for-stm32.14.3.rel1.win32_1.0.100.202602081740/tools/bin/../lib/gcc/arm-none-eabi/14.2.1/thumb/v7e-m+dp/hard\libc_nano.a(libc_a-stdio.o)
                0x0800831c                __sread
 .text.__seofread
                0x0800833e        0x4 D:/STM32CubeIDE_2.1.0/STM32CubeIDE/plugins/com.st.stm32cube.ide.mcu.externaltools.gnu-tools-for-stm32.14.3.rel1.win32_1.0.100.202602081740/tools/bin/../lib/gcc/arm-none-eabi/14.2.1/thumb/v7e-m+dp/hard\libc_nano.a(libc_a-stdio.o)
                0x0800833e                __seofread
 .text.__swrite